Archive member included because of file (symbol)

/home/gretchen/pebble-dev/PebbleSDK-2.0.1/Pebble/lib/libpebble.a(tmpziGGmipebble.o)
                              src/PebbleQRShare.c.9.o (app_event_loop)
/home/gretchen/pebble-dev/PebbleSDK-2.0.1/arm-cs-tools/bin/../lib/gcc/arm-none-eabi/4.7.2/../../../../arm-none-eabi/lib/thumb2/libc.a(lib_a-errno.o)
                              src/mask.c.9.o (__errno)
/home/gretchen/pebble-dev/PebbleSDK-2.0.1/arm-cs-tools/bin/../lib/gcc/arm-none-eabi/4.7.2/../../../../arm-none-eabi/lib/thumb2/libc.a(lib_a-impure.o)
                              /home/gretchen/pebble-dev/PebbleSDK-2.0.1/arm-cs-tools/bin/../lib/gcc/arm-none-eabi/4.7.2/../../../../arm-none-eabi/lib/thumb2/libc.a(lib_a-errno.o) (_impure_ptr)

Allocating common symbols
Common symbol       size              file

bounds              0x8               src/PebbleQRShare.c.9.o
code                0x4               src/PebbleQRShare.c.9.o

Discarded input sections

 .text          0x0000000000000000        0x0 /home/gretchen/pebble-dev/PebbleSDK-2.0.1/arm-cs-tools/bin/../lib/gcc/arm-none-eabi/4.7.2/thumb2/crti.o
 .bss           0x0000000000000000        0x0 /home/gretchen/pebble-dev/PebbleSDK-2.0.1/arm-cs-tools/bin/../lib/gcc/arm-none-eabi/4.7.2/thumb2/crti.o
 .init          0x0000000000000000        0x4 /home/gretchen/pebble-dev/PebbleSDK-2.0.1/arm-cs-tools/bin/../lib/gcc/arm-none-eabi/4.7.2/thumb2/crti.o
 .fini          0x0000000000000000        0x4 /home/gretchen/pebble-dev/PebbleSDK-2.0.1/arm-cs-tools/bin/../lib/gcc/arm-none-eabi/4.7.2/thumb2/crti.o
 .text          0x0000000000000000       0xc8 /home/gretchen/pebble-dev/PebbleSDK-2.0.1/arm-cs-tools/bin/../lib/gcc/arm-none-eabi/4.7.2/thumb2/crtbegin.o
 .bss           0x0000000000000000       0x1c /home/gretchen/pebble-dev/PebbleSDK-2.0.1/arm-cs-tools/bin/../lib/gcc/arm-none-eabi/4.7.2/thumb2/crtbegin.o
 .init_array    0x0000000000000000        0x4 /home/gretchen/pebble-dev/PebbleSDK-2.0.1/arm-cs-tools/bin/../lib/gcc/arm-none-eabi/4.7.2/thumb2/crtbegin.o
 .fini_array    0x0000000000000000        0x4 /home/gretchen/pebble-dev/PebbleSDK-2.0.1/arm-cs-tools/bin/../lib/gcc/arm-none-eabi/4.7.2/thumb2/crtbegin.o
 .eh_frame      0x0000000000000000        0x0 /home/gretchen/pebble-dev/PebbleSDK-2.0.1/arm-cs-tools/bin/../lib/gcc/arm-none-eabi/4.7.2/thumb2/crtbegin.o
 .jcr           0x0000000000000000        0x0 /home/gretchen/pebble-dev/PebbleSDK-2.0.1/arm-cs-tools/bin/../lib/gcc/arm-none-eabi/4.7.2/thumb2/crtbegin.o
 .tm_clone_table
                0x0000000000000000        0x0 /home/gretchen/pebble-dev/PebbleSDK-2.0.1/arm-cs-tools/bin/../lib/gcc/arm-none-eabi/4.7.2/thumb2/crtbegin.o
 .text          0x0000000000000000        0x0 src/PebbleQRShare.c.9.o
 .bss           0x0000000000000000        0x0 src/PebbleQRShare.c.9.o
 .text.getStrLen
                0x0000000000000000        0xa src/PebbleQRShare.c.9.o
 .text          0x0000000000000000        0x0 src/bitstream.c.9.o
 .bss           0x0000000000000000        0x0 src/bitstream.c.9.o
 .text          0x0000000000000000        0x0 src/mask.c.9.o
 .bss           0x0000000000000000        0x0 src/mask.c.9.o
 .text          0x0000000000000000        0x0 src/mmask.c.9.o
 .bss           0x0000000000000000        0x0 src/mmask.c.9.o
 .text          0x0000000000000000        0x0 src/mqrspec.c.9.o
 .bss           0x0000000000000000        0x0 src/mqrspec.c.9.o
 .text.MQRspec_maximumWords
                0x0000000000000000       0x24 src/mqrspec.c.9.o
 .text.MQRspec_clearCache
                0x0000000000000000       0x20 src/mqrspec.c.9.o
 .text          0x0000000000000000        0x0 src/qrencode.c.9.o
 .bss           0x0000000000000000        0x0 src/qrencode.c.9.o
 .text.QRcode_encodeStringReal
                0x0000000000000000       0x6a src/qrencode.c.9.o
 .text.QRcode_encodeString
                0x0000000000000000       0x10 src/qrencode.c.9.o
 .text.QRcode_encodeStringMQR
                0x0000000000000000       0x10 src/qrencode.c.9.o
 .text.QRcode_encodeString8bit
                0x0000000000000000       0x2c src/qrencode.c.9.o
 .text.QRcode_encodeDataMQR
                0x0000000000000000       0x12 src/qrencode.c.9.o
 .text.QRcode_encodeString8bitMQR
                0x0000000000000000       0x2c src/qrencode.c.9.o
 .text.QRcode_List_free
                0x0000000000000000       0x1c src/qrencode.c.9.o
 .text.QRcode_List_size
                0x0000000000000000       0x10 src/qrencode.c.9.o
 .text.QRcode_encodeInputStructured
                0x0000000000000000       0x4c src/qrencode.c.9.o
 .text.QRcode_encodeDataStructuredReal
                0x0000000000000000       0x8a src/qrencode.c.9.o
 .text.QRcode_encodeDataStructured
                0x0000000000000000       0x18 src/qrencode.c.9.o
 .text.QRcode_encodeString8bitStructured
                0x0000000000000000       0x28 src/qrencode.c.9.o
 .text.QRcode_encodeStringStructured
                0x0000000000000000       0x36 src/qrencode.c.9.o
 .text.QRcode_APIVersion
                0x0000000000000000       0x14 src/qrencode.c.9.o
 .text.QRcode_APIVersionString
                0x0000000000000000        0xc src/qrencode.c.9.o
 .text.QRcode_clearCache
                0x0000000000000000       0x12 src/qrencode.c.9.o
 .rodata.str1.1
                0x0000000000000000        0x6 src/qrencode.c.9.o
 .text          0x0000000000000000        0x0 src/qrinput.c.9.o
 .bss           0x0000000000000000        0x0 src/qrinput.c.9.o
 .text.QRinput_calcParity
                0x0000000000000000       0x26 src/qrinput.c.9.o
 .text.QRinput_new
                0x0000000000000000        0x8 src/qrinput.c.9.o
 .text.QRinput_getVersion
                0x0000000000000000        0x4 src/qrinput.c.9.o
 .text.QRinput_getErrorCorrectionLevel
                0x0000000000000000        0x4 src/qrinput.c.9.o
 .text.QRinput_setErrorCorrectionLevel
                0x0000000000000000       0x1e src/qrinput.c.9.o
 .text.QRinput_setVersionAndErrorCorrectionLevel
                0x0000000000000000       0x3a src/qrinput.c.9.o
 .text.QRinput_dup
                0x0000000000000000       0x78 src/qrinput.c.9.o
 .text.QRinput_estimateBitsMode8
                0x0000000000000000        0x4 src/qrinput.c.9.o
 .text.QRinput_estimateBitsModeKanji
                0x0000000000000000        0xc src/qrinput.c.9.o
 .text.QRinput_insertStructuredAppendHeader
                0x0000000000000000       0x44 src/qrinput.c.9.o
 .text.QRinput_appendECIheader
                0x0000000000000000       0x40 src/qrinput.c.9.o
 .text.QRinput_lengthOfCode
                0x0000000000000000       0x82 src/qrinput.c.9.o
 .text.QRinput_Struct_new
                0x0000000000000000       0x1a src/qrinput.c.9.o
 .text.QRinput_Struct_setParity
                0x0000000000000000        0x4 src/qrinput.c.9.o
 .text.QRinput_Struct_appendInput
                0x0000000000000000       0x3c src/qrinput.c.9.o
 .text.QRinput_Struct_free
                0x0000000000000000       0x2a src/qrinput.c.9.o
 .text.QRinput_splitEntry
                0x0000000000000000       0x4c src/qrinput.c.9.o
 .text.QRinput_Struct_insertStructuredAppendHeaders
                0x0000000000000000       0x56 src/qrinput.c.9.o
 .text.QRinput_splitQRinputToStruct
                0x0000000000000000      0x144 src/qrinput.c.9.o
 .text.QRinput_setFNC1First
                0x0000000000000000       0x1c src/qrinput.c.9.o
 .text.QRinput_setFNC1Second
                0x0000000000000000       0x1e src/qrinput.c.9.o
 .text          0x0000000000000000        0x0 src/qrspec.c.9.o
 .bss           0x0000000000000000        0x0 src/qrspec.c.9.o
 .text.QRspec_getECCLength
                0x0000000000000000       0x18 src/qrspec.c.9.o
 .text.QRspec_clearCache
                0x0000000000000000       0x20 src/qrspec.c.9.o
 .text          0x0000000000000000        0x0 src/rscode.c.9.o
 .bss           0x0000000000000000        0x0 src/rscode.c.9.o
 .text.free_rs_char
                0x0000000000000000       0x20 src/rscode.c.9.o
 .text.free_rs_cache
                0x0000000000000000       0x28 src/rscode.c.9.o
 .text          0x0000000000000000        0x0 src/split.c.9.o
 .bss           0x0000000000000000        0x0 src/split.c.9.o
 .text.Split_identifyMode
                0x0000000000000000       0x68 src/split.c.9.o
 .text.Split_eat8
                0x0000000000000000      0x128 src/split.c.9.o
 .text.Split_eatAn
                0x0000000000000000      0x108 src/split.c.9.o
 .text.Split_splitString
                0x0000000000000000       0xfc src/split.c.9.o
 .text.strdup   0x0000000000000000       0x20 src/split.c.9.o
 .text.Split_splitStringToQRinput
                0x0000000000000000       0x72 src/split.c.9.o
 .text          0x0000000000000000        0x0 appinfo.auto.c.9.o
 .bss           0x0000000000000000        0x0 appinfo.auto.c.9.o
 .bss           0x0000000000000000        0x0 /home/gretchen/pebble-dev/PebbleSDK-2.0.1/Pebble/lib/libpebble.a(tmpziGGmipebble.o)
 .text.accel_data_service_subscribe__deprecated
                0x0000000000000000        0xc /home/gretchen/pebble-dev/PebbleSDK-2.0.1/Pebble/lib/libpebble.a(tmpziGGmipebble.o)
 .text.accel_data_service_unsubscribe
                0x0000000000000000        0xc /home/gretchen/pebble-dev/PebbleSDK-2.0.1/Pebble/lib/libpebble.a(tmpziGGmipebble.o)
 .text.accel_service_peek
                0x0000000000000000        0xc /home/gretchen/pebble-dev/PebbleSDK-2.0.1/Pebble/lib/libpebble.a(tmpziGGmipebble.o)
 .text.accel_service_set_samples_per_update
                0x0000000000000000        0xc /home/gretchen/pebble-dev/PebbleSDK-2.0.1/Pebble/lib/libpebble.a(tmpziGGmipebble.o)
 .text.accel_service_set_sampling_rate
                0x0000000000000000        0xc /home/gretchen/pebble-dev/PebbleSDK-2.0.1/Pebble/lib/libpebble.a(tmpziGGmipebble.o)
 .text.accel_tap_service_subscribe
                0x0000000000000000        0xc /home/gretchen/pebble-dev/PebbleSDK-2.0.1/Pebble/lib/libpebble.a(tmpziGGmipebble.o)
 .text.accel_tap_service_unsubscribe
                0x0000000000000000        0xc /home/gretchen/pebble-dev/PebbleSDK-2.0.1/Pebble/lib/libpebble.a(tmpziGGmipebble.o)
 .text.action_bar_layer_add_to_window
                0x0000000000000000        0xc /home/gretchen/pebble-dev/PebbleSDK-2.0.1/Pebble/lib/libpebble.a(tmpziGGmipebble.o)
 .text.action_bar_layer_clear_icon
                0x0000000000000000        0xc /home/gretchen/pebble-dev/PebbleSDK-2.0.1/Pebble/lib/libpebble.a(tmpziGGmipebble.o)
 .text.action_bar_layer_create
                0x0000000000000000        0xc /home/gretchen/pebble-dev/PebbleSDK-2.0.1/Pebble/lib/libpebble.a(tmpziGGmipebble.o)
 .text.action_bar_layer_destroy
                0x0000000000000000        0xc /home/gretchen/pebble-dev/PebbleSDK-2.0.1/Pebble/lib/libpebble.a(tmpziGGmipebble.o)
 .text.action_bar_layer_get_layer
                0x0000000000000000        0xc /home/gretchen/pebble-dev/PebbleSDK-2.0.1/Pebble/lib/libpebble.a(tmpziGGmipebble.o)
 .text.action_bar_layer_remove_from_window
                0x0000000000000000        0xc /home/gretchen/pebble-dev/PebbleSDK-2.0.1/Pebble/lib/libpebble.a(tmpziGGmipebble.o)
 .text.action_bar_layer_set_background_color
                0x0000000000000000        0xc /home/gretchen/pebble-dev/PebbleSDK-2.0.1/Pebble/lib/libpebble.a(tmpziGGmipebble.o)
 .text.action_bar_layer_set_click_config_provider
                0x0000000000000000        0xc /home/gretchen/pebble-dev/PebbleSDK-2.0.1/Pebble/lib/libpebble.a(tmpziGGmipebble.o)
 .text.action_bar_layer_set_context
                0x0000000000000000        0xc /home/gretchen/pebble-dev/PebbleSDK-2.0.1/Pebble/lib/libpebble.a(tmpziGGmipebble.o)
 .text.action_bar_layer_set_icon
                0x0000000000000000        0xc /home/gretchen/pebble-dev/PebbleSDK-2.0.1/Pebble/lib/libpebble.a(tmpziGGmipebble.o)
 .text.animation_create
                0x0000000000000000        0xc /home/gretchen/pebble-dev/PebbleSDK-2.0.1/Pebble/lib/libpebble.a(tmpziGGmipebble.o)
 .text.animation_destroy
                0x0000000000000000        0xc /home/gretchen/pebble-dev/PebbleSDK-2.0.1/Pebble/lib/libpebble.a(tmpziGGmipebble.o)
 .text.animation_get_context
                0x0000000000000000        0xc /home/gretchen/pebble-dev/PebbleSDK-2.0.1/Pebble/lib/libpebble.a(tmpziGGmipebble.o)
 .text.animation_is_scheduled
                0x0000000000000000        0xc /home/gretchen/pebble-dev/PebbleSDK-2.0.1/Pebble/lib/libpebble.a(tmpziGGmipebble.o)
 .text.animation_schedule
                0x0000000000000000        0xc /home/gretchen/pebble-dev/PebbleSDK-2.0.1/Pebble/lib/libpebble.a(tmpziGGmipebble.o)
 .text.animation_set_curve
                0x0000000000000000        0xc /home/gretchen/pebble-dev/PebbleSDK-2.0.1/Pebble/lib/libpebble.a(tmpziGGmipebble.o)
 .text.animation_set_delay
                0x0000000000000000        0xc /home/gretchen/pebble-dev/PebbleSDK-2.0.1/Pebble/lib/libpebble.a(tmpziGGmipebble.o)
 .text.animation_set_duration
                0x0000000000000000        0xc /home/gretchen/pebble-dev/PebbleSDK-2.0.1/Pebble/lib/libpebble.a(tmpziGGmipebble.o)
 .text.animation_set_handlers
                0x0000000000000000        0xc /home/gretchen/pebble-dev/PebbleSDK-2.0.1/Pebble/lib/libpebble.a(tmpziGGmipebble.o)
 .text.animation_set_implementation
                0x0000000000000000        0xc /home/gretchen/pebble-dev/PebbleSDK-2.0.1/Pebble/lib/libpebble.a(tmpziGGmipebble.o)
 .text.animation_unschedule
                0x0000000000000000        0xc /home/gretchen/pebble-dev/PebbleSDK-2.0.1/Pebble/lib/libpebble.a(tmpziGGmipebble.o)
 .text.animation_unschedule_all
                0x0000000000000000        0xc /home/gretchen/pebble-dev/PebbleSDK-2.0.1/Pebble/lib/libpebble.a(tmpziGGmipebble.o)
 .text.app_comm_get_sniff_interval
                0x0000000000000000        0xc /home/gretchen/pebble-dev/PebbleSDK-2.0.1/Pebble/lib/libpebble.a(tmpziGGmipebble.o)
 .text.app_comm_set_sniff_interval
                0x0000000000000000        0xc /home/gretchen/pebble-dev/PebbleSDK-2.0.1/Pebble/lib/libpebble.a(tmpziGGmipebble.o)
 .text.app_log  0x0000000000000000        0xc /home/gretchen/pebble-dev/PebbleSDK-2.0.1/Pebble/lib/libpebble.a(tmpziGGmipebble.o)
 .text.app_message_deregister_callbacks
                0x0000000000000000        0xc /home/gretchen/pebble-dev/PebbleSDK-2.0.1/Pebble/lib/libpebble.a(tmpziGGmipebble.o)
 .text.app_message_open
                0x0000000000000000        0xc /home/gretchen/pebble-dev/PebbleSDK-2.0.1/Pebble/lib/libpebble.a(tmpziGGmipebble.o)
 .text.app_sync_deinit
                0x0000000000000000        0xc /home/gretchen/pebble-dev/PebbleSDK-2.0.1/Pebble/lib/libpebble.a(tmpziGGmipebble.o)
 .text.app_sync_get
                0x0000000000000000        0xc /home/gretchen/pebble-dev/PebbleSDK-2.0.1/Pebble/lib/libpebble.a(tmpziGGmipebble.o)
 .text.app_sync_set
                0x0000000000000000        0xc /home/gretchen/pebble-dev/PebbleSDK-2.0.1/Pebble/lib/libpebble.a(tmpziGGmipebble.o)
 .text.app_timer_cancel
                0x0000000000000000        0xc /home/gretchen/pebble-dev/PebbleSDK-2.0.1/Pebble/lib/libpebble.a(tmpziGGmipebble.o)
 .text.app_timer_register
                0x0000000000000000        0xc /home/gretchen/pebble-dev/PebbleSDK-2.0.1/Pebble/lib/libpebble.a(tmpziGGmipebble.o)
 .text.app_timer_reschedule
                0x0000000000000000        0xc /home/gretchen/pebble-dev/PebbleSDK-2.0.1/Pebble/lib/libpebble.a(tmpziGGmipebble.o)
 .text.atan2_lookup
                0x0000000000000000        0xc /home/gretchen/pebble-dev/PebbleSDK-2.0.1/Pebble/lib/libpebble.a(tmpziGGmipebble.o)
 .text.atoi     0x0000000000000000        0xc /home/gretchen/pebble-dev/PebbleSDK-2.0.1/Pebble/lib/libpebble.a(tmpziGGmipebble.o)
 .text.atol     0x0000000000000000        0xc /home/gretchen/pebble-dev/PebbleSDK-2.0.1/Pebble/lib/libpebble.a(tmpziGGmipebble.o)
 .text.battery_state_service_peek
                0x0000000000000000        0xc /home/gretchen/pebble-dev/PebbleSDK-2.0.1/Pebble/lib/libpebble.a(tmpziGGmipebble.o)
 .text.battery_state_service_subscribe
                0x0000000000000000        0xc /home/gretchen/pebble-dev/PebbleSDK-2.0.1/Pebble/lib/libpebble.a(tmpziGGmipebble.o)
 .text.battery_state_service_unsubscribe
                0x0000000000000000        0xc /home/gretchen/pebble-dev/PebbleSDK-2.0.1/Pebble/lib/libpebble.a(tmpziGGmipebble.o)
 .text.bitmap_layer_create
                0x0000000000000000        0xc /home/gretchen/pebble-dev/PebbleSDK-2.0.1/Pebble/lib/libpebble.a(tmpziGGmipebble.o)
 .text.bitmap_layer_destroy
                0x0000000000000000        0xc /home/gretchen/pebble-dev/PebbleSDK-2.0.1/Pebble/lib/libpebble.a(tmpziGGmipebble.o)
 .text.bitmap_layer_get_layer
                0x0000000000000000        0xc /home/gretchen/pebble-dev/PebbleSDK-2.0.1/Pebble/lib/libpebble.a(tmpziGGmipebble.o)
 .text.bitmap_layer_set_alignment
                0x0000000000000000        0xc /home/gretchen/pebble-dev/PebbleSDK-2.0.1/Pebble/lib/libpebble.a(tmpziGGmipebble.o)
 .text.bitmap_layer_set_background_color
                0x0000000000000000        0xc /home/gretchen/pebble-dev/PebbleSDK-2.0.1/Pebble/lib/libpebble.a(tmpziGGmipebble.o)
 .text.bitmap_layer_set_bitmap
                0x0000000000000000        0xc /home/gretchen/pebble-dev/PebbleSDK-2.0.1/Pebble/lib/libpebble.a(tmpziGGmipebble.o)
 .text.bitmap_layer_set_compositing_mode
                0x0000000000000000        0xc /home/gretchen/pebble-dev/PebbleSDK-2.0.1/Pebble/lib/libpebble.a(tmpziGGmipebble.o)
 .text.bluetooth_connection_service_peek
                0x0000000000000000        0xc /home/gretchen/pebble-dev/PebbleSDK-2.0.1/Pebble/lib/libpebble.a(tmpziGGmipebble.o)
 .text.bluetooth_connection_service_subscribe
                0x0000000000000000        0xc /home/gretchen/pebble-dev/PebbleSDK-2.0.1/Pebble/lib/libpebble.a(tmpziGGmipebble.o)
 .text.bluetooth_connection_service_unsubscribe
                0x0000000000000000        0xc /home/gretchen/pebble-dev/PebbleSDK-2.0.1/Pebble/lib/libpebble.a(tmpziGGmipebble.o)
 .text.click_number_of_clicks_counted
                0x0000000000000000        0xc /home/gretchen/pebble-dev/PebbleSDK-2.0.1/Pebble/lib/libpebble.a(tmpziGGmipebble.o)
 .text.click_recognizer_get_button_id
                0x0000000000000000        0xc /home/gretchen/pebble-dev/PebbleSDK-2.0.1/Pebble/lib/libpebble.a(tmpziGGmipebble.o)
 .text.clock_copy_time_string
                0x0000000000000000        0xc /home/gretchen/pebble-dev/PebbleSDK-2.0.1/Pebble/lib/libpebble.a(tmpziGGmipebble.o)
 .text.clock_is_24h_style
                0x0000000000000000        0xc /home/gretchen/pebble-dev/PebbleSDK-2.0.1/Pebble/lib/libpebble.a(tmpziGGmipebble.o)
 .text.cos_lookup
                0x0000000000000000        0xc /home/gretchen/pebble-dev/PebbleSDK-2.0.1/Pebble/lib/libpebble.a(tmpziGGmipebble.o)
 .text.data_logging_create
                0x0000000000000000        0xc /home/gretchen/pebble-dev/PebbleSDK-2.0.1/Pebble/lib/libpebble.a(tmpziGGmipebble.o)
 .text.data_logging_finish
                0x0000000000000000        0xc /home/gretchen/pebble-dev/PebbleSDK-2.0.1/Pebble/lib/libpebble.a(tmpziGGmipebble.o)
 .text.data_logging_log
                0x0000000000000000        0xc /home/gretchen/pebble-dev/PebbleSDK-2.0.1/Pebble/lib/libpebble.a(tmpziGGmipebble.o)
 .text.dict_calc_buffer_size
                0x0000000000000000        0xc /home/gretchen/pebble-dev/PebbleSDK-2.0.1/Pebble/lib/libpebble.a(tmpziGGmipebble.o)
 .text.dict_calc_buffer_size_from_tuplets
                0x0000000000000000        0xc /home/gretchen/pebble-dev/PebbleSDK-2.0.1/Pebble/lib/libpebble.a(tmpziGGmipebble.o)
 .text.dict_find
                0x0000000000000000        0xc /home/gretchen/pebble-dev/PebbleSDK-2.0.1/Pebble/lib/libpebble.a(tmpziGGmipebble.o)
 .text.dict_merge
                0x0000000000000000        0xc /home/gretchen/pebble-dev/PebbleSDK-2.0.1/Pebble/lib/libpebble.a(tmpziGGmipebble.o)
 .text.dict_read_begin_from_buffer
                0x0000000000000000        0xc /home/gretchen/pebble-dev/PebbleSDK-2.0.1/Pebble/lib/libpebble.a(tmpziGGmipebble.o)
 .text.dict_read_first
                0x0000000000000000        0xc /home/gretchen/pebble-dev/PebbleSDK-2.0.1/Pebble/lib/libpebble.a(tmpziGGmipebble.o)
 .text.dict_read_next
                0x0000000000000000        0xc /home/gretchen/pebble-dev/PebbleSDK-2.0.1/Pebble/lib/libpebble.a(tmpziGGmipebble.o)
 .text.dict_serialize_tuplets
                0x0000000000000000        0xc /home/gretchen/pebble-dev/PebbleSDK-2.0.1/Pebble/lib/libpebble.a(tmpziGGmipebble.o)
 .text.dict_serialize_tuplets_to_buffer__deprecated
                0x0000000000000000        0xc /home/gretchen/pebble-dev/PebbleSDK-2.0.1/Pebble/lib/libpebble.a(tmpziGGmipebble.o)
 .text.dict_serialize_tuplets_to_buffer_with_iter
                0x0000000000000000        0xc /home/gretchen/pebble-dev/PebbleSDK-2.0.1/Pebble/lib/libpebble.a(tmpziGGmipebble.o)
 .text.dict_write_begin
                0x0000000000000000        0xc /home/gretchen/pebble-dev/PebbleSDK-2.0.1/Pebble/lib/libpebble.a(tmpziGGmipebble.o)
 .text.dict_write_cstring
                0x0000000000000000        0xc /home/gretchen/pebble-dev/PebbleSDK-2.0.1/Pebble/lib/libpebble.a(tmpziGGmipebble.o)
 .text.dict_write_data
                0x0000000000000000        0xc /home/gretchen/pebble-dev/PebbleSDK-2.0.1/Pebble/lib/libpebble.a(tmpziGGmipebble.o)
 .text.dict_write_end
                0x0000000000000000        0xc /home/gretchen/pebble-dev/PebbleSDK-2.0.1/Pebble/lib/libpebble.a(tmpziGGmipebble.o)
 .text.dict_write_int
                0x0000000000000000        0xc /home/gretchen/pebble-dev/PebbleSDK-2.0.1/Pebble/lib/libpebble.a(tmpziGGmipebble.o)
 .text.dict_write_int16
                0x0000000000000000        0xc /home/gretchen/pebble-dev/PebbleSDK-2.0.1/Pebble/lib/libpebble.a(tmpziGGmipebble.o)
 .text.dict_write_int32
                0x0000000000000000        0xc /home/gretchen/pebble-dev/PebbleSDK-2.0.1/Pebble/lib/libpebble.a(tmpziGGmipebble.o)
 .text.dict_write_int8
                0x0000000000000000        0xc /home/gretchen/pebble-dev/PebbleSDK-2.0.1/Pebble/lib/libpebble.a(tmpziGGmipebble.o)
 .text.dict_write_tuplet
                0x0000000000000000        0xc /home/gretchen/pebble-dev/PebbleSDK-2.0.1/Pebble/lib/libpebble.a(tmpziGGmipebble.o)
 .text.dict_write_uint16
                0x0000000000000000        0xc /home/gretchen/pebble-dev/PebbleSDK-2.0.1/Pebble/lib/libpebble.a(tmpziGGmipebble.o)
 .text.dict_write_uint32
                0x0000000000000000        0xc /home/gretchen/pebble-dev/PebbleSDK-2.0.1/Pebble/lib/libpebble.a(tmpziGGmipebble.o)
 .text.dict_write_uint8
                0x0000000000000000        0xc /home/gretchen/pebble-dev/PebbleSDK-2.0.1/Pebble/lib/libpebble.a(tmpziGGmipebble.o)
 .text.fonts_get_system_font
                0x0000000000000000        0xc /home/gretchen/pebble-dev/PebbleSDK-2.0.1/Pebble/lib/libpebble.a(tmpziGGmipebble.o)
 .text.fonts_load_custom_font
                0x0000000000000000        0xc /home/gretchen/pebble-dev/PebbleSDK-2.0.1/Pebble/lib/libpebble.a(tmpziGGmipebble.o)
 .text.fonts_unload_custom_font
                0x0000000000000000        0xc /home/gretchen/pebble-dev/PebbleSDK-2.0.1/Pebble/lib/libpebble.a(tmpziGGmipebble.o)
 .text.gbitmap_create_as_sub_bitmap
                0x0000000000000000        0xc /home/gretchen/pebble-dev/PebbleSDK-2.0.1/Pebble/lib/libpebble.a(tmpziGGmipebble.o)
 .text.gbitmap_create_with_data
                0x0000000000000000        0xc /home/gretchen/pebble-dev/PebbleSDK-2.0.1/Pebble/lib/libpebble.a(tmpziGGmipebble.o)
 .text.gbitmap_create_with_resource
                0x0000000000000000        0xc /home/gretchen/pebble-dev/PebbleSDK-2.0.1/Pebble/lib/libpebble.a(tmpziGGmipebble.o)
 .text.gbitmap_destroy
                0x0000000000000000        0xc /home/gretchen/pebble-dev/PebbleSDK-2.0.1/Pebble/lib/libpebble.a(tmpziGGmipebble.o)
 .text.gmtime   0x0000000000000000        0xc /home/gretchen/pebble-dev/PebbleSDK-2.0.1/Pebble/lib/libpebble.a(tmpziGGmipebble.o)
 .text.gpath_create
                0x0000000000000000        0xc /home/gretchen/pebble-dev/PebbleSDK-2.0.1/Pebble/lib/libpebble.a(tmpziGGmipebble.o)
 .text.gpath_destroy
                0x0000000000000000        0xc /home/gretchen/pebble-dev/PebbleSDK-2.0.1/Pebble/lib/libpebble.a(tmpziGGmipebble.o)
 .text.gpath_draw_filled
                0x0000000000000000        0xc /home/gretchen/pebble-dev/PebbleSDK-2.0.1/Pebble/lib/libpebble.a(tmpziGGmipebble.o)
 .text.gpath_draw_outline
                0x0000000000000000        0xc /home/gretchen/pebble-dev/PebbleSDK-2.0.1/Pebble/lib/libpebble.a(tmpziGGmipebble.o)
 .text.gpath_move_to
                0x0000000000000000        0xc /home/gretchen/pebble-dev/PebbleSDK-2.0.1/Pebble/lib/libpebble.a(tmpziGGmipebble.o)
 .text.gpath_rotate_to
                0x0000000000000000        0xc /home/gretchen/pebble-dev/PebbleSDK-2.0.1/Pebble/lib/libpebble.a(tmpziGGmipebble.o)
 .text.gpoint_equal
                0x0000000000000000        0xc /home/gretchen/pebble-dev/PebbleSDK-2.0.1/Pebble/lib/libpebble.a(tmpziGGmipebble.o)
 .text.graphics_context_set_compositing_mode
                0x0000000000000000        0xc /home/gretchen/pebble-dev/PebbleSDK-2.0.1/Pebble/lib/libpebble.a(tmpziGGmipebble.o)
 .text.graphics_context_set_stroke_color
                0x0000000000000000        0xc /home/gretchen/pebble-dev/PebbleSDK-2.0.1/Pebble/lib/libpebble.a(tmpziGGmipebble.o)
 .text.graphics_context_set_text_color
                0x0000000000000000        0xc /home/gretchen/pebble-dev/PebbleSDK-2.0.1/Pebble/lib/libpebble.a(tmpziGGmipebble.o)
 .text.graphics_draw_bitmap_in_rect
                0x0000000000000000        0xc /home/gretchen/pebble-dev/PebbleSDK-2.0.1/Pebble/lib/libpebble.a(tmpziGGmipebble.o)
 .text.graphics_draw_circle
                0x0000000000000000        0xc /home/gretchen/pebble-dev/PebbleSDK-2.0.1/Pebble/lib/libpebble.a(tmpziGGmipebble.o)
 .text.graphics_draw_line
                0x0000000000000000        0xc /home/gretchen/pebble-dev/PebbleSDK-2.0.1/Pebble/lib/libpebble.a(tmpziGGmipebble.o)
 .text.graphics_draw_pixel
                0x0000000000000000        0xc /home/gretchen/pebble-dev/PebbleSDK-2.0.1/Pebble/lib/libpebble.a(tmpziGGmipebble.o)
 .text.graphics_draw_rect
                0x0000000000000000        0xc /home/gretchen/pebble-dev/PebbleSDK-2.0.1/Pebble/lib/libpebble.a(tmpziGGmipebble.o)
 .text.graphics_draw_round_rect
                0x0000000000000000        0xc /home/gretchen/pebble-dev/PebbleSDK-2.0.1/Pebble/lib/libpebble.a(tmpziGGmipebble.o)
 .text.graphics_fill_circle
                0x0000000000000000        0xc /home/gretchen/pebble-dev/PebbleSDK-2.0.1/Pebble/lib/libpebble.a(tmpziGGmipebble.o)
 .text.graphics_text_layout_get_max_used_size
                0x0000000000000000        0xc /home/gretchen/pebble-dev/PebbleSDK-2.0.1/Pebble/lib/libpebble.a(tmpziGGmipebble.o)
 .text.grect_align
                0x0000000000000000        0xc /home/gretchen/pebble-dev/PebbleSDK-2.0.1/Pebble/lib/libpebble.a(tmpziGGmipebble.o)
 .text.grect_center_point
                0x0000000000000000        0xc /home/gretchen/pebble-dev/PebbleSDK-2.0.1/Pebble/lib/libpebble.a(tmpziGGmipebble.o)
 .text.grect_clip
                0x0000000000000000        0xc /home/gretchen/pebble-dev/PebbleSDK-2.0.1/Pebble/lib/libpebble.a(tmpziGGmipebble.o)
 .text.grect_contains_point
                0x0000000000000000        0xc /home/gretchen/pebble-dev/PebbleSDK-2.0.1/Pebble/lib/libpebble.a(tmpziGGmipebble.o)
 .text.grect_crop
                0x0000000000000000        0xc /home/gretchen/pebble-dev/PebbleSDK-2.0.1/Pebble/lib/libpebble.a(tmpziGGmipebble.o)
 .text.grect_equal
                0x0000000000000000        0xc /home/gretchen/pebble-dev/PebbleSDK-2.0.1/Pebble/lib/libpebble.a(tmpziGGmipebble.o)
 .text.grect_is_empty
                0x0000000000000000        0xc /home/gretchen/pebble-dev/PebbleSDK-2.0.1/Pebble/lib/libpebble.a(tmpziGGmipebble.o)
 .text.grect_standardize
                0x0000000000000000        0xc /home/gretchen/pebble-dev/PebbleSDK-2.0.1/Pebble/lib/libpebble.a(tmpziGGmipebble.o)
 .text.gsize_equal
                0x0000000000000000        0xc /home/gretchen/pebble-dev/PebbleSDK-2.0.1/Pebble/lib/libpebble.a(tmpziGGmipebble.o)
 .text.inverter_layer_create
                0x0000000000000000        0xc /home/gretchen/pebble-dev/PebbleSDK-2.0.1/Pebble/lib/libpebble.a(tmpziGGmipebble.o)
 .text.inverter_layer_destroy
                0x0000000000000000        0xc /home/gretchen/pebble-dev/PebbleSDK-2.0.1/Pebble/lib/libpebble.a(tmpziGGmipebble.o)
 .text.inverter_layer_get_layer
                0x0000000000000000        0xc /home/gretchen/pebble-dev/PebbleSDK-2.0.1/Pebble/lib/libpebble.a(tmpziGGmipebble.o)
 .text.layer_create
                0x0000000000000000        0xc /home/gretchen/pebble-dev/PebbleSDK-2.0.1/Pebble/lib/libpebble.a(tmpziGGmipebble.o)
 .text.layer_create_with_data
                0x0000000000000000        0xc /home/gretchen/pebble-dev/PebbleSDK-2.0.1/Pebble/lib/libpebble.a(tmpziGGmipebble.o)
 .text.layer_get_clips
                0x0000000000000000        0xc /home/gretchen/pebble-dev/PebbleSDK-2.0.1/Pebble/lib/libpebble.a(tmpziGGmipebble.o)
 .text.layer_get_data
                0x0000000000000000        0xc /home/gretchen/pebble-dev/PebbleSDK-2.0.1/Pebble/lib/libpebble.a(tmpziGGmipebble.o)
 .text.layer_get_frame
                0x0000000000000000        0xc /home/gretchen/pebble-dev/PebbleSDK-2.0.1/Pebble/lib/libpebble.a(tmpziGGmipebble.o)
 .text.layer_get_hidden
                0x0000000000000000        0xc /home/gretchen/pebble-dev/PebbleSDK-2.0.1/Pebble/lib/libpebble.a(tmpziGGmipebble.o)
 .text.layer_get_window
                0x0000000000000000        0xc /home/gretchen/pebble-dev/PebbleSDK-2.0.1/Pebble/lib/libpebble.a(tmpziGGmipebble.o)
 .text.layer_insert_above_sibling
                0x0000000000000000        0xc /home/gretchen/pebble-dev/PebbleSDK-2.0.1/Pebble/lib/libpebble.a(tmpziGGmipebble.o)
 .text.layer_insert_below_sibling
                0x0000000000000000        0xc /home/gretchen/pebble-dev/PebbleSDK-2.0.1/Pebble/lib/libpebble.a(tmpziGGmipebble.o)
 .text.layer_mark_dirty
                0x0000000000000000        0xc /home/gretchen/pebble-dev/PebbleSDK-2.0.1/Pebble/lib/libpebble.a(tmpziGGmipebble.o)
 .text.layer_remove_child_layers
                0x0000000000000000        0xc /home/gretchen/pebble-dev/PebbleSDK-2.0.1/Pebble/lib/libpebble.a(tmpziGGmipebble.o)
 .text.layer_remove_from_parent
                0x0000000000000000        0xc /home/gretchen/pebble-dev/PebbleSDK-2.0.1/Pebble/lib/libpebble.a(tmpziGGmipebble.o)
 .text.layer_set_bounds
                0x0000000000000000        0xc /home/gretchen/pebble-dev/PebbleSDK-2.0.1/Pebble/lib/libpebble.a(tmpziGGmipebble.o)
 .text.layer_set_clips
                0x0000000000000000        0xc /home/gretchen/pebble-dev/PebbleSDK-2.0.1/Pebble/lib/libpebble.a(tmpziGGmipebble.o)
 .text.layer_set_frame
                0x0000000000000000        0xc /home/gretchen/pebble-dev/PebbleSDK-2.0.1/Pebble/lib/libpebble.a(tmpziGGmipebble.o)
 .text.layer_set_hidden
                0x0000000000000000        0xc /home/gretchen/pebble-dev/PebbleSDK-2.0.1/Pebble/lib/libpebble.a(tmpziGGmipebble.o)
 .text.light_enable
                0x0000000000000000        0xc /home/gretchen/pebble-dev/PebbleSDK-2.0.1/Pebble/lib/libpebble.a(tmpziGGmipebble.o)
 .text.light_enable_interaction
                0x0000000000000000        0xc /home/gretchen/pebble-dev/PebbleSDK-2.0.1/Pebble/lib/libpebble.a(tmpziGGmipebble.o)
 .text.localtime
                0x0000000000000000        0xc /home/gretchen/pebble-dev/PebbleSDK-2.0.1/Pebble/lib/libpebble.a(tmpziGGmipebble.o)
 .text.menu_cell_basic_draw
                0x0000000000000000        0xc /home/gretchen/pebble-dev/PebbleSDK-2.0.1/Pebble/lib/libpebble.a(tmpziGGmipebble.o)
 .text.menu_cell_basic_header_draw
                0x0000000000000000        0xc /home/gretchen/pebble-dev/PebbleSDK-2.0.1/Pebble/lib/libpebble.a(tmpziGGmipebble.o)
 .text.menu_cell_title_draw
                0x0000000000000000        0xc /home/gretchen/pebble-dev/PebbleSDK-2.0.1/Pebble/lib/libpebble.a(tmpziGGmipebble.o)
 .text.menu_index_compare
                0x0000000000000000        0xc /home/gretchen/pebble-dev/PebbleSDK-2.0.1/Pebble/lib/libpebble.a(tmpziGGmipebble.o)
 .text.menu_layer_create
                0x0000000000000000        0xc /home/gretchen/pebble-dev/PebbleSDK-2.0.1/Pebble/lib/libpebble.a(tmpziGGmipebble.o)
 .text.menu_layer_destroy
                0x0000000000000000        0xc /home/gretchen/pebble-dev/PebbleSDK-2.0.1/Pebble/lib/libpebble.a(tmpziGGmipebble.o)
 .text.menu_layer_get_layer
                0x0000000000000000        0xc /home/gretchen/pebble-dev/PebbleSDK-2.0.1/Pebble/lib/libpebble.a(tmpziGGmipebble.o)
 .text.menu_layer_get_scroll_layer
                0x0000000000000000        0xc /home/gretchen/pebble-dev/PebbleSDK-2.0.1/Pebble/lib/libpebble.a(tmpziGGmipebble.o)
 .text.menu_layer_get_selected_index
                0x0000000000000000        0xc /home/gretchen/pebble-dev/PebbleSDK-2.0.1/Pebble/lib/libpebble.a(tmpziGGmipebble.o)
 .text.menu_layer_reload_data
                0x0000000000000000        0xc /home/gretchen/pebble-dev/PebbleSDK-2.0.1/Pebble/lib/libpebble.a(tmpziGGmipebble.o)
 .text.menu_layer_set_callbacks
                0x0000000000000000        0xc /home/gretchen/pebble-dev/PebbleSDK-2.0.1/Pebble/lib/libpebble.a(tmpziGGmipebble.o)
 .text.menu_layer_set_click_config_onto_window
                0x0000000000000000        0xc /home/gretchen/pebble-dev/PebbleSDK-2.0.1/Pebble/lib/libpebble.a(tmpziGGmipebble.o)
 .text.menu_layer_set_selected_index
                0x0000000000000000        0xc /home/gretchen/pebble-dev/PebbleSDK-2.0.1/Pebble/lib/libpebble.a(tmpziGGmipebble.o)
 .text.menu_layer_set_selected_next
                0x0000000000000000        0xc /home/gretchen/pebble-dev/PebbleSDK-2.0.1/Pebble/lib/libpebble.a(tmpziGGmipebble.o)
 .text.number_window_create
                0x0000000000000000        0xc /home/gretchen/pebble-dev/PebbleSDK-2.0.1/Pebble/lib/libpebble.a(tmpziGGmipebble.o)
 .text.number_window_destroy
                0x0000000000000000        0xc /home/gretchen/pebble-dev/PebbleSDK-2.0.1/Pebble/lib/libpebble.a(tmpziGGmipebble.o)
 .text.number_window_get_value
                0x0000000000000000        0xc /home/gretchen/pebble-dev/PebbleSDK-2.0.1/Pebble/lib/libpebble.a(tmpziGGmipebble.o)
 .text.number_window_set_label
                0x0000000000000000        0xc /home/gretchen/pebble-dev/PebbleSDK-2.0.1/Pebble/lib/libpebble.a(tmpziGGmipebble.o)
 .text.number_window_set_max
                0x0000000000000000        0xc /home/gretchen/pebble-dev/PebbleSDK-2.0.1/Pebble/lib/libpebble.a(tmpziGGmipebble.o)
 .text.number_window_set_min
                0x0000000000000000        0xc /home/gretchen/pebble-dev/PebbleSDK-2.0.1/Pebble/lib/libpebble.a(tmpziGGmipebble.o)
 .text.number_window_set_step_size
                0x0000000000000000        0xc /home/gretchen/pebble-dev/PebbleSDK-2.0.1/Pebble/lib/libpebble.a(tmpziGGmipebble.o)
 .text.number_window_set_value
                0x0000000000000000        0xc /home/gretchen/pebble-dev/PebbleSDK-2.0.1/Pebble/lib/libpebble.a(tmpziGGmipebble.o)
 .text.persist_delete
                0x0000000000000000        0xc /home/gretchen/pebble-dev/PebbleSDK-2.0.1/Pebble/lib/libpebble.a(tmpziGGmipebble.o)
 .text.persist_exists
                0x0000000000000000        0xc /home/gretchen/pebble-dev/PebbleSDK-2.0.1/Pebble/lib/libpebble.a(tmpziGGmipebble.o)
 .text.persist_get_size
                0x0000000000000000        0xc /home/gretchen/pebble-dev/PebbleSDK-2.0.1/Pebble/lib/libpebble.a(tmpziGGmipebble.o)
 .text.persist_read_bool
                0x0000000000000000        0xc /home/gretchen/pebble-dev/PebbleSDK-2.0.1/Pebble/lib/libpebble.a(tmpziGGmipebble.o)
 .text.persist_read_data__deprecated
                0x0000000000000000        0xc /home/gretchen/pebble-dev/PebbleSDK-2.0.1/Pebble/lib/libpebble.a(tmpziGGmipebble.o)
 .text.persist_read_int
                0x0000000000000000        0xc /home/gretchen/pebble-dev/PebbleSDK-2.0.1/Pebble/lib/libpebble.a(tmpziGGmipebble.o)
 .text.persist_read_string__deprecated
                0x0000000000000000        0xc /home/gretchen/pebble-dev/PebbleSDK-2.0.1/Pebble/lib/libpebble.a(tmpziGGmipebble.o)
 .text.persist_write_bool
                0x0000000000000000        0xc /home/gretchen/pebble-dev/PebbleSDK-2.0.1/Pebble/lib/libpebble.a(tmpziGGmipebble.o)
 .text.persist_write_data__deprecated
                0x0000000000000000        0xc /home/gretchen/pebble-dev/PebbleSDK-2.0.1/Pebble/lib/libpebble.a(tmpziGGmipebble.o)
 .text.persist_write_int
                0x0000000000000000        0xc /home/gretchen/pebble-dev/PebbleSDK-2.0.1/Pebble/lib/libpebble.a(tmpziGGmipebble.o)
 .text.property_animation_create
                0x0000000000000000        0xc /home/gretchen/pebble-dev/PebbleSDK-2.0.1/Pebble/lib/libpebble.a(tmpziGGmipebble.o)
 .text.property_animation_create_layer_frame
                0x0000000000000000        0xc /home/gretchen/pebble-dev/PebbleSDK-2.0.1/Pebble/lib/libpebble.a(tmpziGGmipebble.o)
 .text.property_animation_destroy
                0x0000000000000000        0xc /home/gretchen/pebble-dev/PebbleSDK-2.0.1/Pebble/lib/libpebble.a(tmpziGGmipebble.o)
 .text.property_animation_update_gpoint
                0x0000000000000000        0xc /home/gretchen/pebble-dev/PebbleSDK-2.0.1/Pebble/lib/libpebble.a(tmpziGGmipebble.o)
 .text.property_animation_update_grect
                0x0000000000000000        0xc /home/gretchen/pebble-dev/PebbleSDK-2.0.1/Pebble/lib/libpebble.a(tmpziGGmipebble.o)
 .text.property_animation_update_int16
                0x0000000000000000        0xc /home/gretchen/pebble-dev/PebbleSDK-2.0.1/Pebble/lib/libpebble.a(tmpziGGmipebble.o)
 .text.psleep   0x0000000000000000        0xc /home/gretchen/pebble-dev/PebbleSDK-2.0.1/Pebble/lib/libpebble.a(tmpziGGmipebble.o)
 .text.rand     0x0000000000000000        0xc /home/gretchen/pebble-dev/PebbleSDK-2.0.1/Pebble/lib/libpebble.a(tmpziGGmipebble.o)
 .text.resource_get_handle
                0x0000000000000000        0xc /home/gretchen/pebble-dev/PebbleSDK-2.0.1/Pebble/lib/libpebble.a(tmpziGGmipebble.o)
 .text.resource_load
                0x0000000000000000        0xc /home/gretchen/pebble-dev/PebbleSDK-2.0.1/Pebble/lib/libpebble.a(tmpziGGmipebble.o)
 .text.resource_load_byte_range
                0x0000000000000000        0xc /home/gretchen/pebble-dev/PebbleSDK-2.0.1/Pebble/lib/libpebble.a(tmpziGGmipebble.o)
 .text.resource_size
                0x0000000000000000        0xc /home/gretchen/pebble-dev/PebbleSDK-2.0.1/Pebble/lib/libpebble.a(tmpziGGmipebble.o)
 .text.rot_bitmap_layer_create
                0x0000000000000000        0xc /home/gretchen/pebble-dev/PebbleSDK-2.0.1/Pebble/lib/libpebble.a(tmpziGGmipebble.o)
 .text.rot_bitmap_layer_destroy
                0x0000000000000000        0xc /home/gretchen/pebble-dev/PebbleSDK-2.0.1/Pebble/lib/libpebble.a(tmpziGGmipebble.o)
 .text.rot_bitmap_layer_increment_angle
                0x0000000000000000        0xc /home/gretchen/pebble-dev/PebbleSDK-2.0.1/Pebble/lib/libpebble.a(tmpziGGmipebble.o)
 .text.rot_bitmap_layer_set_angle
                0x0000000000000000        0xc /home/gretchen/pebble-dev/PebbleSDK-2.0.1/Pebble/lib/libpebble.a(tmpziGGmipebble.o)
 .text.rot_bitmap_layer_set_corner_clip_color
                0x0000000000000000        0xc /home/gretchen/pebble-dev/PebbleSDK-2.0.1/Pebble/lib/libpebble.a(tmpziGGmipebble.o)
 .text.rot_bitmap_set_compositing_mode
                0x0000000000000000        0xc /home/gretchen/pebble-dev/PebbleSDK-2.0.1/Pebble/lib/libpebble.a(tmpziGGmipebble.o)
 .text.rot_bitmap_set_src_ic
                0x0000000000000000        0xc /home/gretchen/pebble-dev/PebbleSDK-2.0.1/Pebble/lib/libpebble.a(tmpziGGmipebble.o)
 .text.scroll_layer_add_child
                0x0000000000000000        0xc /home/gretchen/pebble-dev/PebbleSDK-2.0.1/Pebble/lib/libpebble.a(tmpziGGmipebble.o)
 .text.scroll_layer_create
                0x0000000000000000        0xc /home/gretchen/pebble-dev/PebbleSDK-2.0.1/Pebble/lib/libpebble.a(tmpziGGmipebble.o)
 .text.scroll_layer_destroy
                0x0000000000000000        0xc /home/gretchen/pebble-dev/PebbleSDK-2.0.1/Pebble/lib/libpebble.a(tmpziGGmipebble.o)
 .text.scroll_layer_get_content_offset
                0x0000000000000000        0xc /home/gretchen/pebble-dev/PebbleSDK-2.0.1/Pebble/lib/libpebble.a(tmpziGGmipebble.o)
 .text.scroll_layer_get_content_size
                0x0000000000000000        0xc /home/gretchen/pebble-dev/PebbleSDK-2.0.1/Pebble/lib/libpebble.a(tmpziGGmipebble.o)
 .text.scroll_layer_get_layer
                0x0000000000000000        0xc /home/gretchen/pebble-dev/PebbleSDK-2.0.1/Pebble/lib/libpebble.a(tmpziGGmipebble.o)
 .text.scroll_layer_get_shadow_hidden
                0x0000000000000000        0xc /home/gretchen/pebble-dev/PebbleSDK-2.0.1/Pebble/lib/libpebble.a(tmpziGGmipebble.o)
 .text.scroll_layer_scroll_down_click_handler
                0x0000000000000000        0xc /home/gretchen/pebble-dev/PebbleSDK-2.0.1/Pebble/lib/libpebble.a(tmpziGGmipebble.o)
 .text.scroll_layer_scroll_up_click_handler
                0x0000000000000000        0xc /home/gretchen/pebble-dev/PebbleSDK-2.0.1/Pebble/lib/libpebble.a(tmpziGGmipebble.o)
 .text.scroll_layer_set_callbacks
                0x0000000000000000        0xc /home/gretchen/pebble-dev/PebbleSDK-2.0.1/Pebble/lib/libpebble.a(tmpziGGmipebble.o)
 .text.scroll_layer_set_click_config_onto_window
                0x0000000000000000        0xc /home/gretchen/pebble-dev/PebbleSDK-2.0.1/Pebble/lib/libpebble.a(tmpziGGmipebble.o)
 .text.scroll_layer_set_content_offset
                0x0000000000000000        0xc /home/gretchen/pebble-dev/PebbleSDK-2.0.1/Pebble/lib/libpebble.a(tmpziGGmipebble.o)
 .text.scroll_layer_set_content_size
                0x0000000000000000        0xc /home/gretchen/pebble-dev/PebbleSDK-2.0.1/Pebble/lib/libpebble.a(tmpziGGmipebble.o)
 .text.scroll_layer_set_context
                0x0000000000000000        0xc /home/gretchen/pebble-dev/PebbleSDK-2.0.1/Pebble/lib/libpebble.a(tmpziGGmipebble.o)
 .text.scroll_layer_set_frame
                0x0000000000000000        0xc /home/gretchen/pebble-dev/PebbleSDK-2.0.1/Pebble/lib/libpebble.a(tmpziGGmipebble.o)
 .text.scroll_layer_set_shadow_hidden
                0x0000000000000000        0xc /home/gretchen/pebble-dev/PebbleSDK-2.0.1/Pebble/lib/libpebble.a(tmpziGGmipebble.o)
 .text.simple_menu_layer_create
                0x0000000000000000        0xc /home/gretchen/pebble-dev/PebbleSDK-2.0.1/Pebble/lib/libpebble.a(tmpziGGmipebble.o)
 .text.simple_menu_layer_destroy
                0x0000000000000000        0xc /home/gretchen/pebble-dev/PebbleSDK-2.0.1/Pebble/lib/libpebble.a(tmpziGGmipebble.o)
 .text.simple_menu_layer_get_layer
                0x0000000000000000        0xc /home/gretchen/pebble-dev/PebbleSDK-2.0.1/Pebble/lib/libpebble.a(tmpziGGmipebble.o)
 .text.simple_menu_layer_get_selected_index
                0x0000000000000000        0xc /home/gretchen/pebble-dev/PebbleSDK-2.0.1/Pebble/lib/libpebble.a(tmpziGGmipebble.o)
 .text.simple_menu_layer_set_selected_index
                0x0000000000000000        0xc /home/gretchen/pebble-dev/PebbleSDK-2.0.1/Pebble/lib/libpebble.a(tmpziGGmipebble.o)
 .text.sin_lookup
                0x0000000000000000        0xc /home/gretchen/pebble-dev/PebbleSDK-2.0.1/Pebble/lib/libpebble.a(tmpziGGmipebble.o)
 .text.srand    0x0000000000000000        0xc /home/gretchen/pebble-dev/PebbleSDK-2.0.1/Pebble/lib/libpebble.a(tmpziGGmipebble.o)
 .text.strcat   0x0000000000000000        0xc /home/gretchen/pebble-dev/PebbleSDK-2.0.1/Pebble/lib/libpebble.a(tmpziGGmipebble.o)
 .text.strcmp   0x0000000000000000        0xc /home/gretchen/pebble-dev/PebbleSDK-2.0.1/Pebble/lib/libpebble.a(tmpziGGmipebble.o)
 .text.strcpy   0x0000000000000000        0xc /home/gretchen/pebble-dev/PebbleSDK-2.0.1/Pebble/lib/libpebble.a(tmpziGGmipebble.o)
 .text.strftime
                0x0000000000000000        0xc /home/gretchen/pebble-dev/PebbleSDK-2.0.1/Pebble/lib/libpebble.a(tmpziGGmipebble.o)
 .text.strncat  0x0000000000000000        0xc /home/gretchen/pebble-dev/PebbleSDK-2.0.1/Pebble/lib/libpebble.a(tmpziGGmipebble.o)
 .text.strncmp  0x0000000000000000        0xc /home/gretchen/pebble-dev/PebbleSDK-2.0.1/Pebble/lib/libpebble.a(tmpziGGmipebble.o)
 .text.strncpy  0x0000000000000000        0xc /home/gretchen/pebble-dev/PebbleSDK-2.0.1/Pebble/lib/libpebble.a(tmpziGGmipebble.o)
 .text.text_layer_get_content_size
                0x0000000000000000        0xc /home/gretchen/pebble-dev/PebbleSDK-2.0.1/Pebble/lib/libpebble.a(tmpziGGmipebble.o)
 .text.text_layer_get_text
                0x0000000000000000        0xc /home/gretchen/pebble-dev/PebbleSDK-2.0.1/Pebble/lib/libpebble.a(tmpziGGmipebble.o)
 .text.text_layer_set_background_color
                0x0000000000000000        0xc /home/gretchen/pebble-dev/PebbleSDK-2.0.1/Pebble/lib/libpebble.a(tmpziGGmipebble.o)
 .text.text_layer_set_font
                0x0000000000000000        0xc /home/gretchen/pebble-dev/PebbleSDK-2.0.1/Pebble/lib/libpebble.a(tmpziGGmipebble.o)
 .text.text_layer_set_overflow_mode
                0x0000000000000000        0xc /home/gretchen/pebble-dev/PebbleSDK-2.0.1/Pebble/lib/libpebble.a(tmpziGGmipebble.o)
 .text.text_layer_set_size
                0x0000000000000000        0xc /home/gretchen/pebble-dev/PebbleSDK-2.0.1/Pebble/lib/libpebble.a(tmpziGGmipebble.o)
 .text.text_layer_set_text_color
                0x0000000000000000        0xc /home/gretchen/pebble-dev/PebbleSDK-2.0.1/Pebble/lib/libpebble.a(tmpziGGmipebble.o)
 .text.tick_timer_service_subscribe
                0x0000000000000000        0xc /home/gretchen/pebble-dev/PebbleSDK-2.0.1/Pebble/lib/libpebble.a(tmpziGGmipebble.o)
 .text.tick_timer_service_unsubscribe
                0x0000000000000000        0xc /home/gretchen/pebble-dev/PebbleSDK-2.0.1/Pebble/lib/libpebble.a(tmpziGGmipebble.o)
 .text.time     0x0000000000000000        0xc /home/gretchen/pebble-dev/PebbleSDK-2.0.1/Pebble/lib/libpebble.a(tmpziGGmipebble.o)
 .text.time_ms  0x0000000000000000        0xc /home/gretchen/pebble-dev/PebbleSDK-2.0.1/Pebble/lib/libpebble.a(tmpziGGmipebble.o)
 .text.vibes_cancel
                0x0000000000000000        0xc /home/gretchen/pebble-dev/PebbleSDK-2.0.1/Pebble/lib/libpebble.a(tmpziGGmipebble.o)
 .text.vibes_double_pulse
                0x0000000000000000        0xc /home/gretchen/pebble-dev/PebbleSDK-2.0.1/Pebble/lib/libpebble.a(tmpziGGmipebble.o)
 .text.vibes_enqueue_custom_pattern
                0x0000000000000000        0xc /home/gretchen/pebble-dev/PebbleSDK-2.0.1/Pebble/lib/libpebble.a(tmpziGGmipebble.o)
 .text.vibes_long_pulse
                0x0000000000000000        0xc /home/gretchen/pebble-dev/PebbleSDK-2.0.1/Pebble/lib/libpebble.a(tmpziGGmipebble.o)
 .text.vibes_short_pulse
                0x0000000000000000        0xc /home/gretchen/pebble-dev/PebbleSDK-2.0.1/Pebble/lib/libpebble.a(tmpziGGmipebble.o)
 .text.window_get_click_config_provider
                0x0000000000000000        0xc /home/gretchen/pebble-dev/PebbleSDK-2.0.1/Pebble/lib/libpebble.a(tmpziGGmipebble.o)
 .text.window_get_fullscreen
                0x0000000000000000        0xc /home/gretchen/pebble-dev/PebbleSDK-2.0.1/Pebble/lib/libpebble.a(tmpziGGmipebble.o)
 .text.window_is_loaded
                0x0000000000000000        0xc /home/gretchen/pebble-dev/PebbleSDK-2.0.1/Pebble/lib/libpebble.a(tmpziGGmipebble.o)
 .text.window_set_background_color
                0x0000000000000000        0xc /home/gretchen/pebble-dev/PebbleSDK-2.0.1/Pebble/lib/libpebble.a(tmpziGGmipebble.o)
 .text.window_set_click_config_provider_with_context
                0x0000000000000000        0xc /home/gretchen/pebble-dev/PebbleSDK-2.0.1/Pebble/lib/libpebble.a(tmpziGGmipebble.o)
 .text.window_set_fullscreen
                0x0000000000000000        0xc /home/gretchen/pebble-dev/PebbleSDK-2.0.1/Pebble/lib/libpebble.a(tmpziGGmipebble.o)
 .text.window_set_status_bar_icon
                0x0000000000000000        0xc /home/gretchen/pebble-dev/PebbleSDK-2.0.1/Pebble/lib/libpebble.a(tmpziGGmipebble.o)
 .text.window_stack_contains_window
                0x0000000000000000        0xc /home/gretchen/pebble-dev/PebbleSDK-2.0.1/Pebble/lib/libpebble.a(tmpziGGmipebble.o)
 .text.window_stack_get_top_window
                0x0000000000000000        0xc /home/gretchen/pebble-dev/PebbleSDK-2.0.1/Pebble/lib/libpebble.a(tmpziGGmipebble.o)
 .text.window_stack_pop
                0x0000000000000000        0xc /home/gretchen/pebble-dev/PebbleSDK-2.0.1/Pebble/lib/libpebble.a(tmpziGGmipebble.o)
 .text.window_stack_pop_all
                0x0000000000000000        0xc /home/gretchen/pebble-dev/PebbleSDK-2.0.1/Pebble/lib/libpebble.a(tmpziGGmipebble.o)
 .text.window_stack_remove
                0x0000000000000000        0xc /home/gretchen/pebble-dev/PebbleSDK-2.0.1/Pebble/lib/libpebble.a(tmpziGGmipebble.o)
 .text.app_focus_service_subscribe
                0x0000000000000000        0xc /home/gretchen/pebble-dev/PebbleSDK-2.0.1/Pebble/lib/libpebble.a(tmpziGGmipebble.o)
 .text.app_focus_service_unsubscribe
                0x0000000000000000        0xc /home/gretchen/pebble-dev/PebbleSDK-2.0.1/Pebble/lib/libpebble.a(tmpziGGmipebble.o)
 .text.window_get_user_data
                0x0000000000000000        0xc /home/gretchen/pebble-dev/PebbleSDK-2.0.1/Pebble/lib/libpebble.a(tmpziGGmipebble.o)
 .text.window_set_user_data
                0x0000000000000000        0xc /home/gretchen/pebble-dev/PebbleSDK-2.0.1/Pebble/lib/libpebble.a(tmpziGGmipebble.o)
 .text.app_message_get_context
                0x0000000000000000        0xc /home/gretchen/pebble-dev/PebbleSDK-2.0.1/Pebble/lib/libpebble.a(tmpziGGmipebble.o)
 .text.app_message_inbox_size_maximum
                0x0000000000000000        0xc /home/gretchen/pebble-dev/PebbleSDK-2.0.1/Pebble/lib/libpebble.a(tmpziGGmipebble.o)
 .text.app_message_outbox_begin
                0x0000000000000000        0xc /home/gretchen/pebble-dev/PebbleSDK-2.0.1/Pebble/lib/libpebble.a(tmpziGGmipebble.o)
 .text.app_message_outbox_send
                0x0000000000000000        0xc /home/gretchen/pebble-dev/PebbleSDK-2.0.1/Pebble/lib/libpebble.a(tmpziGGmipebble.o)
 .text.app_message_outbox_size_maximum
                0x0000000000000000        0xc /home/gretchen/pebble-dev/PebbleSDK-2.0.1/Pebble/lib/libpebble.a(tmpziGGmipebble.o)
 .text.app_message_register_inbox_dropped
                0x0000000000000000        0xc /home/gretchen/pebble-dev/PebbleSDK-2.0.1/Pebble/lib/libpebble.a(tmpziGGmipebble.o)
 .text.app_message_register_inbox_received
                0x0000000000000000        0xc /home/gretchen/pebble-dev/PebbleSDK-2.0.1/Pebble/lib/libpebble.a(tmpziGGmipebble.o)
 .text.app_message_register_outbox_failed
                0x0000000000000000        0xc /home/gretchen/pebble-dev/PebbleSDK-2.0.1/Pebble/lib/libpebble.a(tmpziGGmipebble.o)
 .text.app_message_register_outbox_sent
                0x0000000000000000        0xc /home/gretchen/pebble-dev/PebbleSDK-2.0.1/Pebble/lib/libpebble.a(tmpziGGmipebble.o)
 .text.app_message_set_context
                0x0000000000000000        0xc /home/gretchen/pebble-dev/PebbleSDK-2.0.1/Pebble/lib/libpebble.a(tmpziGGmipebble.o)
 .text.window_long_click_subscribe
                0x0000000000000000        0xc /home/gretchen/pebble-dev/PebbleSDK-2.0.1/Pebble/lib/libpebble.a(tmpziGGmipebble.o)
 .text.window_multi_click_subscribe
                0x0000000000000000        0xc /home/gretchen/pebble-dev/PebbleSDK-2.0.1/Pebble/lib/libpebble.a(tmpziGGmipebble.o)
 .text.window_raw_click_subscribe
                0x0000000000000000        0xc /home/gretchen/pebble-dev/PebbleSDK-2.0.1/Pebble/lib/libpebble.a(tmpziGGmipebble.o)
 .text.window_set_click_context
                0x0000000000000000        0xc /home/gretchen/pebble-dev/PebbleSDK-2.0.1/Pebble/lib/libpebble.a(tmpziGGmipebble.o)
 .text.window_single_repeating_click_subscribe
                0x0000000000000000        0xc /home/gretchen/pebble-dev/PebbleSDK-2.0.1/Pebble/lib/libpebble.a(tmpziGGmipebble.o)
 .text.graphics_draw_text
                0x0000000000000000        0xc /home/gretchen/pebble-dev/PebbleSDK-2.0.1/Pebble/lib/libpebble.a(tmpziGGmipebble.o)
 .text.dict_serialize_tuplets_to_buffer
                0x0000000000000000        0xc /home/gretchen/pebble-dev/PebbleSDK-2.0.1/Pebble/lib/libpebble.a(tmpziGGmipebble.o)
 .text.persist_read_data
                0x0000000000000000        0xc /home/gretchen/pebble-dev/PebbleSDK-2.0.1/Pebble/lib/libpebble.a(tmpziGGmipebble.o)
 .text.persist_read_string
                0x0000000000000000        0xc /home/gretchen/pebble-dev/PebbleSDK-2.0.1/Pebble/lib/libpebble.a(tmpziGGmipebble.o)
 .text.persist_write_data
                0x0000000000000000        0xc /home/gretchen/pebble-dev/PebbleSDK-2.0.1/Pebble/lib/libpebble.a(tmpziGGmipebble.o)
 .text.dict_size
                0x0000000000000000        0xc /home/gretchen/pebble-dev/PebbleSDK-2.0.1/Pebble/lib/libpebble.a(tmpziGGmipebble.o)
 .text.graphics_text_layout_get_content_size
                0x0000000000000000        0xc /home/gretchen/pebble-dev/PebbleSDK-2.0.1/Pebble/lib/libpebble.a(tmpziGGmipebble.o)
 .text.simple_menu_layer_get_menu_layer
                0x0000000000000000        0xc /home/gretchen/pebble-dev/PebbleSDK-2.0.1/Pebble/lib/libpebble.a(tmpziGGmipebble.o)
 .text.accel_data_service_subscribe
                0x0000000000000000        0xc /home/gretchen/pebble-dev/PebbleSDK-2.0.1/Pebble/lib/libpebble.a(tmpziGGmipebble.o)
 .text.bitmap_layer_get_bitmap
                0x0000000000000000        0xc /home/gretchen/pebble-dev/PebbleSDK-2.0.1/Pebble/lib/libpebble.a(tmpziGGmipebble.o)
 .text          0x0000000000000000        0x0 /home/gretchen/pebble-dev/PebbleSDK-2.0.1/arm-cs-tools/bin/../lib/gcc/arm-none-eabi/4.7.2/../../../../arm-none-eabi/lib/thumb2/libc.a(lib_a-errno.o)
 .bss           0x0000000000000000        0x0 /home/gretchen/pebble-dev/PebbleSDK-2.0.1/arm-cs-tools/bin/../lib/gcc/arm-none-eabi/4.7.2/../../../../arm-none-eabi/lib/thumb2/libc.a(lib_a-errno.o)
 .text          0x0000000000000000        0x0 /home/gretchen/pebble-dev/PebbleSDK-2.0.1/arm-cs-tools/bin/../lib/gcc/arm-none-eabi/4.7.2/../../../../arm-none-eabi/lib/thumb2/libc.a(lib_a-impure.o)
 .bss           0x0000000000000000        0x0 /home/gretchen/pebble-dev/PebbleSDK-2.0.1/arm-cs-tools/bin/../lib/gcc/arm-none-eabi/4.7.2/../../../../arm-none-eabi/lib/thumb2/libc.a(lib_a-impure.o)
 .rodata._global_impure_ptr
                0x0000000000000000        0x4 /home/gretchen/pebble-dev/PebbleSDK-2.0.1/arm-cs-tools/bin/../lib/gcc/arm-none-eabi/4.7.2/../../../../arm-none-eabi/lib/thumb2/libc.a(lib_a-impure.o)
 .text          0x0000000000000000        0x0 /home/gretchen/pebble-dev/PebbleSDK-2.0.1/arm-cs-tools/bin/../lib/gcc/arm-none-eabi/4.7.2/thumb2/crtend.o
 .bss           0x0000000000000000        0x0 /home/gretchen/pebble-dev/PebbleSDK-2.0.1/arm-cs-tools/bin/../lib/gcc/arm-none-eabi/4.7.2/thumb2/crtend.o
 .eh_frame      0x0000000000000000        0x4 /home/gretchen/pebble-dev/PebbleSDK-2.0.1/arm-cs-tools/bin/../lib/gcc/arm-none-eabi/4.7.2/thumb2/crtend.o
 .jcr           0x0000000000000000        0x4 /home/gretchen/pebble-dev/PebbleSDK-2.0.1/arm-cs-tools/bin/../lib/gcc/arm-none-eabi/4.7.2/thumb2/crtend.o
 .tm_clone_table
                0x0000000000000000        0x0 /home/gretchen/pebble-dev/PebbleSDK-2.0.1/arm-cs-tools/bin/../lib/gcc/arm-none-eabi/4.7.2/thumb2/crtend.o
 .text          0x0000000000000000        0x0 /home/gretchen/pebble-dev/PebbleSDK-2.0.1/arm-cs-tools/bin/../lib/gcc/arm-none-eabi/4.7.2/thumb2/crtn.o
 .bss           0x0000000000000000        0x0 /home/gretchen/pebble-dev/PebbleSDK-2.0.1/arm-cs-tools/bin/../lib/gcc/arm-none-eabi/4.7.2/thumb2/crtn.o
 .init          0x0000000000000000        0x8 /home/gretchen/pebble-dev/PebbleSDK-2.0.1/arm-cs-tools/bin/../lib/gcc/arm-none-eabi/4.7.2/thumb2/crtn.o
 .fini          0x0000000000000000        0x8 /home/gretchen/pebble-dev/PebbleSDK-2.0.1/arm-cs-tools/bin/../lib/gcc/arm-none-eabi/4.7.2/thumb2/crtn.o

Memory Configuration

Name             Origin             Length             Attributes
APP              0x0000000000000000 0x0000000000006000 xrw
*default*        0x0000000000000000 0xffffffffffffffff

Linker script and memory map

LOAD /home/gretchen/pebble-dev/PebbleSDK-2.0.1/arm-cs-tools/bin/../lib/gcc/arm-none-eabi/4.7.2/thumb2/crti.o
LOAD /home/gretchen/pebble-dev/PebbleSDK-2.0.1/arm-cs-tools/bin/../lib/gcc/arm-none-eabi/4.7.2/thumb2/crtbegin.o
LOAD src/PebbleQRShare.c.9.o
LOAD src/bitstream.c.9.o
LOAD src/mask.c.9.o
LOAD src/mmask.c.9.o
LOAD src/mqrspec.c.9.o
LOAD src/qrencode.c.9.o
LOAD src/qrinput.c.9.o
LOAD src/qrspec.c.9.o
LOAD src/rscode.c.9.o
LOAD src/split.c.9.o
LOAD appinfo.auto.c.9.o
LOAD /home/gretchen/pebble-dev/PebbleSDK-2.0.1/Pebble/lib/libpebble.a
START GROUP
LOAD /home/gretchen/pebble-dev/PebbleSDK-2.0.1/arm-cs-tools/bin/../lib/gcc/arm-none-eabi/4.7.2/thumb2/libgcc.a
LOAD /home/gretchen/pebble-dev/PebbleSDK-2.0.1/arm-cs-tools/bin/../lib/gcc/arm-none-eabi/4.7.2/../../../../arm-none-eabi/lib/thumb2/libc.a
END GROUP
LOAD /home/gretchen/pebble-dev/PebbleSDK-2.0.1/arm-cs-tools/bin/../lib/gcc/arm-none-eabi/4.7.2/thumb2/crtend.o
LOAD /home/gretchen/pebble-dev/PebbleSDK-2.0.1/arm-cs-tools/bin/../lib/gcc/arm-none-eabi/4.7.2/thumb2/crtn.o

.header         0x0000000000000000       0x82
 *(.pbl_header)
 .pbl_header    0x0000000000000000       0x82 appinfo.auto.c.9.o
                0x0000000000000000                __pbl_app_info

.text           0x0000000000000084     0x3a0e
 *(.text)
 .text          0x0000000000000084       0x14 /home/gretchen/pebble-dev/PebbleSDK-2.0.1/Pebble/lib/libpebble.a(tmpziGGmipebble.o)
 *(.text.*)
 .text.sync_error_callback
                0x0000000000000098        0x2 src/PebbleQRShare.c.9.o
 *fill*         0x000000000000009a        0x2 
 .text.window_unload
                0x000000000000009c       0x10 src/PebbleQRShare.c.9.o
 .text.click_config_provider
                0x00000000000000ac       0x24 src/PebbleQRShare.c.9.o
 .text.getDesc  0x00000000000000d0       0x38 src/PebbleQRShare.c.9.o
                0x00000000000000d0                getDesc
 .text.getContent
                0x0000000000000108       0x38 src/PebbleQRShare.c.9.o
                0x0000000000000108                getContent
 .text.drawQR   0x0000000000000140      0x108 src/PebbleQRShare.c.9.o
                0x0000000000000140                drawQR
 .text.getStr   0x0000000000000248        0xe src/PebbleQRShare.c.9.o
                0x0000000000000248                getStr
 *fill*         0x0000000000000256        0x2 
 .text.drawWindow
                0x0000000000000258       0x10 src/PebbleQRShare.c.9.o
                0x0000000000000258                drawWindow
 .text.window_load
                0x0000000000000268       0xa8 src/PebbleQRShare.c.9.o
 .text.down_click_handler
                0x0000000000000310       0x3c src/PebbleQRShare.c.9.o
 .text.up_click_handler
                0x000000000000034c       0x38 src/PebbleQRShare.c.9.o
 .text.sync_tuple_changed_callback
                0x0000000000000384       0x50 src/PebbleQRShare.c.9.o
 .text.startup.main
                0x00000000000003d4      0x174 src/PebbleQRShare.c.9.o
                0x00000000000003d4                main
 .text.BitStream_allocate
                0x0000000000000548       0x2a src/bitstream.c.9.o
 .text.BitStream_new
                0x0000000000000572       0x12 src/bitstream.c.9.o
                0x0000000000000572                BitStream_new
 .text.BitStream_append
                0x0000000000000584       0x60 src/bitstream.c.9.o
                0x0000000000000584                BitStream_append
 .text.BitStream_toByte
                0x00000000000005e4       0x6e src/bitstream.c.9.o
                0x00000000000005e4                BitStream_toByte
 .text.BitStream_free
                0x0000000000000652       0x18 src/bitstream.c.9.o
                0x0000000000000652                BitStream_free
 .text.BitStream_appendBytes
                0x000000000000066a       0x6c src/bitstream.c.9.o
                0x000000000000066a                BitStream_appendBytes
 .text.BitStream_appendNum
                0x00000000000006d6       0x62 src/bitstream.c.9.o
                0x00000000000006d6                BitStream_appendNum
 .text.Mask_mask0
                0x0000000000000738       0x52 src/mask.c.9.o
 .text.Mask_mask1
                0x000000000000078a       0x50 src/mask.c.9.o
 .text.Mask_mask2
                0x00000000000007da       0x5e src/mask.c.9.o
 .text.Mask_mask3
                0x0000000000000838       0x62 src/mask.c.9.o
 .text.Mask_mask4
                0x000000000000089a       0x64 src/mask.c.9.o
 .text.Mask_mask5
                0x00000000000008fe       0x68 src/mask.c.9.o
 .text.Mask_mask6
                0x0000000000000966       0x66 src/mask.c.9.o
 .text.Mask_mask7
                0x00000000000009cc       0x6a src/mask.c.9.o
 .text.Mask_writeFormatInformation
                0x0000000000000a36       0x86 src/mask.c.9.o
                0x0000000000000a36                Mask_writeFormatInformation
 .text.Mask_makeMask
                0x0000000000000abc       0x4c src/mask.c.9.o
                0x0000000000000abc                Mask_makeMask
 .text.Mask_calcN1N3
                0x0000000000000b08       0x78 src/mask.c.9.o
                0x0000000000000b08                Mask_calcN1N3
 .text.Mask_calcN2
                0x0000000000000b80       0x70 src/mask.c.9.o
                0x0000000000000b80                Mask_calcN2
 .text.Mask_calcRunLength
                0x0000000000000bf0       0x5e src/mask.c.9.o
                0x0000000000000bf0                Mask_calcRunLength
 .text.Mask_evaluateSymbol
                0x0000000000000c4e       0x5e src/mask.c.9.o
                0x0000000000000c4e                Mask_evaluateSymbol
 .text.Mask_mask
                0x0000000000000cac       0xb8 src/mask.c.9.o
                0x0000000000000cac                Mask_mask
 .text.Mask_mask0
                0x0000000000000d64       0x3a src/mmask.c.9.o
 .text.Mask_mask1
                0x0000000000000d9e       0x50 src/mmask.c.9.o
 .text.Mask_mask2
                0x0000000000000dee       0x58 src/mmask.c.9.o
 .text.Mask_mask3
                0x0000000000000e46       0x5c src/mmask.c.9.o
 .text.MMask_writeFormatInformation
                0x0000000000000ea2       0x42 src/mmask.c.9.o
                0x0000000000000ea2                MMask_writeFormatInformation
 .text.MMask_makeMask
                0x0000000000000ee4       0x58 src/mmask.c.9.o
                0x0000000000000ee4                MMask_makeMask
 .text.MMask_evaluateSymbol
                0x0000000000000f3c       0x48 src/mmask.c.9.o
                0x0000000000000f3c                MMask_evaluateSymbol
 .text.MMask_mask
                0x0000000000000f84       0x94 src/mmask.c.9.o
                0x0000000000000f84                MMask_mask
 .text.MQRspec_getDataLengthBit
                0x0000000000001018       0x2c src/mqrspec.c.9.o
                0x0000000000001018                MQRspec_getDataLengthBit
 .text.MQRspec_getDataLength
                0x0000000000001044       0x10 src/mqrspec.c.9.o
                0x0000000000001044                MQRspec_getDataLength
 .text.MQRspec_getECCLength
                0x0000000000001054       0x18 src/mqrspec.c.9.o
                0x0000000000001054                MQRspec_getECCLength
 .text.MQRspec_getWidth
                0x000000000000106c       0x10 src/mqrspec.c.9.o
                0x000000000000106c                MQRspec_getWidth
 .text.MQRspec_lengthIndicator
                0x000000000000107c       0x14 src/mqrspec.c.9.o
                0x000000000000107c                MQRspec_lengthIndicator
 .text.MQRspec_getFormatInfo
                0x0000000000001090       0x3c src/mqrspec.c.9.o
                0x0000000000001090                MQRspec_getFormatInfo
 .text.MQRspec_newFrame
                0x00000000000010cc      0x118 src/mqrspec.c.9.o
                0x00000000000010cc                MQRspec_newFrame
 .text.FrameFiller_next
                0x00000000000011e4       0x9e src/qrencode.c.9.o
 .text.QRraw_getCode
                0x0000000000001282       0x52 src/qrencode.c.9.o
                0x0000000000001282                QRraw_getCode
 .text.QRraw_free
                0x00000000000012d4       0x24 src/qrencode.c.9.o
                0x00000000000012d4                QRraw_free
 .text.QRraw_new
                0x00000000000012f8      0x15e src/qrencode.c.9.o
                0x00000000000012f8                QRraw_new
 .text.MQRraw_getCode
                0x0000000000001456       0x28 src/qrencode.c.9.o
                0x0000000000001456                MQRraw_getCode
 .text.MQRraw_free
                0x000000000000147e       0x24 src/qrencode.c.9.o
                0x000000000000147e                MQRraw_free
 .text.MQRraw_new
                0x00000000000014a2       0xbe src/qrencode.c.9.o
                0x00000000000014a2                MQRraw_new
 .text.QRcode_new
                0x0000000000001560       0x16 src/qrencode.c.9.o
                0x0000000000001560                QRcode_new
 .text.QRcode_free
                0x0000000000001576       0x18 src/qrencode.c.9.o
                0x0000000000001576                QRcode_free
 .text.QRcode_encodeMask
                0x000000000000158e      0x168 src/qrencode.c.9.o
                0x000000000000158e                QRcode_encodeMask
 .text.QRcode_encodeMaskMQR
                0x00000000000016f6      0x184 src/qrencode.c.9.o
                0x00000000000016f6                QRcode_encodeMaskMQR
 .text.QRcode_encodeInput
                0x000000000000187a       0x10 src/qrencode.c.9.o
                0x000000000000187a                QRcode_encodeInput
 .text.QRcode_encodeDataReal
                0x000000000000188a       0x56 src/qrencode.c.9.o
 .text.QRcode_encodeData
                0x00000000000018e0       0x12 src/qrencode.c.9.o
                0x00000000000018e0                QRcode_encodeData
 .text.QRinput_List_freeEntry
                0x00000000000018f2       0x1e src/qrinput.c.9.o
 .text.QRinput_isSplittableMode
                0x0000000000001910        0xc src/qrinput.c.9.o
                0x0000000000001910                QRinput_isSplittableMode
 .text.QRinput_new2
                0x000000000000191c       0x32 src/qrinput.c.9.o
                0x000000000000191c                QRinput_new2
 .text.QRinput_newMQR
                0x000000000000194e       0x2e src/qrinput.c.9.o
                0x000000000000194e                QRinput_newMQR
 .text.QRinput_setVersion
                0x000000000000197c       0x22 src/qrinput.c.9.o
                0x000000000000197c                QRinput_setVersion
 .text.QRinput_free
                0x000000000000199e       0x22 src/qrinput.c.9.o
                0x000000000000199e                QRinput_free
 .text.QRinput_estimateBitsModeNum
                0x00000000000019c0       0x26 src/qrinput.c.9.o
                0x00000000000019c0                QRinput_estimateBitsModeNum
 .text.QRinput_estimateBitsModeAn
                0x00000000000019e6       0x14 src/qrinput.c.9.o
                0x00000000000019e6                QRinput_estimateBitsModeAn
 .text.QRinput_estimateBitsModeECI
                0x00000000000019fa       0x24 src/qrinput.c.9.o
                0x00000000000019fa                QRinput_estimateBitsModeECI
 .text.QRinput_estimateBitStreamSizeOfEntry
                0x0000000000001a1e       0xa0 src/qrinput.c.9.o
 *fill*         0x0000000000001abe        0x2 
 .text.QRinput_check
                0x0000000000001ac0       0x9c src/qrinput.c.9.o
                0x0000000000001ac0                QRinput_check
 .text.QRinput_List_newEntry
                0x0000000000001b5c       0x52 src/qrinput.c.9.o
 *fill*         0x0000000000001bae        0x2 
 .text.QRinput_encodeBitStream
                0x0000000000001bb0      0x47c src/qrinput.c.9.o
 .text.QRinput_createBitStream
                0x000000000000202c       0x2a src/qrinput.c.9.o
 .text.QRinput_append
                0x0000000000002056       0x2a src/qrinput.c.9.o
                0x0000000000002056                QRinput_append
 .text.QRinput_estimateBitStreamSize
                0x0000000000002080       0x22 src/qrinput.c.9.o
                0x0000000000002080                QRinput_estimateBitStreamSize
 .text.QRinput_mergeBitStream
                0x00000000000020a2       0xc8 src/qrinput.c.9.o
                0x00000000000020a2                QRinput_mergeBitStream
 .text.QRinput_getBitStream
                0x000000000000216a      0x1aa src/qrinput.c.9.o
                0x000000000000216a                QRinput_getBitStream
 .text.QRinput_getByteStream
                0x0000000000002314       0x1e src/qrinput.c.9.o
                0x0000000000002314                QRinput_getByteStream
 *fill*         0x0000000000002332        0x2 
 .text.QRspec_putAlignmentMarker
                0x0000000000002334       0x34 src/qrspec.c.9.o
 .text.putFinderPattern
                0x0000000000002368       0x30 src/qrspec.c.9.o
 .text.QRspec_getDataLength
                0x0000000000002398       0x24 src/qrspec.c.9.o
                0x0000000000002398                QRspec_getDataLength
 .text.QRspec_getMinimumVersion
                0x00000000000023bc       0x2c src/qrspec.c.9.o
                0x00000000000023bc                QRspec_getMinimumVersion
 .text.QRspec_getWidth
                0x00000000000023e8       0x10 src/qrspec.c.9.o
                0x00000000000023e8                QRspec_getWidth
 .text.QRspec_getRemainder
                0x00000000000023f8       0x14 src/qrspec.c.9.o
                0x00000000000023f8                QRspec_getRemainder
 .text.QRspec_lengthIndicator
                0x000000000000240c       0x30 src/qrspec.c.9.o
                0x000000000000240c                QRspec_lengthIndicator
 .text.QRspec_maximumWords
                0x000000000000243c       0x40 src/qrspec.c.9.o
                0x000000000000243c                QRspec_maximumWords
 .text.QRspec_getEccSpec
                0x000000000000247c       0x64 src/qrspec.c.9.o
                0x000000000000247c                QRspec_getEccSpec
 .text.QRspec_getVersionPattern
                0x00000000000024e0       0x18 src/qrspec.c.9.o
                0x00000000000024e0                QRspec_getVersionPattern
 .text.QRspec_getFormatInfo
                0x00000000000024f8       0x1c src/qrspec.c.9.o
                0x00000000000024f8                QRspec_getFormatInfo
 .text.QRspec_newFrame
                0x0000000000002514      0x294 src/qrspec.c.9.o
                0x0000000000002514                QRspec_newFrame
 .text.modnn    0x00000000000027a8       0x18 src/rscode.c.9.o
 .text.init_rs  0x00000000000027c0      0x1fc src/rscode.c.9.o
                0x00000000000027c0                init_rs
 .text.encode_rs_char
                0x00000000000029bc       0xa0 src/rscode.c.9.o
                0x00000000000029bc                encode_rs_char
 .text.app_event_loop
                0x0000000000002a5c        0xc /home/gretchen/pebble-dev/PebbleSDK-2.0.1/Pebble/lib/libpebble.a(tmpziGGmipebble.o)
                0x0000000000002a5c                app_event_loop
 .text.app_sync_init
                0x0000000000002a68        0xc /home/gretchen/pebble-dev/PebbleSDK-2.0.1/Pebble/lib/libpebble.a(tmpziGGmipebble.o)
                0x0000000000002a68                app_sync_init
 .text.free     0x0000000000002a74        0xc /home/gretchen/pebble-dev/PebbleSDK-2.0.1/Pebble/lib/libpebble.a(tmpziGGmipebble.o)
                0x0000000000002a74                free
 .text.graphics_context_set_fill_color
                0x0000000000002a80        0xc /home/gretchen/pebble-dev/PebbleSDK-2.0.1/Pebble/lib/libpebble.a(tmpziGGmipebble.o)
                0x0000000000002a80                graphics_context_set_fill_color
 .text.graphics_fill_rect
                0x0000000000002a8c        0xc /home/gretchen/pebble-dev/PebbleSDK-2.0.1/Pebble/lib/libpebble.a(tmpziGGmipebble.o)
                0x0000000000002a8c                graphics_fill_rect
 .text.layer_add_child
                0x0000000000002a98        0xc /home/gretchen/pebble-dev/PebbleSDK-2.0.1/Pebble/lib/libpebble.a(tmpziGGmipebble.o)
                0x0000000000002a98                layer_add_child
 .text.layer_destroy
                0x0000000000002aa4        0xc /home/gretchen/pebble-dev/PebbleSDK-2.0.1/Pebble/lib/libpebble.a(tmpziGGmipebble.o)
                0x0000000000002aa4                layer_destroy
 .text.layer_get_bounds
                0x0000000000002ab0        0xc /home/gretchen/pebble-dev/PebbleSDK-2.0.1/Pebble/lib/libpebble.a(tmpziGGmipebble.o)
                0x0000000000002ab0                layer_get_bounds
 .text.layer_set_update_proc
                0x0000000000002abc        0xc /home/gretchen/pebble-dev/PebbleSDK-2.0.1/Pebble/lib/libpebble.a(tmpziGGmipebble.o)
                0x0000000000002abc                layer_set_update_proc
 .text.malloc   0x0000000000002ac8        0xc /home/gretchen/pebble-dev/PebbleSDK-2.0.1/Pebble/lib/libpebble.a(tmpziGGmipebble.o)
                0x0000000000002ac8                malloc
 .text.memcpy   0x0000000000002ad4        0xc /home/gretchen/pebble-dev/PebbleSDK-2.0.1/Pebble/lib/libpebble.a(tmpziGGmipebble.o)
                0x0000000000002ad4                memcpy
 .text.memmove  0x0000000000002ae0        0xc /home/gretchen/pebble-dev/PebbleSDK-2.0.1/Pebble/lib/libpebble.a(tmpziGGmipebble.o)
                0x0000000000002ae0                memmove
 .text.memset   0x0000000000002aec        0xc /home/gretchen/pebble-dev/PebbleSDK-2.0.1/Pebble/lib/libpebble.a(tmpziGGmipebble.o)
                0x0000000000002aec                memset
 .text.persist_write_string
                0x0000000000002af8        0xc /home/gretchen/pebble-dev/PebbleSDK-2.0.1/Pebble/lib/libpebble.a(tmpziGGmipebble.o)
                0x0000000000002af8                persist_write_string
 .text.snprintf
                0x0000000000002b04        0xc /home/gretchen/pebble-dev/PebbleSDK-2.0.1/Pebble/lib/libpebble.a(tmpziGGmipebble.o)
                0x0000000000002b04                snprintf
 .text.strlen   0x0000000000002b10        0xc /home/gretchen/pebble-dev/PebbleSDK-2.0.1/Pebble/lib/libpebble.a(tmpziGGmipebble.o)
                0x0000000000002b10                strlen
 .text.text_layer_create
                0x0000000000002b1c        0xc /home/gretchen/pebble-dev/PebbleSDK-2.0.1/Pebble/lib/libpebble.a(tmpziGGmipebble.o)
                0x0000000000002b1c                text_layer_create
 .text.text_layer_destroy
                0x0000000000002b28        0xc /home/gretchen/pebble-dev/PebbleSDK-2.0.1/Pebble/lib/libpebble.a(tmpziGGmipebble.o)
                0x0000000000002b28                text_layer_destroy
 .text.text_layer_get_layer
                0x0000000000002b34        0xc /home/gretchen/pebble-dev/PebbleSDK-2.0.1/Pebble/lib/libpebble.a(tmpziGGmipebble.o)
                0x0000000000002b34                text_layer_get_layer
 .text.text_layer_set_text
                0x0000000000002b40        0xc /home/gretchen/pebble-dev/PebbleSDK-2.0.1/Pebble/lib/libpebble.a(tmpziGGmipebble.o)
                0x0000000000002b40                text_layer_set_text
 .text.text_layer_set_text_alignment
                0x0000000000002b4c        0xc /home/gretchen/pebble-dev/PebbleSDK-2.0.1/Pebble/lib/libpebble.a(tmpziGGmipebble.o)
                0x0000000000002b4c                text_layer_set_text_alignment
 .text.window_create
                0x0000000000002b58        0xc /home/gretchen/pebble-dev/PebbleSDK-2.0.1/Pebble/lib/libpebble.a(tmpziGGmipebble.o)
                0x0000000000002b58                window_create
 .text.window_destroy
                0x0000000000002b64        0xc /home/gretchen/pebble-dev/PebbleSDK-2.0.1/Pebble/lib/libpebble.a(tmpziGGmipebble.o)
                0x0000000000002b64                window_destroy
 .text.window_get_root_layer
                0x0000000000002b70        0xc /home/gretchen/pebble-dev/PebbleSDK-2.0.1/Pebble/lib/libpebble.a(tmpziGGmipebble.o)
                0x0000000000002b70                window_get_root_layer
 .text.window_set_click_config_provider
                0x0000000000002b7c        0xc /home/gretchen/pebble-dev/PebbleSDK-2.0.1/Pebble/lib/libpebble.a(tmpziGGmipebble.o)
                0x0000000000002b7c                window_set_click_config_provider
 .text.window_set_window_handlers
                0x0000000000002b88        0xc /home/gretchen/pebble-dev/PebbleSDK-2.0.1/Pebble/lib/libpebble.a(tmpziGGmipebble.o)
                0x0000000000002b88                window_set_window_handlers
 .text.window_stack_push
                0x0000000000002b94        0xc /home/gretchen/pebble-dev/PebbleSDK-2.0.1/Pebble/lib/libpebble.a(tmpziGGmipebble.o)
                0x0000000000002b94                window_stack_push
 .text.window_single_click_subscribe
                0x0000000000002ba0        0xc /home/gretchen/pebble-dev/PebbleSDK-2.0.1/Pebble/lib/libpebble.a(tmpziGGmipebble.o)
                0x0000000000002ba0                window_single_click_subscribe
 .text.calloc   0x0000000000002bac        0xc /home/gretchen/pebble-dev/PebbleSDK-2.0.1/Pebble/lib/libpebble.a(tmpziGGmipebble.o)
                0x0000000000002bac                calloc
 .text.__errno  0x0000000000002bb8        0xc /home/gretchen/pebble-dev/PebbleSDK-2.0.1/arm-cs-tools/bin/../lib/gcc/arm-none-eabi/4.7.2/../../../../arm-none-eabi/lib/thumb2/libc.a(lib_a-errno.o)
                0x0000000000002bb8                __errno
 *(.rodata)
 *(.rodata*)
 .rodata.str1.1
                0x0000000000002bc4       0x4f src/PebbleQRShare.c.9.o
 *fill*         0x0000000000002c13        0x1 
 .rodata.formatInfo
                0x0000000000002c14       0x80 src/mqrspec.c.9.o
 .rodata.typeTable
                0x0000000000002c94       0x3c src/mqrspec.c.9.o
 .rodata.lengthTableBits
                0x0000000000002cd0       0x40 src/mqrspec.c.9.o
 .rodata.finder.5212
                0x0000000000002d10       0x31 src/mqrspec.c.9.o
 *fill*         0x0000000000002d41        0x3 
 .rodata.mqrspecCapacity
                0x0000000000002d44       0x64 src/mqrspec.c.9.o
 .rodata.QRinput_anTable
                0x0000000000002da8       0x80 src/qrinput.c.9.o
                0x0000000000002da8                QRinput_anTable
 .rodata.formatInfo
                0x0000000000002e28       0x80 src/qrspec.c.9.o
 .rodata.eccTable
                0x0000000000002ea8      0x520 src/qrspec.c.9.o
 .rodata.qrspecCapacity
                0x00000000000033c8      0x47c src/qrspec.c.9.o
 .rodata.versionPattern
                0x0000000000003844       0x88 src/qrspec.c.9.o
 .rodata.lengthTableBits
                0x00000000000038cc       0x30 src/qrspec.c.9.o
 .rodata.finder.5282
                0x00000000000038fc       0x19 src/qrspec.c.9.o
 .rodata.finder.5328
                0x0000000000003915       0x31 src/qrspec.c.9.o
 *fill*         0x0000000000003946        0x2 
 .rodata.alignmentPattern
                0x0000000000003948      0x148 src/qrspec.c.9.o
 .rodata.str1.1
                0x0000000000003a90        0x2 /home/gretchen/pebble-dev/PebbleSDK-2.0.1/arm-cs-tools/bin/../lib/gcc/arm-none-eabi/4.7.2/../../../../arm-none-eabi/lib/thumb2/libc.a(lib_a-impure.o)

.glue_7         0x0000000000003a94        0x0
 .glue_7        0x0000000000000000        0x0 linker stubs

.glue_7t        0x0000000000003a94        0x0
 .glue_7t       0x0000000000000000        0x0 linker stubs

.vfp11_veneer   0x0000000000003a94        0x0
 .vfp11_veneer  0x0000000000000000        0x0 linker stubs

.v4_bx          0x0000000000003a94        0x0
 .v4_bx         0x0000000000000000        0x0 linker stubs

.iplt           0x0000000000003a94        0x0
 .iplt          0x0000000000000000        0x0 /home/gretchen/pebble-dev/PebbleSDK-2.0.1/arm-cs-tools/bin/../lib/gcc/arm-none-eabi/4.7.2/thumb2/crtbegin.o

.rel.dyn        0x0000000000003a94        0x0
 .rel.iplt      0x0000000000000000        0x0 /home/gretchen/pebble-dev/PebbleSDK-2.0.1/arm-cs-tools/bin/../lib/gcc/arm-none-eabi/4.7.2/thumb2/crtbegin.o
 .rel.got       0x0000000000000000        0x0 /home/gretchen/pebble-dev/PebbleSDK-2.0.1/arm-cs-tools/bin/../lib/gcc/arm-none-eabi/4.7.2/thumb2/crtbegin.o

.data           0x0000000000003a94      0x2a4
 *(.data)
 .data          0x0000000000003a94        0x0 /home/gretchen/pebble-dev/PebbleSDK-2.0.1/arm-cs-tools/bin/../lib/gcc/arm-none-eabi/4.7.2/thumb2/crti.o
 .data          0x0000000000003a94        0x4 /home/gretchen/pebble-dev/PebbleSDK-2.0.1/arm-cs-tools/bin/../lib/gcc/arm-none-eabi/4.7.2/thumb2/crtbegin.o
                0x0000000000003a94                __dso_handle
 .data          0x0000000000003a98        0x0 src/PebbleQRShare.c.9.o
 .data          0x0000000000003a98        0x0 src/bitstream.c.9.o
 .data          0x0000000000003a98        0x0 src/mask.c.9.o
 .data          0x0000000000003a98        0x0 src/mmask.c.9.o
 .data          0x0000000000003a98        0x0 src/mqrspec.c.9.o
 .data          0x0000000000003a98        0x0 src/qrencode.c.9.o
 .data          0x0000000000003a98        0x0 src/qrinput.c.9.o
 .data          0x0000000000003a98        0x0 src/qrspec.c.9.o
 .data          0x0000000000003a98        0x0 src/rscode.c.9.o
 .data          0x0000000000003a98        0x0 src/split.c.9.o
 .data          0x0000000000003a98        0x0 appinfo.auto.c.9.o
 .data          0x0000000000003a98        0x0 /home/gretchen/pebble-dev/PebbleSDK-2.0.1/Pebble/lib/libpebble.a(tmpziGGmipebble.o)
 .data          0x0000000000003a98        0x0 /home/gretchen/pebble-dev/PebbleSDK-2.0.1/arm-cs-tools/bin/../lib/gcc/arm-none-eabi/4.7.2/../../../../arm-none-eabi/lib/thumb2/libc.a(lib_a-errno.o)
 .data          0x0000000000003a98        0x0 /home/gretchen/pebble-dev/PebbleSDK-2.0.1/arm-cs-tools/bin/../lib/gcc/arm-none-eabi/4.7.2/../../../../arm-none-eabi/lib/thumb2/libc.a(lib_a-impure.o)
 .data          0x0000000000003a98        0x0 /home/gretchen/pebble-dev/PebbleSDK-2.0.1/arm-cs-tools/bin/../lib/gcc/arm-none-eabi/4.7.2/thumb2/crtend.o
 .data          0x0000000000003a98        0x0 /home/gretchen/pebble-dev/PebbleSDK-2.0.1/arm-cs-tools/bin/../lib/gcc/arm-none-eabi/4.7.2/thumb2/crtn.o
 *(.data.*)
 .data.QRDesc1  0x0000000000003a98       0x10 src/PebbleQRShare.c.9.o
                0x0000000000003a98                QRDesc1
 .data.QRDesc3  0x0000000000003aa8       0x10 src/PebbleQRShare.c.9.o
                0x0000000000003aa8                QRDesc3
 .data.QRDesc4  0x0000000000003ab8       0x10 src/PebbleQRShare.c.9.o
                0x0000000000003ab8                QRDesc4
 .data.QRContent1
                0x0000000000003ac8       0x4f src/PebbleQRShare.c.9.o
                0x0000000000003ac8                QRContent1
 .data.QRContent2
                0x0000000000003b17       0x4f src/PebbleQRShare.c.9.o
                0x0000000000003b17                QRContent2
 .data.QRContent3
                0x0000000000003b66       0x4f src/PebbleQRShare.c.9.o
                0x0000000000003b66                QRContent3
 .data.QRContent4
                0x0000000000003bb5       0x4f src/PebbleQRShare.c.9.o
                0x0000000000003bb5                QRContent4
 .data.QRDesc2  0x0000000000003c04       0x10 src/PebbleQRShare.c.9.o
                0x0000000000003c04                QRDesc2
 .data.rel.ro.local.maskMakers
                0x0000000000003c14       0x20 src/mask.c.9.o
 .data.rel.ro.local.maskMakers
                0x0000000000003c34       0x10 src/mmask.c.9.o
 .data.impure_data
                0x0000000000003c44       0xf0 /home/gretchen/pebble-dev/PebbleSDK-2.0.1/arm-cs-tools/bin/../lib/gcc/arm-none-eabi/4.7.2/../../../../arm-none-eabi/lib/thumb2/libc.a(lib_a-impure.o)
 .data._impure_ptr
                0x0000000000003d34        0x4 /home/gretchen/pebble-dev/PebbleSDK-2.0.1/arm-cs-tools/bin/../lib/gcc/arm-none-eabi/4.7.2/../../../../arm-none-eabi/lib/thumb2/libc.a(lib_a-impure.o)
                0x0000000000003d34                _impure_ptr

.igot.plt       0x0000000000003d38        0x0
 .igot.plt      0x0000000000000000        0x0 /home/gretchen/pebble-dev/PebbleSDK-2.0.1/arm-cs-tools/bin/../lib/gcc/arm-none-eabi/4.7.2/thumb2/crtbegin.o

.got            0x0000000000003d38        0x8
 .got           0x0000000000003d38        0x8 /home/gretchen/pebble-dev/PebbleSDK-2.0.1/arm-cs-tools/bin/../lib/gcc/arm-none-eabi/4.7.2/thumb2/crtbegin.o

.got.plt        0x0000000000003d40        0xc
 .got.plt       0x0000000000003d40        0xc /home/gretchen/pebble-dev/PebbleSDK-2.0.1/arm-cs-tools/bin/../lib/gcc/arm-none-eabi/4.7.2/thumb2/crtbegin.o
                0x0000000000003d40                _GLOBAL_OFFSET_TABLE_

.bss            0x0000000000003d4c      0x2b0
 *(.bss)
 *(.bss.*)
 .bss.window_layer
                0x0000000000003d4c        0x4 src/PebbleQRShare.c.9.o
                0x0000000000003d4c                window_layer
 .bss.index     0x0000000000003d50        0x4 src/PebbleQRShare.c.9.o
                0x0000000000003d50                index
 .bss.text_layer
                0x0000000000003d54        0x4 src/PebbleQRShare.c.9.o
 .bss.sync      0x0000000000003d58       0x20 src/PebbleQRShare.c.9.o
 .bss.sync_buffer
                0x0000000000003d78      0x1b6 src/PebbleQRShare.c.9.o
 *fill*         0x0000000000003f2e        0x2 
 .bss.window    0x0000000000003f30        0x4 src/PebbleQRShare.c.9.o
 .bss.frames    0x0000000000003f34       0x14 src/mqrspec.c.9.o
 .bss.frames    0x0000000000003f48       0xa4 src/qrspec.c.9.o
 .bss.rslist    0x0000000000003fec        0x4 src/rscode.c.9.o
 COMMON         0x0000000000003ff0        0xc src/PebbleQRShare.c.9.o
                0x0000000000003ff0                bounds
                0x0000000000003ff8                code

DISCARD
 libc.a(*)
 libm.a(*)
 libgcc.a(*)
 *(.eh_frame)
OUTPUT(/home/gretchen/Dropbox/Projects/QRShare/build/pebble-app.elf elf32-littlearm)

.ARM.attributes
                0x0000000000000000       0x27
 .ARM.attributes
                0x0000000000000000       0x19 /home/gretchen/pebble-dev/PebbleSDK-2.0.1/arm-cs-tools/bin/../lib/gcc/arm-none-eabi/4.7.2/thumb2/crti.o
 .ARM.attributes
                0x0000000000000019       0x29 /home/gretchen/pebble-dev/PebbleSDK-2.0.1/arm-cs-tools/bin/../lib/gcc/arm-none-eabi/4.7.2/thumb2/crtbegin.o
 .ARM.attributes
                0x0000000000000042       0x33 src/PebbleQRShare.c.9.o
 .ARM.attributes
                0x0000000000000075       0x33 src/bitstream.c.9.o
 .ARM.attributes
                0x00000000000000a8       0x33 src/mask.c.9.o
 .ARM.attributes
                0x00000000000000db       0x33 src/mmask.c.9.o
 .ARM.attributes
                0x000000000000010e       0x33 src/mqrspec.c.9.o
 .ARM.attributes
                0x0000000000000141       0x33 src/qrencode.c.9.o
 .ARM.attributes
                0x0000000000000174       0x33 src/qrinput.c.9.o
 .ARM.attributes
                0x00000000000001a7       0x33 src/qrspec.c.9.o
 .ARM.attributes
                0x00000000000001da       0x33 src/rscode.c.9.o
 .ARM.attributes
                0x000000000000020d       0x33 src/split.c.9.o
 .ARM.attributes
                0x0000000000000240       0x33 appinfo.auto.c.9.o
 .ARM.attributes
                0x0000000000000273       0x21 /home/gretchen/pebble-dev/PebbleSDK-2.0.1/Pebble/lib/libpebble.a(tmpziGGmipebble.o)
 .ARM.attributes
                0x0000000000000294       0x29 /home/gretchen/pebble-dev/PebbleSDK-2.0.1/arm-cs-tools/bin/../lib/gcc/arm-none-eabi/4.7.2/../../../../arm-none-eabi/lib/thumb2/libc.a(lib_a-errno.o)
 .ARM.attributes
                0x00000000000002bd       0x29 /home/gretchen/pebble-dev/PebbleSDK-2.0.1/arm-cs-tools/bin/../lib/gcc/arm-none-eabi/4.7.2/../../../../arm-none-eabi/lib/thumb2/libc.a(lib_a-impure.o)
 .ARM.attributes
                0x00000000000002e6       0x29 /home/gretchen/pebble-dev/PebbleSDK-2.0.1/arm-cs-tools/bin/../lib/gcc/arm-none-eabi/4.7.2/thumb2/crtend.o
 .ARM.attributes
                0x000000000000030f       0x19 /home/gretchen/pebble-dev/PebbleSDK-2.0.1/arm-cs-tools/bin/../lib/gcc/arm-none-eabi/4.7.2/thumb2/crtn.o

.comment        0x0000000000000000       0x4e
 .comment       0x0000000000000000       0x4e /home/gretchen/pebble-dev/PebbleSDK-2.0.1/arm-cs-tools/bin/../lib/gcc/arm-none-eabi/4.7.2/thumb2/crtbegin.o
                                         0x4f (size before relaxing)
 .comment       0x0000000000000000       0x4f src/PebbleQRShare.c.9.o
 .comment       0x0000000000000000       0x4f src/bitstream.c.9.o
 .comment       0x0000000000000000       0x4f src/mask.c.9.o
 .comment       0x0000000000000000       0x4f src/mmask.c.9.o
 .comment       0x0000000000000000       0x4f src/mqrspec.c.9.o
 .comment       0x0000000000000000       0x4f src/qrencode.c.9.o
 .comment       0x0000000000000000       0x4f src/qrinput.c.9.o
 .comment       0x0000000000000000       0x4f src/qrspec.c.9.o
 .comment       0x0000000000000000       0x4f src/rscode.c.9.o
 .comment       0x0000000000000000       0x4f src/split.c.9.o
 .comment       0x0000000000000000       0x4f appinfo.auto.c.9.o
 .comment       0x0000000000000000       0x4f /home/gretchen/pebble-dev/PebbleSDK-2.0.1/arm-cs-tools/bin/../lib/gcc/arm-none-eabi/4.7.2/../../../../arm-none-eabi/lib/thumb2/libc.a(lib_a-errno.o)
 .comment       0x0000000000000000       0x4f /home/gretchen/pebble-dev/PebbleSDK-2.0.1/arm-cs-tools/bin/../lib/gcc/arm-none-eabi/4.7.2/../../../../arm-none-eabi/lib/thumb2/libc.a(lib_a-impure.o)
 .comment       0x0000000000000000       0x4f /home/gretchen/pebble-dev/PebbleSDK-2.0.1/arm-cs-tools/bin/../lib/gcc/arm-none-eabi/4.7.2/thumb2/crtend.o

.debug_info     0x0000000000000000     0xb5a0
 .debug_info    0x0000000000000000     0x1449 src/PebbleQRShare.c.9.o
 .debug_info    0x0000000000001449      0x620 src/bitstream.c.9.o
 .debug_info    0x0000000000001a69      0xa77 src/mask.c.9.o
 .debug_info    0x00000000000024e0      0x685 src/mmask.c.9.o
 .debug_info    0x0000000000002b65      0x78e src/mqrspec.c.9.o
 .debug_info    0x00000000000032f3     0x2332 src/qrencode.c.9.o
 .debug_info    0x0000000000005625     0x2ba0 src/qrinput.c.9.o
 .debug_info    0x00000000000081c5      0xc21 src/qrspec.c.9.o
 .debug_info    0x0000000000008de6      0x602 src/rscode.c.9.o
 .debug_info    0x00000000000093e8      0xc44 src/split.c.9.o
 .debug_info    0x000000000000a02c      0x32e appinfo.auto.c.9.o
 .debug_info    0x000000000000a35a      0x8cd /home/gretchen/pebble-dev/PebbleSDK-2.0.1/arm-cs-tools/bin/../lib/gcc/arm-none-eabi/4.7.2/../../../../arm-none-eabi/lib/thumb2/libc.a(lib_a-errno.o)
 .debug_info    0x000000000000ac27      0x979 /home/gretchen/pebble-dev/PebbleSDK-2.0.1/arm-cs-tools/bin/../lib/gcc/arm-none-eabi/4.7.2/../../../../arm-none-eabi/lib/thumb2/libc.a(lib_a-impure.o)

.debug_abbrev   0x0000000000000000     0x2238
 .debug_abbrev  0x0000000000000000      0x3e8 src/PebbleQRShare.c.9.o
 .debug_abbrev  0x00000000000003e8      0x206 src/bitstream.c.9.o
 .debug_abbrev  0x00000000000005ee      0x220 src/mask.c.9.o
 .debug_abbrev  0x000000000000080e      0x1a6 src/mmask.c.9.o
 .debug_abbrev  0x00000000000009b4      0x24e src/mqrspec.c.9.o
 .debug_abbrev  0x0000000000000c02      0x4fa src/qrencode.c.9.o
 .debug_abbrev  0x00000000000010fc      0x4ba src/qrinput.c.9.o
 .debug_abbrev  0x00000000000015b6      0x365 src/qrspec.c.9.o
 .debug_abbrev  0x000000000000191b      0x2ad src/rscode.c.9.o
 .debug_abbrev  0x0000000000001bc8      0x32d src/split.c.9.o
 .debug_abbrev  0x0000000000001ef5       0xab appinfo.auto.c.9.o
 .debug_abbrev  0x0000000000001fa0      0x14c /home/gretchen/pebble-dev/PebbleSDK-2.0.1/arm-cs-tools/bin/../lib/gcc/arm-none-eabi/4.7.2/../../../../arm-none-eabi/lib/thumb2/libc.a(lib_a-errno.o)
 .debug_abbrev  0x00000000000020ec      0x14c /home/gretchen/pebble-dev/PebbleSDK-2.0.1/arm-cs-tools/bin/../lib/gcc/arm-none-eabi/4.7.2/../../../../arm-none-eabi/lib/thumb2/libc.a(lib_a-impure.o)

.debug_loc      0x0000000000000000     0x8827
 .debug_loc     0x0000000000000000      0x565 src/PebbleQRShare.c.9.o
 .debug_loc     0x0000000000000565      0x615 src/bitstream.c.9.o
 .debug_loc     0x0000000000000b7a     0x106d src/mask.c.9.o
 .debug_loc     0x0000000000001be7      0x779 src/mmask.c.9.o
 .debug_loc     0x0000000000002360      0x558 src/mqrspec.c.9.o
 .debug_loc     0x00000000000028b8     0x1dc2 src/qrencode.c.9.o
 .debug_loc     0x000000000000467a     0x29a5 src/qrinput.c.9.o
 .debug_loc     0x000000000000701f      0x9c8 src/qrspec.c.9.o
 .debug_loc     0x00000000000079e7      0x4ca src/rscode.c.9.o
 .debug_loc     0x0000000000007eb1      0x976 src/split.c.9.o

.debug_aranges  0x0000000000000000      0x5e0
 .debug_aranges
                0x0000000000000000       0x88 src/PebbleQRShare.c.9.o
 .debug_aranges
                0x0000000000000088       0x50 src/bitstream.c.9.o
 .debug_aranges
                0x00000000000000d8       0x90 src/mask.c.9.o
 .debug_aranges
                0x0000000000000168       0x58 src/mmask.c.9.o
 .debug_aranges
                0x00000000000001c0       0x60 src/mqrspec.c.9.o
 .debug_aranges
                0x0000000000000220      0x108 src/qrencode.c.9.o
 .debug_aranges
                0x0000000000000328      0x158 src/qrinput.c.9.o
 .debug_aranges
                0x0000000000000480       0x88 src/qrspec.c.9.o
 .debug_aranges
                0x0000000000000508       0x40 src/rscode.c.9.o
 .debug_aranges
                0x0000000000000548       0x48 src/split.c.9.o
 .debug_aranges
                0x0000000000000590       0x18 appinfo.auto.c.9.o
 .debug_aranges
                0x00000000000005a8       0x20 /home/gretchen/pebble-dev/PebbleSDK-2.0.1/arm-cs-tools/bin/../lib/gcc/arm-none-eabi/4.7.2/../../../../arm-none-eabi/lib/thumb2/libc.a(lib_a-errno.o)
 .debug_aranges
                0x00000000000005c8       0x18 /home/gretchen/pebble-dev/PebbleSDK-2.0.1/arm-cs-tools/bin/../lib/gcc/arm-none-eabi/4.7.2/../../../../arm-none-eabi/lib/thumb2/libc.a(lib_a-impure.o)

.debug_ranges   0x0000000000000000      0xa18
 .debug_ranges  0x0000000000000000      0x120 src/PebbleQRShare.c.9.o
 .debug_ranges  0x0000000000000120       0x40 src/bitstream.c.9.o
 .debug_ranges  0x0000000000000160       0x80 src/mask.c.9.o
 .debug_ranges  0x00000000000001e0       0x48 src/mmask.c.9.o
 .debug_ranges  0x0000000000000228       0xd8 src/mqrspec.c.9.o
 .debug_ranges  0x0000000000000300      0x1b8 src/qrencode.c.9.o
 .debug_ranges  0x00000000000004b8      0x360 src/qrinput.c.9.o
 .debug_ranges  0x0000000000000818      0x118 src/qrspec.c.9.o
 .debug_ranges  0x0000000000000930       0x30 src/rscode.c.9.o
 .debug_ranges  0x0000000000000960       0xa8 src/split.c.9.o
 .debug_ranges  0x0000000000000a08       0x10 /home/gretchen/pebble-dev/PebbleSDK-2.0.1/arm-cs-tools/bin/../lib/gcc/arm-none-eabi/4.7.2/../../../../arm-none-eabi/lib/thumb2/libc.a(lib_a-errno.o)

.debug_line     0x0000000000000000     0x2dc5
 .debug_line    0x0000000000000000      0x383 src/PebbleQRShare.c.9.o
 .debug_line    0x0000000000000383      0x279 src/bitstream.c.9.o
 .debug_line    0x00000000000005fc      0x56a src/mask.c.9.o
 .debug_line    0x0000000000000b66      0x384 src/mmask.c.9.o
 .debug_line    0x0000000000000eea      0x25b src/mqrspec.c.9.o
 .debug_line    0x0000000000001145      0x6e8 src/qrencode.c.9.o
 .debug_line    0x000000000000182d      0x8de src/qrinput.c.9.o
 .debug_line    0x000000000000210b      0x371 src/qrspec.c.9.o
 .debug_line    0x000000000000247c      0x24f src/rscode.c.9.o
 .debug_line    0x00000000000026cb      0x39a src/split.c.9.o
 .debug_line    0x0000000000002a65      0x120 appinfo.auto.c.9.o
 .debug_line    0x0000000000002b85      0x12d /home/gretchen/pebble-dev/PebbleSDK-2.0.1/arm-cs-tools/bin/../lib/gcc/arm-none-eabi/4.7.2/../../../../arm-none-eabi/lib/thumb2/libc.a(lib_a-errno.o)
 .debug_line    0x0000000000002cb2      0x113 /home/gretchen/pebble-dev/PebbleSDK-2.0.1/arm-cs-tools/bin/../lib/gcc/arm-none-eabi/4.7.2/../../../../arm-none-eabi/lib/thumb2/libc.a(lib_a-impure.o)

.debug_str      0x0000000000000000     0x2168
 .debug_str     0x0000000000000000      0xa26 src/PebbleQRShare.c.9.o
                                        0xb20 (size before relaxing)
 .debug_str     0x0000000000000a26       0xd1 src/bitstream.c.9.o
                                        0x1d4 (size before relaxing)
 .debug_str     0x0000000000000af7      0x108 src/mask.c.9.o
                                        0x29a (size before relaxing)
 .debug_str     0x0000000000000bff       0x9b src/mmask.c.9.o
                                        0x237 (size before relaxing)
 .debug_str     0x0000000000000c9a      0x1af src/mqrspec.c.9.o
                                        0x330 (size before relaxing)
 .debug_str     0x0000000000000e49      0x4bc src/qrencode.c.9.o
                                        0x866 (size before relaxing)
 .debug_str     0x0000000000001305      0x61d src/qrinput.c.9.o
                                        0xa3c (size before relaxing)
 .debug_str     0x0000000000001922       0x99 src/qrspec.c.9.o
                                        0x3ec (size before relaxing)
 .debug_str     0x00000000000019bb       0x8f src/rscode.c.9.o
                                        0x1bc (size before relaxing)
 .debug_str     0x0000000000001a4a       0x8f src/split.c.9.o
                                        0x38b (size before relaxing)
 .debug_str     0x0000000000001ad9      0x194 appinfo.auto.c.9.o
                                        0x2af (size before relaxing)
 .debug_str     0x0000000000001c6d      0x406 /home/gretchen/pebble-dev/PebbleSDK-2.0.1/arm-cs-tools/bin/../lib/gcc/arm-none-eabi/4.7.2/../../../../arm-none-eabi/lib/thumb2/libc.a(lib_a-errno.o)
                                        0x4ef (size before relaxing)
 .debug_str     0x0000000000002073       0xf5 /home/gretchen/pebble-dev/PebbleSDK-2.0.1/arm-cs-tools/bin/../lib/gcc/arm-none-eabi/4.7.2/../../../../arm-none-eabi/lib/thumb2/libc.a(lib_a-impure.o)
                                        0x546 (size before relaxing)

.debug_frame    0x0000000000000000     0x10a4
 .debug_frame   0x0000000000000000      0x15c src/PebbleQRShare.c.9.o
 .debug_frame   0x000000000000015c       0xe0 src/bitstream.c.9.o
 .debug_frame   0x000000000000023c      0x21c src/mask.c.9.o
 .debug_frame   0x0000000000000458      0x120 src/mmask.c.9.o
 .debug_frame   0x0000000000000578       0xcc src/mqrspec.c.9.o
 .debug_frame   0x0000000000000644      0x354 src/qrencode.c.9.o
 .debug_frame   0x0000000000000998      0x408 src/qrinput.c.9.o
 .debug_frame   0x0000000000000da0      0x164 src/qrspec.c.9.o
 .debug_frame   0x0000000000000f04       0xa4 src/rscode.c.9.o
 .debug_frame   0x0000000000000fa8       0xdc src/split.c.9.o
 .debug_frame   0x0000000000001084       0x20 /home/gretchen/pebble-dev/PebbleSDK-2.0.1/arm-cs-tools/bin/../lib/gcc/arm-none-eabi/4.7.2/../../../../arm-none-eabi/lib/thumb2/libc.a(lib_a-errno.o)
