Archive member included because of file (symbol)

/home/gretchen/pebble-dev/PebbleSDK-2.0.1/Pebble/lib/libpebble.a(tmpziGGmipebble.o)
                              src/PebbleQRShare.c.9.o (app_event_loop)
/home/gretchen/pebble-dev/PebbleSDK-2.0.1/arm-cs-tools/bin/../lib/gcc/arm-none-eabi/4.7.2/../../../../arm-none-eabi/lib/thumb2/libc.a(lib_a-errno.o)
                              src/mask.c.9.o (__errno)
/home/gretchen/pebble-dev/PebbleSDK-2.0.1/arm-cs-tools/bin/../lib/gcc/arm-none-eabi/4.7.2/../../../../arm-none-eabi/lib/thumb2/libc.a(lib_a-impure.o)
                              /home/gretchen/pebble-dev/PebbleSDK-2.0.1/arm-cs-tools/bin/../lib/gcc/arm-none-eabi/4.7.2/../../../../arm-none-eabi/lib/thumb2/libc.a(lib_a-errno.o) (_impure_ptr)

Allocating common symbols
Common symbol       size              file

bounds              0x8               src/PebbleQRShare.c.9.o
code                0x4               src/PebbleQRShare.c.9.o

Discarded input sections

 .text          0x0000000000000000        0x0 /home/gretchen/pebble-dev/PebbleSDK-2.0.1/arm-cs-tools/bin/../lib/gcc/arm-none-eabi/4.7.2/thumb2/crti.o
 .bss           0x0000000000000000        0x0 /home/gretchen/pebble-dev/PebbleSDK-2.0.1/arm-cs-tools/bin/../lib/gcc/arm-none-eabi/4.7.2/thumb2/crti.o
 .init          0x0000000000000000        0x4 /home/gretchen/pebble-dev/PebbleSDK-2.0.1/arm-cs-tools/bin/../lib/gcc/arm-none-eabi/4.7.2/thumb2/crti.o
 .fini          0x0000000000000000        0x4 /home/gretchen/pebble-dev/PebbleSDK-2.0.1/arm-cs-tools/bin/../lib/gcc/arm-none-eabi/4.7.2/thumb2/crti.o
 .text          0x0000000000000000       0xc8 /home/gretchen/pebble-dev/PebbleSDK-2.0.1/arm-cs-tools/bin/../lib/gcc/arm-none-eabi/4.7.2/thumb2/crtbegin.o
 .bss           0x0000000000000000       0x1c /home/gretchen/pebble-dev/PebbleSDK-2.0.1/arm-cs-tools/bin/../lib/gcc/arm-none-eabi/4.7.2/thumb2/crtbegin.o
 .init_array    0x0000000000000000        0x4 /home/gretchen/pebble-dev/PebbleSDK-2.0.1/arm-cs-tools/bin/../lib/gcc/arm-none-eabi/4.7.2/thumb2/crtbegin.o
 .fini_array    0x0000000000000000        0x4 /home/gretchen/pebble-dev/PebbleSDK-2.0.1/arm-cs-tools/bin/../lib/gcc/arm-none-eabi/4.7.2/thumb2/crtbegin.o
 .eh_frame      0x0000000000000000        0x0 /home/gretchen/pebble-dev/PebbleSDK-2.0.1/arm-cs-tools/bin/../lib/gcc/arm-none-eabi/4.7.2/thumb2/crtbegin.o
 .jcr           0x0000000000000000        0x0 /home/gretchen/pebble-dev/PebbleSDK-2.0.1/arm-cs-tools/bin/../lib/gcc/arm-none-eabi/4.7.2/thumb2/crtbegin.o
 .tm_clone_table
                0x0000000000000000        0x0 /home/gretchen/pebble-dev/PebbleSDK-2.0.1/arm-cs-tools/bin/../lib/gcc/arm-none-eabi/4.7.2/thumb2/crtbegin.o
 .text          0x0000000000000000        0x0 src/PebbleQRShare.c.9.o
 .bss           0x0000000000000000        0x0 src/PebbleQRShare.c.9.o
 .text.getStrLen
                0x0000000000000000        0xa src/PebbleQRShare.c.9.o
 .text          0x0000000000000000        0x0 src/bitstream.c.9.o
 .bss           0x0000000000000000        0x0 src/bitstream.c.9.o
 .text          0x0000000000000000        0x0 src/mask.c.9.o
 .bss           0x0000000000000000        0x0 src/mask.c.9.o
 .text          0x0000000000000000        0x0 src/mmask.c.9.o
 .bss           0x0000000000000000        0x0 src/mmask.c.9.o
 .text          0x0000000000000000        0x0 src/mqrspec.c.9.o
 .bss           0x0000000000000000        0x0 src/mqrspec.c.9.o
 .text.MQRspec_maximumWords
                0x0000000000000000       0x24 src/mqrspec.c.9.o
 .text.MQRspec_clearCache
                0x0000000000000000       0x20 src/mqrspec.c.9.o
 .text          0x0000000000000000        0x0 src/qrencode.c.9.o
 .bss           0x0000000000000000        0x0 src/qrencode.c.9.o
 .text.QRcode_encodeStringReal
                0x0000000000000000       0x6a src/qrencode.c.9.o
 .text.QRcode_encodeString
                0x0000000000000000       0x10 src/qrencode.c.9.o
 .text.QRcode_encodeStringMQR
                0x0000000000000000       0x10 src/qrencode.c.9.o
 .text.QRcode_encodeString8bit
                0x0000000000000000       0x2c src/qrencode.c.9.o
 .text.QRcode_encodeDataMQR
                0x0000000000000000       0x12 src/qrencode.c.9.o
 .text.QRcode_encodeString8bitMQR
                0x0000000000000000       0x2c src/qrencode.c.9.o
 .text.QRcode_List_free
                0x0000000000000000       0x1c src/qrencode.c.9.o
 .text.QRcode_List_size
                0x0000000000000000       0x10 src/qrencode.c.9.o
 .text.QRcode_encodeInputStructured
                0x0000000000000000       0x4c src/qrencode.c.9.o
 .text.QRcode_encodeDataStructuredReal
                0x0000000000000000       0x8a src/qrencode.c.9.o
 .text.QRcode_encodeDataStructured
                0x0000000000000000       0x18 src/qrencode.c.9.o
 .text.QRcode_encodeString8bitStructured
                0x0000000000000000       0x28 src/qrencode.c.9.o
 .text.QRcode_encodeStringStructured
                0x0000000000000000       0x36 src/qrencode.c.9.o
 .text.QRcode_APIVersion
                0x0000000000000000       0x14 src/qrencode.c.9.o
 .text.QRcode_APIVersionString
                0x0000000000000000        0xc src/qrencode.c.9.o
 .text.QRcode_clearCache
                0x0000000000000000       0x12 src/qrencode.c.9.o
 .rodata.str1.1
                0x0000000000000000        0x6 src/qrencode.c.9.o
 .text          0x0000000000000000        0x0 src/qrinput.c.9.o
 .bss           0x0000000000000000        0x0 src/qrinput.c.9.o
 .text.QRinput_calcParity
                0x0000000000000000       0x26 src/qrinput.c.9.o
 .text.QRinput_new
                0x0000000000000000        0x8 src/qrinput.c.9.o
 .text.QRinput_getVersion
                0x0000000000000000        0x4 src/qrinput.c.9.o
 .text.QRinput_getErrorCorrectionLevel
                0x0000000000000000        0x4 src/qrinput.c.9.o
 .text.QRinput_setErrorCorrectionLevel
                0x0000000000000000       0x1e src/qrinput.c.9.o
 .text.QRinput_setVersionAndErrorCorrectionLevel
                0x0000000000000000       0x3a src/qrinput.c.9.o
 .text.QRinput_dup
                0x0000000000000000       0x78 src/qrinput.c.9.o
 .text.QRinput_estimateBitsMode8
                0x0000000000000000        0x4 src/qrinput.c.9.o
 .text.QRinput_estimateBitsModeKanji
                0x0000000000000000        0xc src/qrinput.c.9.o
 .text.QRinput_insertStructuredAppendHeader
                0x0000000000000000       0x44 src/qrinput.c.9.o
 .text.QRinput_appendECIheader
                0x0000000000000000       0x40 src/qrinput.c.9.o
 .text.QRinput_lengthOfCode
                0x0000000000000000       0x82 src/qrinput.c.9.o
 .text.QRinput_Struct_new
                0x0000000000000000       0x1a src/qrinput.c.9.o
 .text.QRinput_Struct_setParity
                0x0000000000000000        0x4 src/qrinput.c.9.o
 .text.QRinput_Struct_appendInput
                0x0000000000000000       0x3c src/qrinput.c.9.o
 .text.QRinput_Struct_free
                0x0000000000000000       0x2a src/qrinput.c.9.o
 .text.QRinput_splitEntry
                0x0000000000000000       0x4c src/qrinput.c.9.o
 .text.QRinput_Struct_insertStructuredAppendHeaders
                0x0000000000000000       0x56 src/qrinput.c.9.o
 .text.QRinput_splitQRinputToStruct
                0x0000000000000000      0x144 src/qrinput.c.9.o
 .text.QRinput_setFNC1First
                0x0000000000000000       0x1c src/qrinput.c.9.o
 .text.QRinput_setFNC1Second
                0x0000000000000000       0x1e src/qrinput.c.9.o
 .text          0x0000000000000000        0x0 src/qrspec.c.9.o
 .bss           0x0000000000000000        0x0 src/qrspec.c.9.o
 .text.QRspec_getECCLength
                0x0000000000000000       0x18 src/qrspec.c.9.o
 .text.QRspec_clearCache
                0x0000000000000000       0x20 src/qrspec.c.9.o
 .text          0x0000000000000000        0x0 src/rscode.c.9.o
 .bss           0x0000000000000000        0x0 src/rscode.c.9.o
 .text.free_rs_char
                0x0000000000000000       0x20 src/rscode.c.9.o
 .text.free_rs_cache
                0x0000000000000000       0x28 src/rscode.c.9.o
 .text          0x0000000000000000        0x0 src/split.c.9.o
 .bss           0x0000000000000000        0x0 src/split.c.9.o
 .text.Split_identifyMode
                0x0000000000000000       0x68 src/split.c.9.o
 .text.Split_eat8
                0x0000000000000000      0x128 src/split.c.9.o
 .text.Split_eatAn
                0x0000000000000000      0x108 src/split.c.9.o
 .text.Split_splitString
                0x0000000000000000       0xfc src/split.c.9.o
 .text.strdup   0x0000000000000000       0x20 src/split.c.9.o
 .text.Split_splitStringToQRinput
                0x0000000000000000       0x72 src/split.c.9.o
 .text          0x0000000000000000        0x0 appinfo.auto.c.9.o
 .bss           0x0000000000000000        0x0 appinfo.auto.c.9.o
 .bss           0x0000000000000000        0x0 /home/gretchen/pebble-dev/PebbleSDK-2.0.1/Pebble/lib/libpebble.a(tmpziGGmipebble.o)
 .text.accel_data_service_subscribe__deprecated
                0x0000000000000000        0xc /home/gretchen/pebble-dev/PebbleSDK-2.0.1/Pebble/lib/libpebble.a(tmpziGGmipebble.o)
 .text.accel_data_service_unsubscribe
                0x0000000000000000        0xc /home/gretchen/pebble-dev/PebbleSDK-2.0.1/Pebble/lib/libpebble.a(tmpziGGmipebble.o)
 .text.accel_service_peek
                0x0000000000000000        0xc /home/gretchen/pebble-dev/PebbleSDK-2.0.1/Pebble/lib/libpebble.a(tmpziGGmipebble.o)
 .text.accel_service_set_samples_per_update
                0x0000000000000000        0xc /home/gretchen/pebble-dev/PebbleSDK-2.0.1/Pebble/lib/libpebble.a(tmpziGGmipebble.o)
 .text.accel_service_set_sampling_rate
                0x0000000000000000        0xc /home/gretchen/pebble-dev/PebbleSDK-2.0.1/Pebble/lib/libpebble.a(tmpziGGmipebble.o)
 .text.accel_tap_service_subscribe
                0x0000000000000000        0xc /home/gretchen/pebble-dev/PebbleSDK-2.0.1/Pebble/lib/libpebble.a(tmpziGGmipebble.o)
 .text.accel_tap_service_unsubscribe
                0x0000000000000000        0xc /home/gretchen/pebble-dev/PebbleSDK-2.0.1/Pebble/lib/libpebble.a(tmpziGGmipebble.o)
 .text.action_bar_layer_add_to_window
                0x0000000000000000        0xc /home/gretchen/pebble-dev/PebbleSDK-2.0.1/Pebble/lib/libpebble.a(tmpziGGmipebble.o)
 .text.action_bar_layer_clear_icon
                0x0000000000000000        0xc /home/gretchen/pebble-dev/PebbleSDK-2.0.1/Pebble/lib/libpebble.a(tmpziGGmipebble.o)
 .text.action_bar_layer_create
                0x0000000000000000        0xc /home/gretchen/pebble-dev/PebbleSDK-2.0.1/Pebble/lib/libpebble.a(tmpziGGmipebble.o)
 .text.action_bar_layer_destroy
                0x0000000000000000        0xc /home/gretchen/pebble-dev/PebbleSDK-2.0.1/Pebble/lib/libpebble.a(tmpziGGmipebble.o)
 .text.action_bar_layer_get_layer
                0x0000000000000000        0xc /home/gretchen/pebble-dev/PebbleSDK-2.0.1/Pebble/lib/libpebble.a(tmpziGGmipebble.o)
 .text.action_bar_layer_remove_from_window
                0x0000000000000000        0xc /home/gretchen/pebble-dev/PebbleSDK-2.0.1/Pebble/lib/libpebble.a(tmpziGGmipebble.o)
 .text.action_bar_layer_set_background_color
                0x0000000000000000        0xc /home/gretchen/pebble-dev/PebbleSDK-2.0.1/Pebble/lib/libpebble.a(tmpziGGmipebble.o)
 .text.action_bar_layer_set_click_config_provider
                0x0000000000000000        0xc /home/gretchen/pebble-dev/PebbleSDK-2.0.1/Pebble/lib/libpebble.a(tmpziGGmipebble.o)
 .text.action_bar_layer_set_context
                0x0000000000000000        0xc /home/gretchen/pebble-dev/PebbleSDK-2.0.1/Pebble/lib/libpebble.a(tmpziGGmipebble.o)
 .text.action_bar_layer_set_icon
                0x0000000000000000        0xc /home/gretchen/pebble-dev/PebbleSDK-2.0.1/Pebble/lib/libpebble.a(tmpziGGmipebble.o)
 .text.animation_create
                0x0000000000000000        0xc /home/gretchen/pebble-dev/PebbleSDK-2.0.1/Pebble/lib/libpebble.a(tmpziGGmipebble.o)
 .text.animation_destroy
                0x0000000000000000        0xc /home/gretchen/pebble-dev/PebbleSDK-2.0.1/Pebble/lib/libpebble.a(tmpziGGmipebble.o)
 .text.animation_get_context
                0x0000000000000000        0xc /home/gretchen/pebble-dev/PebbleSDK-2.0.1/Pebble/lib/libpebble.a(tmpziGGmipebble.o)
 .text.animation_is_scheduled
                0x0000000000000000        0xc /home/gretchen/pebble-dev/PebbleSDK-2.0.1/Pebble/lib/libpebble.a(tmpziGGmipebble.o)
 .text.animation_schedule
                0x0000000000000000        0xc /home/gretchen/pebble-dev/PebbleSDK-2.0.1/Pebble/lib/libpebble.a(tmpziGGmipebble.o)
 .text.animation_set_curve
                0x0000000000000000        0xc /home/gretchen/pebble-dev/PebbleSDK-2.0.1/Pebble/lib/libpebble.a(tmpziGGmipebble.o)
 .text.animation_set_delay
                0x0000000000000000        0xc /home/gretchen/pebble-dev/PebbleSDK-2.0.1/Pebble/lib/libpebble.a(tmpziGGmipebble.o)
 .text.animation_set_duration
                0x0000000000000000        0xc /home/gretchen/pebble-dev/PebbleSDK-2.0.1/Pebble/lib/libpebble.a(tmpziGGmipebble.o)
 .text.animation_set_handlers
                0x0000000000000000        0xc /home/gretchen/pebble-dev/PebbleSDK-2.0.1/Pebble/lib/libpebble.a(tmpziGGmipebble.o)
 .text.animation_set_implementation
                0x0000000000000000        0xc /home/gretchen/pebble-dev/PebbleSDK-2.0.1/Pebble/lib/libpebble.a(tmpziGGmipebble.o)
 .text.animation_unschedule
                0x0000000000000000        0xc /home/gretchen/pebble-dev/PebbleSDK-2.0.1/Pebble/lib/libpebble.a(tmpziGGmipebble.o)
 .text.animation_unschedule_all
                0x0000000000000000        0xc /home/gretchen/pebble-dev/PebbleSDK-2.0.1/Pebble/lib/libpebble.a(tmpziGGmipebble.o)
 .text.app_comm_get_sniff_interval
                0x0000000000000000        0xc /home/gretchen/pebble-dev/PebbleSDK-2.0.1/Pebble/lib/libpebble.a(tmpziGGmipebble.o)
 .text.app_comm_set_sniff_interval
                0x0000000000000000        0xc /home/gretchen/pebble-dev/PebbleSDK-2.0.1/Pebble/lib/libpebble.a(tmpziGGmipebble.o)
 .text.app_log  0x0000000000000000        0xc /home/gretchen/pebble-dev/PebbleSDK-2.0.1/Pebble/lib/libpebble.a(tmpziGGmipebble.o)
 .text.app_message_deregister_callbacks
                0x0000000000000000        0xc /home/gretchen/pebble-dev/PebbleSDK-2.0.1/Pebble/lib/libpebble.a(tmpziGGmipebble.o)
 .text.app_sync_deinit
                0x0000000000000000        0xc /home/gretchen/pebble-dev/PebbleSDK-2.0.1/Pebble/lib/libpebble.a(tmpziGGmipebble.o)
 .text.app_sync_get
                0x0000000000000000        0xc /home/gretchen/pebble-dev/PebbleSDK-2.0.1/Pebble/lib/libpebble.a(tmpziGGmipebble.o)
 .text.app_sync_set
                0x0000000000000000        0xc /home/gretchen/pebble-dev/PebbleSDK-2.0.1/Pebble/lib/libpebble.a(tmpziGGmipebble.o)
 .text.app_timer_cancel
                0x0000000000000000        0xc /home/gretchen/pebble-dev/PebbleSDK-2.0.1/Pebble/lib/libpebble.a(tmpziGGmipebble.o)
 .text.app_timer_register
                0x0000000000000000        0xc /home/gretchen/pebble-dev/PebbleSDK-2.0.1/Pebble/lib/libpebble.a(tmpziGGmipebble.o)
 .text.app_timer_reschedule
                0x0000000000000000        0xc /home/gretchen/pebble-dev/PebbleSDK-2.0.1/Pebble/lib/libpebble.a(tmpziGGmipebble.o)
 .text.atan2_lookup
                0x0000000000000000        0xc /home/gretchen/pebble-dev/PebbleSDK-2.0.1/Pebble/lib/libpebble.a(tmpziGGmipebble.o)
 .text.atoi     0x0000000000000000        0xc /home/gretchen/pebble-dev/PebbleSDK-2.0.1/Pebble/lib/libpebble.a(tmpziGGmipebble.o)
 .text.atol     0x0000000000000000        0xc /home/gretchen/pebble-dev/PebbleSDK-2.0.1/Pebble/lib/libpebble.a(tmpziGGmipebble.o)
 .text.battery_state_service_peek
                0x0000000000000000        0xc /home/gretchen/pebble-dev/PebbleSDK-2.0.1/Pebble/lib/libpebble.a(tmpziGGmipebble.o)
 .text.battery_state_service_subscribe
                0x0000000000000000        0xc /home/gretchen/pebble-dev/PebbleSDK-2.0.1/Pebble/lib/libpebble.a(tmpziGGmipebble.o)
 .text.battery_state_service_unsubscribe
                0x0000000000000000        0xc /home/gretchen/pebble-dev/PebbleSDK-2.0.1/Pebble/lib/libpebble.a(tmpziGGmipebble.o)
 .text.bitmap_layer_create
                0x0000000000000000        0xc /home/gretchen/pebble-dev/PebbleSDK-2.0.1/Pebble/lib/libpebble.a(tmpziGGmipebble.o)
 .text.bitmap_layer_destroy
                0x0000000000000000        0xc /home/gretchen/pebble-dev/PebbleSDK-2.0.1/Pebble/lib/libpebble.a(tmpziGGmipebble.o)
 .text.bitmap_layer_get_layer
                0x0000000000000000        0xc /home/gretchen/pebble-dev/PebbleSDK-2.0.1/Pebble/lib/libpebble.a(tmpziGGmipebble.o)
 .text.bitmap_layer_set_alignment
                0x0000000000000000        0xc /home/gretchen/pebble-dev/PebbleSDK-2.0.1/Pebble/lib/libpebble.a(tmpziGGmipebble.o)
 .text.bitmap_layer_set_background_color
                0x0000000000000000        0xc /home/gretchen/pebble-dev/PebbleSDK-2.0.1/Pebble/lib/libpebble.a(tmpziGGmipebble.o)
 .text.bitmap_layer_set_bitmap
                0x0000000000000000        0xc /home/gretchen/pebble-dev/PebbleSDK-2.0.1/Pebble/lib/libpebble.a(tmpziGGmipebble.o)
 .text.bitmap_layer_set_compositing_mode
                0x0000000000000000        0xc /home/gretchen/pebble-dev/PebbleSDK-2.0.1/Pebble/lib/libpebble.a(tmpziGGmipebble.o)
 .text.bluetooth_connection_service_peek
                0x0000000000000000        0xc /home/gretchen/pebble-dev/PebbleSDK-2.0.1/Pebble/lib/libpebble.a(tmpziGGmipebble.o)
 .text.bluetooth_connection_service_subscribe
                0x0000000000000000        0xc /home/gretchen/pebble-dev/PebbleSDK-2.0.1/Pebble/lib/libpebble.a(tmpziGGmipebble.o)
 .text.bluetooth_connection_service_unsubscribe
                0x0000000000000000        0xc /home/gretchen/pebble-dev/PebbleSDK-2.0.1/Pebble/lib/libpebble.a(tmpziGGmipebble.o)
 .text.click_number_of_clicks_counted
                0x0000000000000000        0xc /home/gretchen/pebble-dev/PebbleSDK-2.0.1/Pebble/lib/libpebble.a(tmpziGGmipebble.o)
 .text.click_recognizer_get_button_id
                0x0000000000000000        0xc /home/gretchen/pebble-dev/PebbleSDK-2.0.1/Pebble/lib/libpebble.a(tmpziGGmipebble.o)
 .text.clock_copy_time_string
                0x0000000000000000        0xc /home/gretchen/pebble-dev/PebbleSDK-2.0.1/Pebble/lib/libpebble.a(tmpziGGmipebble.o)
 .text.clock_is_24h_style
                0x0000000000000000        0xc /home/gretchen/pebble-dev/PebbleSDK-2.0.1/Pebble/lib/libpebble.a(tmpziGGmipebble.o)
 .text.cos_lookup
                0x0000000000000000        0xc /home/gretchen/pebble-dev/PebbleSDK-2.0.1/Pebble/lib/libpebble.a(tmpziGGmipebble.o)
 .text.data_logging_create
                0x0000000000000000        0xc /home/gretchen/pebble-dev/PebbleSDK-2.0.1/Pebble/lib/libpebble.a(tmpziGGmipebble.o)
 .text.data_logging_finish
                0x0000000000000000        0xc /home/gretchen/pebble-dev/PebbleSDK-2.0.1/Pebble/lib/libpebble.a(tmpziGGmipebble.o)
 .text.data_logging_log
                0x0000000000000000        0xc /home/gretchen/pebble-dev/PebbleSDK-2.0.1/Pebble/lib/libpebble.a(tmpziGGmipebble.o)
 .text.dict_calc_buffer_size
                0x0000000000000000        0xc /home/gretchen/pebble-dev/PebbleSDK-2.0.1/Pebble/lib/libpebble.a(tmpziGGmipebble.o)
 .text.dict_calc_buffer_size_from_tuplets
                0x0000000000000000        0xc /home/gretchen/pebble-dev/PebbleSDK-2.0.1/Pebble/lib/libpebble.a(tmpziGGmipebble.o)
 .text.dict_find
                0x0000000000000000        0xc /home/gretchen/pebble-dev/PebbleSDK-2.0.1/Pebble/lib/libpebble.a(tmpziGGmipebble.o)
 .text.dict_merge
                0x0000000000000000        0xc /home/gretchen/pebble-dev/PebbleSDK-2.0.1/Pebble/lib/libpebble.a(tmpziGGmipebble.o)
 .text.dict_read_begin_from_buffer
                0x0000000000000000        0xc /home/gretchen/pebble-dev/PebbleSDK-2.0.1/Pebble/lib/libpebble.a(tmpziGGmipebble.o)
 .text.dict_read_first
                0x0000000000000000        0xc /home/gretchen/pebble-dev/PebbleSDK-2.0.1/Pebble/lib/libpebble.a(tmpziGGmipebble.o)
 .text.dict_read_next
                0x0000000000000000        0xc /home/gretchen/pebble-dev/PebbleSDK-2.0.1/Pebble/lib/libpebble.a(tmpziGGmipebble.o)
 .text.dict_serialize_tuplets
                0x0000000000000000        0xc /home/gretchen/pebble-dev/PebbleSDK-2.0.1/Pebble/lib/libpebble.a(tmpziGGmipebble.o)
 .text.dict_serialize_tuplets_to_buffer__deprecated
                0x0000000000000000        0xc /home/gretchen/pebble-dev/PebbleSDK-2.0.1/Pebble/lib/libpebble.a(tmpziGGmipebble.o)
 .text.dict_serialize_tuplets_to_buffer_with_iter
                0x0000000000000000        0xc /home/gretchen/pebble-dev/PebbleSDK-2.0.1/Pebble/lib/libpebble.a(tmpziGGmipebble.o)
 .text.dict_write_begin
                0x0000000000000000        0xc /home/gretchen/pebble-dev/PebbleSDK-2.0.1/Pebble/lib/libpebble.a(tmpziGGmipebble.o)
 .text.dict_write_cstring
                0x0000000000000000        0xc /home/gretchen/pebble-dev/PebbleSDK-2.0.1/Pebble/lib/libpebble.a(tmpziGGmipebble.o)
 .text.dict_write_data
                0x0000000000000000        0xc /home/gretchen/pebble-dev/PebbleSDK-2.0.1/Pebble/lib/libpebble.a(tmpziGGmipebble.o)
 .text.dict_write_end
                0x0000000000000000        0xc /home/gretchen/pebble-dev/PebbleSDK-2.0.1/Pebble/lib/libpebble.a(tmpziGGmipebble.o)
 .text.dict_write_int
                0x0000000000000000        0xc /home/gretchen/pebble-dev/PebbleSDK-2.0.1/Pebble/lib/libpebble.a(tmpziGGmipebble.o)
 .text.dict_write_int16
                0x0000000000000000        0xc /home/gretchen/pebble-dev/PebbleSDK-2.0.1/Pebble/lib/libpebble.a(tmpziGGmipebble.o)
 .text.dict_write_int32
                0x0000000000000000        0xc /home/gretchen/pebble-dev/PebbleSDK-2.0.1/Pebble/lib/libpebble.a(tmpziGGmipebble.o)
 .text.dict_write_int8
                0x0000000000000000        0xc /home/gretchen/pebble-dev/PebbleSDK-2.0.1/Pebble/lib/libpebble.a(tmpziGGmipebble.o)
 .text.dict_write_tuplet
                0x0000000000000000        0xc /home/gretchen/pebble-dev/PebbleSDK-2.0.1/Pebble/lib/libpebble.a(tmpziGGmipebble.o)
 .text.dict_write_uint16
                0x0000000000000000        0xc /home/gretchen/pebble-dev/PebbleSDK-2.0.1/Pebble/lib/libpebble.a(tmpziGGmipebble.o)
 .text.dict_write_uint32
                0x0000000000000000        0xc /home/gretchen/pebble-dev/PebbleSDK-2.0.1/Pebble/lib/libpebble.a(tmpziGGmipebble.o)
 .text.dict_write_uint8
                0x0000000000000000        0xc /home/gretchen/pebble-dev/PebbleSDK-2.0.1/Pebble/lib/libpebble.a(tmpziGGmipebble.o)
 .text.fonts_get_system_font
                0x0000000000000000        0xc /home/gretchen/pebble-dev/PebbleSDK-2.0.1/Pebble/lib/libpebble.a(tmpziGGmipebble.o)
 .text.fonts_load_custom_font
                0x0000000000000000        0xc /home/gretchen/pebble-dev/PebbleSDK-2.0.1/Pebble/lib/libpebble.a(tmpziGGmipebble.o)
 .text.fonts_unload_custom_font
                0x0000000000000000        0xc /home/gretchen/pebble-dev/PebbleSDK-2.0.1/Pebble/lib/libpebble.a(tmpziGGmipebble.o)
 .text.gbitmap_create_as_sub_bitmap
                0x0000000000000000        0xc /home/gretchen/pebble-dev/PebbleSDK-2.0.1/Pebble/lib/libpebble.a(tmpziGGmipebble.o)
 .text.gbitmap_create_with_data
                0x0000000000000000        0xc /home/gretchen/pebble-dev/PebbleSDK-2.0.1/Pebble/lib/libpebble.a(tmpziGGmipebble.o)
 .text.gbitmap_create_with_resource
                0x0000000000000000        0xc /home/gretchen/pebble-dev/PebbleSDK-2.0.1/Pebble/lib/libpebble.a(tmpziGGmipebble.o)
 .text.gbitmap_destroy
                0x0000000000000000        0xc /home/gretchen/pebble-dev/PebbleSDK-2.0.1/Pebble/lib/libpebble.a(tmpziGGmipebble.o)
 .text.gmtime   0x0000000000000000        0xc /home/gretchen/pebble-dev/PebbleSDK-2.0.1/Pebble/lib/libpebble.a(tmpziGGmipebble.o)
 .text.gpath_create
                0x0000000000000000        0xc /home/gretchen/pebble-dev/PebbleSDK-2.0.1/Pebble/lib/libpebble.a(tmpziGGmipebble.o)
 .text.gpath_destroy
                0x0000000000000000        0xc /home/gretchen/pebble-dev/PebbleSDK-2.0.1/Pebble/lib/libpebble.a(tmpziGGmipebble.o)
 .text.gpath_draw_filled
                0x0000000000000000        0xc /home/gretchen/pebble-dev/PebbleSDK-2.0.1/Pebble/lib/libpebble.a(tmpziGGmipebble.o)
 .text.gpath_draw_outline
                0x0000000000000000        0xc /home/gretchen/pebble-dev/PebbleSDK-2.0.1/Pebble/lib/libpebble.a(tmpziGGmipebble.o)
 .text.gpath_move_to
                0x0000000000000000        0xc /home/gretchen/pebble-dev/PebbleSDK-2.0.1/Pebble/lib/libpebble.a(tmpziGGmipebble.o)
 .text.gpath_rotate_to
                0x0000000000000000        0xc /home/gretchen/pebble-dev/PebbleSDK-2.0.1/Pebble/lib/libpebble.a(tmpziGGmipebble.o)
 .text.gpoint_equal
                0x0000000000000000        0xc /home/gretchen/pebble-dev/PebbleSDK-2.0.1/Pebble/lib/libpebble.a(tmpziGGmipebble.o)
 .text.graphics_context_set_compositing_mode
                0x0000000000000000        0xc /home/gretchen/pebble-dev/PebbleSDK-2.0.1/Pebble/lib/libpebble.a(tmpziGGmipebble.o)
 .text.graphics_context_set_stroke_color
                0x0000000000000000        0xc /home/gretchen/pebble-dev/PebbleSDK-2.0.1/Pebble/lib/libpebble.a(tmpziGGmipebble.o)
 .text.graphics_context_set_text_color
                0x0000000000000000        0xc /home/gretchen/pebble-dev/PebbleSDK-2.0.1/Pebble/lib/libpebble.a(tmpziGGmipebble.o)
 .text.graphics_draw_bitmap_in_rect
                0x0000000000000000        0xc /home/gretchen/pebble-dev/PebbleSDK-2.0.1/Pebble/lib/libpebble.a(tmpziGGmipebble.o)
 .text.graphics_draw_circle
                0x0000000000000000        0xc /home/gretchen/pebble-dev/PebbleSDK-2.0.1/Pebble/lib/libpebble.a(tmpziGGmipebble.o)
 .text.graphics_draw_line
                0x0000000000000000        0xc /home/gretchen/pebble-dev/PebbleSDK-2.0.1/Pebble/lib/libpebble.a(tmpziGGmipebble.o)
 .text.graphics_draw_pixel
                0x0000000000000000        0xc /home/gretchen/pebble-dev/PebbleSDK-2.0.1/Pebble/lib/libpebble.a(tmpziGGmipebble.o)
 .text.graphics_draw_rect
                0x0000000000000000        0xc /home/gretchen/pebble-dev/PebbleSDK-2.0.1/Pebble/lib/libpebble.a(tmpziGGmipebble.o)
 .text.graphics_draw_round_rect
                0x0000000000000000        0xc /home/gretchen/pebble-dev/PebbleSDK-2.0.1/Pebble/lib/libpebble.a(tmpziGGmipebble.o)
 .text.graphics_fill_circle
                0x0000000000000000        0xc /home/gretchen/pebble-dev/PebbleSDK-2.0.1/Pebble/lib/libpebble.a(tmpziGGmipebble.o)
 .text.graphics_text_layout_get_max_used_size
                0x0000000000000000        0xc /home/gretchen/pebble-dev/PebbleSDK-2.0.1/Pebble/lib/libpebble.a(tmpziGGmipebble.o)
 .text.grect_align
                0x0000000000000000        0xc /home/gretchen/pebble-dev/PebbleSDK-2.0.1/Pebble/lib/libpebble.a(tmpziGGmipebble.o)
 .text.grect_center_point
                0x0000000000000000        0xc /home/gretchen/pebble-dev/PebbleSDK-2.0.1/Pebble/lib/libpebble.a(tmpziGGmipebble.o)
 .text.grect_clip
                0x0000000000000000        0xc /home/gretchen/pebble-dev/PebbleSDK-2.0.1/Pebble/lib/libpebble.a(tmpziGGmipebble.o)
 .text.grect_contains_point
                0x0000000000000000        0xc /home/gretchen/pebble-dev/PebbleSDK-2.0.1/Pebble/lib/libpebble.a(tmpziGGmipebble.o)
 .text.grect_crop
                0x0000000000000000        0xc /home/gretchen/pebble-dev/PebbleSDK-2.0.1/Pebble/lib/libpebble.a(tmpziGGmipebble.o)
 .text.grect_equal
                0x0000000000000000        0xc /home/gretchen/pebble-dev/PebbleSDK-2.0.1/Pebble/lib/libpebble.a(tmpziGGmipebble.o)
 .text.grect_is_empty
                0x0000000000000000        0xc /home/gretchen/pebble-dev/PebbleSDK-2.0.1/Pebble/lib/libpebble.a(tmpziGGmipebble.o)
 .text.grect_standardize
                0x0000000000000000        0xc /home/gretchen/pebble-dev/PebbleSDK-2.0.1/Pebble/lib/libpebble.a(tmpziGGmipebble.o)
 .text.gsize_equal
                0x0000000000000000        0xc /home/gretchen/pebble-dev/PebbleSDK-2.0.1/Pebble/lib/libpebble.a(tmpziGGmipebble.o)
 .text.inverter_layer_create
                0x0000000000000000        0xc /home/gretchen/pebble-dev/PebbleSDK-2.0.1/Pebble/lib/libpebble.a(tmpziGGmipebble.o)
 .text.inverter_layer_destroy
                0x0000000000000000        0xc /home/gretchen/pebble-dev/PebbleSDK-2.0.1/Pebble/lib/libpebble.a(tmpziGGmipebble.o)
 .text.inverter_layer_get_layer
                0x0000000000000000        0xc /home/gretchen/pebble-dev/PebbleSDK-2.0.1/Pebble/lib/libpebble.a(tmpziGGmipebble.o)
 .text.layer_create
                0x0000000000000000        0xc /home/gretchen/pebble-dev/PebbleSDK-2.0.1/Pebble/lib/libpebble.a(tmpziGGmipebble.o)
 .text.layer_create_with_data
                0x0000000000000000        0xc /home/gretchen/pebble-dev/PebbleSDK-2.0.1/Pebble/lib/libpebble.a(tmpziGGmipebble.o)
 .text.layer_get_clips
                0x0000000000000000        0xc /home/gretchen/pebble-dev/PebbleSDK-2.0.1/Pebble/lib/libpebble.a(tmpziGGmipebble.o)
 .text.layer_get_data
                0x0000000000000000        0xc /home/gretchen/pebble-dev/PebbleSDK-2.0.1/Pebble/lib/libpebble.a(tmpziGGmipebble.o)
 .text.layer_get_frame
                0x0000000000000000        0xc /home/gretchen/pebble-dev/PebbleSDK-2.0.1/Pebble/lib/libpebble.a(tmpziGGmipebble.o)
 .text.layer_get_hidden
                0x0000000000000000        0xc /home/gretchen/pebble-dev/PebbleSDK-2.0.1/Pebble/lib/libpebble.a(tmpziGGmipebble.o)
 .text.layer_get_window
                0x0000000000000000        0xc /home/gretchen/pebble-dev/PebbleSDK-2.0.1/Pebble/lib/libpebble.a(tmpziGGmipebble.o)
 .text.layer_insert_above_sibling
                0x0000000000000000        0xc /home/gretchen/pebble-dev/PebbleSDK-2.0.1/Pebble/lib/libpebble.a(tmpziGGmipebble.o)
 .text.layer_insert_below_sibling
                0x0000000000000000        0xc /home/gretchen/pebble-dev/PebbleSDK-2.0.1/Pebble/lib/libpebble.a(tmpziGGmipebble.o)
 .text.layer_mark_dirty
                0x0000000000000000        0xc /home/gretchen/pebble-dev/PebbleSDK-2.0.1/Pebble/lib/libpebble.a(tmpziGGmipebble.o)
 .text.layer_remove_child_layers
                0x0000000000000000        0xc /home/gretchen/pebble-dev/PebbleSDK-2.0.1/Pebble/lib/libpebble.a(tmpziGGmipebble.o)
 .text.layer_remove_from_parent
                0x0000000000000000        0xc /home/gretchen/pebble-dev/PebbleSDK-2.0.1/Pebble/lib/libpebble.a(tmpziGGmipebble.o)
 .text.layer_set_bounds
                0x0000000000000000        0xc /home/gretchen/pebble-dev/PebbleSDK-2.0.1/Pebble/lib/libpebble.a(tmpziGGmipebble.o)
 .text.layer_set_clips
                0x0000000000000000        0xc /home/gretchen/pebble-dev/PebbleSDK-2.0.1/Pebble/lib/libpebble.a(tmpziGGmipebble.o)
 .text.layer_set_frame
                0x0000000000000000        0xc /home/gretchen/pebble-dev/PebbleSDK-2.0.1/Pebble/lib/libpebble.a(tmpziGGmipebble.o)
 .text.layer_set_hidden
                0x0000000000000000        0xc /home/gretchen/pebble-dev/PebbleSDK-2.0.1/Pebble/lib/libpebble.a(tmpziGGmipebble.o)
 .text.light_enable
                0x0000000000000000        0xc /home/gretchen/pebble-dev/PebbleSDK-2.0.1/Pebble/lib/libpebble.a(tmpziGGmipebble.o)
 .text.light_enable_interaction
                0x0000000000000000        0xc /home/gretchen/pebble-dev/PebbleSDK-2.0.1/Pebble/lib/libpebble.a(tmpziGGmipebble.o)
 .text.localtime
                0x0000000000000000        0xc /home/gretchen/pebble-dev/PebbleSDK-2.0.1/Pebble/lib/libpebble.a(tmpziGGmipebble.o)
 .text.menu_cell_basic_draw
                0x0000000000000000        0xc /home/gretchen/pebble-dev/PebbleSDK-2.0.1/Pebble/lib/libpebble.a(tmpziGGmipebble.o)
 .text.menu_cell_basic_header_draw
                0x0000000000000000        0xc /home/gretchen/pebble-dev/PebbleSDK-2.0.1/Pebble/lib/libpebble.a(tmpziGGmipebble.o)
 .text.menu_cell_title_draw
                0x0000000000000000        0xc /home/gretchen/pebble-dev/PebbleSDK-2.0.1/Pebble/lib/libpebble.a(tmpziGGmipebble.o)
 .text.menu_index_compare
                0x0000000000000000        0xc /home/gretchen/pebble-dev/PebbleSDK-2.0.1/Pebble/lib/libpebble.a(tmpziGGmipebble.o)
 .text.menu_layer_create
                0x0000000000000000        0xc /home/gretchen/pebble-dev/PebbleSDK-2.0.1/Pebble/lib/libpebble.a(tmpziGGmipebble.o)
 .text.menu_layer_destroy
                0x0000000000000000        0xc /home/gretchen/pebble-dev/PebbleSDK-2.0.1/Pebble/lib/libpebble.a(tmpziGGmipebble.o)
 .text.menu_layer_get_layer
                0x0000000000000000        0xc /home/gretchen/pebble-dev/PebbleSDK-2.0.1/Pebble/lib/libpebble.a(tmpziGGmipebble.o)
 .text.menu_layer_get_scroll_layer
                0x0000000000000000        0xc /home/gretchen/pebble-dev/PebbleSDK-2.0.1/Pebble/lib/libpebble.a(tmpziGGmipebble.o)
 .text.menu_layer_get_selected_index
                0x0000000000000000        0xc /home/gretchen/pebble-dev/PebbleSDK-2.0.1/Pebble/lib/libpebble.a(tmpziGGmipebble.o)
 .text.menu_layer_reload_data
                0x0000000000000000        0xc /home/gretchen/pebble-dev/PebbleSDK-2.0.1/Pebble/lib/libpebble.a(tmpziGGmipebble.o)
 .text.menu_layer_set_callbacks
                0x0000000000000000        0xc /home/gretchen/pebble-dev/PebbleSDK-2.0.1/Pebble/lib/libpebble.a(tmpziGGmipebble.o)
 .text.menu_layer_set_click_config_onto_window
                0x0000000000000000        0xc /home/gretchen/pebble-dev/PebbleSDK-2.0.1/Pebble/lib/libpebble.a(tmpziGGmipebble.o)
 .text.menu_layer_set_selected_index
                0x0000000000000000        0xc /home/gretchen/pebble-dev/PebbleSDK-2.0.1/Pebble/lib/libpebble.a(tmpziGGmipebble.o)
 .text.menu_layer_set_selected_next
                0x0000000000000000        0xc /home/gretchen/pebble-dev/PebbleSDK-2.0.1/Pebble/lib/libpebble.a(tmpziGGmipebble.o)
 .text.number_window_create
                0x0000000000000000        0xc /home/gretchen/pebble-dev/PebbleSDK-2.0.1/Pebble/lib/libpebble.a(tmpziGGmipebble.o)
 .text.number_window_destroy
                0x0000000000000000        0xc /home/gretchen/pebble-dev/PebbleSDK-2.0.1/Pebble/lib/libpebble.a(tmpziGGmipebble.o)
 .text.number_window_get_value
                0x0000000000000000        0xc /home/gretchen/pebble-dev/PebbleSDK-2.0.1/Pebble/lib/libpebble.a(tmpziGGmipebble.o)
 .text.number_window_set_label
                0x0000000000000000        0xc /home/gretchen/pebble-dev/PebbleSDK-2.0.1/Pebble/lib/libpebble.a(tmpziGGmipebble.o)
 .text.number_window_set_max
                0x0000000000000000        0xc /home/gretchen/pebble-dev/PebbleSDK-2.0.1/Pebble/lib/libpebble.a(tmpziGGmipebble.o)
 .text.number_window_set_min
                0x0000000000000000        0xc /home/gretchen/pebble-dev/PebbleSDK-2.0.1/Pebble/lib/libpebble.a(tmpziGGmipebble.o)
 .text.number_window_set_step_size
                0x0000000000000000        0xc /home/gretchen/pebble-dev/PebbleSDK-2.0.1/Pebble/lib/libpebble.a(tmpziGGmipebble.o)
 .text.number_window_set_value
                0x0000000000000000        0xc /home/gretchen/pebble-dev/PebbleSDK-2.0.1/Pebble/lib/libpebble.a(tmpziGGmipebble.o)
 .text.persist_delete
                0x0000000000000000        0xc /home/gretchen/pebble-dev/PebbleSDK-2.0.1/Pebble/lib/libpebble.a(tmpziGGmipebble.o)
 .text.persist_exists
                0x0000000000000000        0xc /home/gretchen/pebble-dev/PebbleSDK-2.0.1/Pebble/lib/libpebble.a(tmpziGGmipebble.o)
 .text.persist_get_size
                0x0000000000000000        0xc /home/gretchen/pebble-dev/PebbleSDK-2.0.1/Pebble/lib/libpebble.a(tmpziGGmipebble.o)
 .text.persist_read_bool
                0x0000000000000000        0xc /home/gretchen/pebble-dev/PebbleSDK-2.0.1/Pebble/lib/libpebble.a(tmpziGGmipebble.o)
 .text.persist_read_data__deprecated
                0x0000000000000000        0xc /home/gretchen/pebble-dev/PebbleSDK-2.0.1/Pebble/lib/libpebble.a(tmpziGGmipebble.o)
 .text.persist_read_int
                0x0000000000000000        0xc /home/gretchen/pebble-dev/PebbleSDK-2.0.1/Pebble/lib/libpebble.a(tmpziGGmipebble.o)
 .text.persist_read_string__deprecated
                0x0000000000000000        0xc /home/gretchen/pebble-dev/PebbleSDK-2.0.1/Pebble/lib/libpebble.a(tmpziGGmipebble.o)
 .text.persist_write_bool
                0x0000000000000000        0xc /home/gretchen/pebble-dev/PebbleSDK-2.0.1/Pebble/lib/libpebble.a(tmpziGGmipebble.o)
 .text.persist_write_data__deprecated
                0x0000000000000000        0xc /home/gretchen/pebble-dev/PebbleSDK-2.0.1/Pebble/lib/libpebble.a(tmpziGGmipebble.o)
 .text.persist_write_int
                0x0000000000000000        0xc /home/gretchen/pebble-dev/PebbleSDK-2.0.1/Pebble/lib/libpebble.a(tmpziGGmipebble.o)
 .text.property_animation_create
                0x0000000000000000        0xc /home/gretchen/pebble-dev/PebbleSDK-2.0.1/Pebble/lib/libpebble.a(tmpziGGmipebble.o)
 .text.property_animation_create_layer_frame
                0x0000000000000000        0xc /home/gretchen/pebble-dev/PebbleSDK-2.0.1/Pebble/lib/libpebble.a(tmpziGGmipebble.o)
 .text.property_animation_destroy
                0x0000000000000000        0xc /home/gretchen/pebble-dev/PebbleSDK-2.0.1/Pebble/lib/libpebble.a(tmpziGGmipebble.o)
 .text.property_animation_update_gpoint
                0x0000000000000000        0xc /home/gretchen/pebble-dev/PebbleSDK-2.0.1/Pebble/lib/libpebble.a(tmpziGGmipebble.o)
 .text.property_animation_update_grect
                0x0000000000000000        0xc /home/gretchen/pebble-dev/PebbleSDK-2.0.1/Pebble/lib/libpebble.a(tmpziGGmipebble.o)
 .text.property_animation_update_int16
                0x0000000000000000        0xc /home/gretchen/pebble-dev/PebbleSDK-2.0.1/Pebble/lib/libpebble.a(tmpziGGmipebble.o)
 .text.psleep   0x0000000000000000        0xc /home/gretchen/pebble-dev/PebbleSDK-2.0.1/Pebble/lib/libpebble.a(tmpziGGmipebble.o)
 .text.rand     0x0000000000000000        0xc /home/gretchen/pebble-dev/PebbleSDK-2.0.1/Pebble/lib/libpebble.a(tmpziGGmipebble.o)
 .text.resource_get_handle
                0x0000000000000000        0xc /home/gretchen/pebble-dev/PebbleSDK-2.0.1/Pebble/lib/libpebble.a(tmpziGGmipebble.o)
 .text.resource_load
                0x0000000000000000        0xc /home/gretchen/pebble-dev/PebbleSDK-2.0.1/Pebble/lib/libpebble.a(tmpziGGmipebble.o)
 .text.resource_load_byte_range
                0x0000000000000000        0xc /home/gretchen/pebble-dev/PebbleSDK-2.0.1/Pebble/lib/libpebble.a(tmpziGGmipebble.o)
 .text.resource_size
                0x0000000000000000        0xc /home/gretchen/pebble-dev/PebbleSDK-2.0.1/Pebble/lib/libpebble.a(tmpziGGmipebble.o)
 .text.rot_bitmap_layer_create
                0x0000000000000000        0xc /home/gretchen/pebble-dev/PebbleSDK-2.0.1/Pebble/lib/libpebble.a(tmpziGGmipebble.o)
 .text.rot_bitmap_layer_destroy
                0x0000000000000000        0xc /home/gretchen/pebble-dev/PebbleSDK-2.0.1/Pebble/lib/libpebble.a(tmpziGGmipebble.o)
 .text.rot_bitmap_layer_increment_angle
                0x0000000000000000        0xc /home/gretchen/pebble-dev/PebbleSDK-2.0.1/Pebble/lib/libpebble.a(tmpziGGmipebble.o)
 .text.rot_bitmap_layer_set_angle
                0x0000000000000000        0xc /home/gretchen/pebble-dev/PebbleSDK-2.0.1/Pebble/lib/libpebble.a(tmpziGGmipebble.o)
 .text.rot_bitmap_layer_set_corner_clip_color
                0x0000000000000000        0xc /home/gretchen/pebble-dev/PebbleSDK-2.0.1/Pebble/lib/libpebble.a(tmpziGGmipebble.o)
 .text.rot_bitmap_set_compositing_mode
                0x0000000000000000        0xc /home/gretchen/pebble-dev/PebbleSDK-2.0.1/Pebble/lib/libpebble.a(tmpziGGmipebble.o)
 .text.rot_bitmap_set_src_ic
                0x0000000000000000        0xc /home/gretchen/pebble-dev/PebbleSDK-2.0.1/Pebble/lib/libpebble.a(tmpziGGmipebble.o)
 .text.scroll_layer_add_child
                0x0000000000000000        0xc /home/gretchen/pebble-dev/PebbleSDK-2.0.1/Pebble/lib/libpebble.a(tmpziGGmipebble.o)
 .text.scroll_layer_create
                0x0000000000000000        0xc /home/gretchen/pebble-dev/PebbleSDK-2.0.1/Pebble/lib/libpebble.a(tmpziGGmipebble.o)
 .text.scroll_layer_destroy
                0x0000000000000000        0xc /home/gretchen/pebble-dev/PebbleSDK-2.0.1/Pebble/lib/libpebble.a(tmpziGGmipebble.o)
 .text.scroll_layer_get_content_offset
                0x0000000000000000        0xc /home/gretchen/pebble-dev/PebbleSDK-2.0.1/Pebble/lib/libpebble.a(tmpziGGmipebble.o)
 .text.scroll_layer_get_content_size
                0x0000000000000000        0xc /home/gretchen/pebble-dev/PebbleSDK-2.0.1/Pebble/lib/libpebble.a(tmpziGGmipebble.o)
 .text.scroll_layer_get_layer
                0x0000000000000000        0xc /home/gretchen/pebble-dev/PebbleSDK-2.0.1/Pebble/lib/libpebble.a(tmpziGGmipebble.o)
 .text.scroll_layer_get_shadow_hidden
                0x0000000000000000        0xc /home/gretchen/pebble-dev/PebbleSDK-2.0.1/Pebble/lib/libpebble.a(tmpziGGmipebble.o)
 .text.scroll_layer_scroll_down_click_handler
                0x0000000000000000        0xc /home/gretchen/pebble-dev/PebbleSDK-2.0.1/Pebble/lib/libpebble.a(tmpziGGmipebble.o)
 .text.scroll_layer_scroll_up_click_handler
                0x0000000000000000        0xc /home/gretchen/pebble-dev/PebbleSDK-2.0.1/Pebble/lib/libpebble.a(tmpziGGmipebble.o)
 .text.scroll_layer_set_callbacks
                0x0000000000000000        0xc /home/gretchen/pebble-dev/PebbleSDK-2.0.1/Pebble/lib/libpebble.a(tmpziGGmipebble.o)
 .text.scroll_layer_set_click_config_onto_window
                0x0000000000000000        0xc /home/gretchen/pebble-dev/PebbleSDK-2.0.1/Pebble/lib/libpebble.a(tmpziGGmipebble.o)
 .text.scroll_layer_set_content_offset
                0x0000000000000000        0xc /home/gretchen/pebble-dev/PebbleSDK-2.0.1/Pebble/lib/libpebble.a(tmpziGGmipebble.o)
 .text.scroll_layer_set_content_size
                0x0000000000000000        0xc /home/gretchen/pebble-dev/PebbleSDK-2.0.1/Pebble/lib/libpebble.a(tmpziGGmipebble.o)
 .text.scroll_layer_set_context
                0x0000000000000000        0xc /home/gretchen/pebble-dev/PebbleSDK-2.0.1/Pebble/lib/libpebble.a(tmpziGGmipebble.o)
 .text.scroll_layer_set_frame
                0x0000000000000000        0xc /home/gretchen/pebble-dev/PebbleSDK-2.0.1/Pebble/lib/libpebble.a(tmpziGGmipebble.o)
 .text.scroll_layer_set_shadow_hidden
                0x0000000000000000        0xc /home/gretchen/pebble-dev/PebbleSDK-2.0.1/Pebble/lib/libpebble.a(tmpziGGmipebble.o)
 .text.simple_menu_layer_create
                0x0000000000000000        0xc /home/gretchen/pebble-dev/PebbleSDK-2.0.1/Pebble/lib/libpebble.a(tmpziGGmipebble.o)
 .text.simple_menu_layer_destroy
                0x0000000000000000        0xc /home/gretchen/pebble-dev/PebbleSDK-2.0.1/Pebble/lib/libpebble.a(tmpziGGmipebble.o)
 .text.simple_menu_layer_get_layer
                0x0000000000000000        0xc /home/gretchen/pebble-dev/PebbleSDK-2.0.1/Pebble/lib/libpebble.a(tmpziGGmipebble.o)
 .text.simple_menu_layer_get_selected_index
                0x0000000000000000        0xc /home/gretchen/pebble-dev/PebbleSDK-2.0.1/Pebble/lib/libpebble.a(tmpziGGmipebble.o)
 .text.simple_menu_layer_set_selected_index
                0x0000000000000000        0xc /home/gretchen/pebble-dev/PebbleSDK-2.0.1/Pebble/lib/libpebble.a(tmpziGGmipebble.o)
 .text.sin_lookup
                0x0000000000000000        0xc /home/gretchen/pebble-dev/PebbleSDK-2.0.1/Pebble/lib/libpebble.a(tmpziGGmipebble.o)
 .text.srand    0x0000000000000000        0xc /home/gretchen/pebble-dev/PebbleSDK-2.0.1/Pebble/lib/libpebble.a(tmpziGGmipebble.o)
 .text.strcat   0x0000000000000000        0xc /home/gretchen/pebble-dev/PebbleSDK-2.0.1/Pebble/lib/libpebble.a(tmpziGGmipebble.o)
 .text.strcmp   0x0000000000000000        0xc /home/gretchen/pebble-dev/PebbleSDK-2.0.1/Pebble/lib/libpebble.a(tmpziGGmipebble.o)
 .text.strcpy   0x0000000000000000        0xc /home/gretchen/pebble-dev/PebbleSDK-2.0.1/Pebble/lib/libpebble.a(tmpziGGmipebble.o)
 .text.strftime
                0x0000000000000000        0xc /home/gretchen/pebble-dev/PebbleSDK-2.0.1/Pebble/lib/libpebble.a(tmpziGGmipebble.o)
 .text.strncat  0x0000000000000000        0xc /home/gretchen/pebble-dev/PebbleSDK-2.0.1/Pebble/lib/libpebble.a(tmpziGGmipebble.o)
 .text.strncmp  0x0000000000000000        0xc /home/gretchen/pebble-dev/PebbleSDK-2.0.1/Pebble/lib/libpebble.a(tmpziGGmipebble.o)
 .text.strncpy  0x0000000000000000        0xc /home/gretchen/pebble-dev/PebbleSDK-2.0.1/Pebble/lib/libpebble.a(tmpziGGmipebble.o)
 .text.text_layer_get_content_size
                0x0000000000000000        0xc /home/gretchen/pebble-dev/PebbleSDK-2.0.1/Pebble/lib/libpebble.a(tmpziGGmipebble.o)
 .text.text_layer_get_text
                0x0000000000000000        0xc /home/gretchen/pebble-dev/PebbleSDK-2.0.1/Pebble/lib/libpebble.a(tmpziGGmipebble.o)
 .text.text_layer_set_background_color
                0x0000000000000000        0xc /home/gretchen/pebble-dev/PebbleSDK-2.0.1/Pebble/lib/libpebble.a(tmpziGGmipebble.o)
 .text.text_layer_set_font
                0x0000000000000000        0xc /home/gretchen/pebble-dev/PebbleSDK-2.0.1/Pebble/lib/libpebble.a(tmpziGGmipebble.o)
 .text.text_layer_set_overflow_mode
                0x0000000000000000        0xc /home/gretchen/pebble-dev/PebbleSDK-2.0.1/Pebble/lib/libpebble.a(tmpziGGmipebble.o)
 .text.text_layer_set_size
                0x0000000000000000        0xc /home/gretchen/pebble-dev/PebbleSDK-2.0.1/Pebble/lib/libpebble.a(tmpziGGmipebble.o)
 .text.text_layer_set_text_color
                0x0000000000000000        0xc /home/gretchen/pebble-dev/PebbleSDK-2.0.1/Pebble/lib/libpebble.a(tmpziGGmipebble.o)
 .text.tick_timer_service_subscribe
                0x0000000000000000        0xc /home/gretchen/pebble-dev/PebbleSDK-2.0.1/Pebble/lib/libpebble.a(tmpziGGmipebble.o)
 .text.tick_timer_service_unsubscribe
                0x0000000000000000        0xc /home/gretchen/pebble-dev/PebbleSDK-2.0.1/Pebble/lib/libpebble.a(tmpziGGmipebble.o)
 .text.time     0x0000000000000000        0xc /home/gretchen/pebble-dev/PebbleSDK-2.0.1/Pebble/lib/libpebble.a(tmpziGGmipebble.o)
 .text.time_ms  0x0000000000000000        0xc /home/gretchen/pebble-dev/PebbleSDK-2.0.1/Pebble/lib/libpebble.a(tmpziGGmipebble.o)
 .text.vibes_cancel
                0x0000000000000000        0xc /home/gretchen/pebble-dev/PebbleSDK-2.0.1/Pebble/lib/libpebble.a(tmpziGGmipebble.o)
 .text.vibes_double_pulse
                0x0000000000000000        0xc /home/gretchen/pebble-dev/PebbleSDK-2.0.1/Pebble/lib/libpebble.a(tmpziGGmipebble.o)
 .text.vibes_enqueue_custom_pattern
                0x0000000000000000        0xc /home/gretchen/pebble-dev/PebbleSDK-2.0.1/Pebble/lib/libpebble.a(tmpziGGmipebble.o)
 .text.vibes_long_pulse
                0x0000000000000000        0xc /home/gretchen/pebble-dev/PebbleSDK-2.0.1/Pebble/lib/libpebble.a(tmpziGGmipebble.o)
 .text.vibes_short_pulse
                0x0000000000000000        0xc /home/gretchen/pebble-dev/PebbleSDK-2.0.1/Pebble/lib/libpebble.a(tmpziGGmipebble.o)
 .text.window_get_click_config_provider
                0x0000000000000000        0xc /home/gretchen/pebble-dev/PebbleSDK-2.0.1/Pebble/lib/libpebble.a(tmpziGGmipebble.o)
 .text.window_get_fullscreen
                0x0000000000000000        0xc /home/gretchen/pebble-dev/PebbleSDK-2.0.1/Pebble/lib/libpebble.a(tmpziGGmipebble.o)
 .text.window_is_loaded
                0x0000000000000000        0xc /home/gretchen/pebble-dev/PebbleSDK-2.0.1/Pebble/lib/libpebble.a(tmpziGGmipebble.o)
 .text.window_set_background_color
                0x0000000000000000        0xc /home/gretchen/pebble-dev/PebbleSDK-2.0.1/Pebble/lib/libpebble.a(tmpziGGmipebble.o)
 .text.window_set_click_config_provider_with_context
                0x0000000000000000        0xc /home/gretchen/pebble-dev/PebbleSDK-2.0.1/Pebble/lib/libpebble.a(tmpziGGmipebble.o)
 .text.window_set_fullscreen
                0x0000000000000000        0xc /home/gretchen/pebble-dev/PebbleSDK-2.0.1/Pebble/lib/libpebble.a(tmpziGGmipebble.o)
 .text.window_set_status_bar_icon
                0x0000000000000000        0xc /home/gretchen/pebble-dev/PebbleSDK-2.0.1/Pebble/lib/libpebble.a(tmpziGGmipebble.o)
 .text.window_stack_contains_window
                0x0000000000000000        0xc /home/gretchen/pebble-dev/PebbleSDK-2.0.1/Pebble/lib/libpebble.a(tmpziGGmipebble.o)
 .text.window_stack_get_top_window
                0x0000000000000000        0xc /home/gretchen/pebble-dev/PebbleSDK-2.0.1/Pebble/lib/libpebble.a(tmpziGGmipebble.o)
 .text.window_stack_pop
                0x0000000000000000        0xc /home/gretchen/pebble-dev/PebbleSDK-2.0.1/Pebble/lib/libpebble.a(tmpziGGmipebble.o)
 .text.window_stack_pop_all
                0x0000000000000000        0xc /home/gretchen/pebble-dev/PebbleSDK-2.0.1/Pebble/lib/libpebble.a(tmpziGGmipebble.o)
 .text.window_stack_remove
                0x0000000000000000        0xc /home/gretchen/pebble-dev/PebbleSDK-2.0.1/Pebble/lib/libpebble.a(tmpziGGmipebble.o)
 .text.app_focus_service_subscribe
                0x0000000000000000        0xc /home/gretchen/pebble-dev/PebbleSDK-2.0.1/Pebble/lib/libpebble.a(tmpziGGmipebble.o)
 .text.app_focus_service_unsubscribe
                0x0000000000000000        0xc /home/gretchen/pebble-dev/PebbleSDK-2.0.1/Pebble/lib/libpebble.a(tmpziGGmipebble.o)
 .text.window_get_user_data
                0x0000000000000000        0xc /home/gretchen/pebble-dev/PebbleSDK-2.0.1/Pebble/lib/libpebble.a(tmpziGGmipebble.o)
 .text.window_set_user_data
                0x0000000000000000        0xc /home/gretchen/pebble-dev/PebbleSDK-2.0.1/Pebble/lib/libpebble.a(tmpziGGmipebble.o)
 .text.app_message_get_context
                0x0000000000000000        0xc /home/gretchen/pebble-dev/PebbleSDK-2.0.1/Pebble/lib/libpebble.a(tmpziGGmipebble.o)
 .text.app_message_inbox_size_maximum
                0x0000000000000000        0xc /home/gretchen/pebble-dev/PebbleSDK-2.0.1/Pebble/lib/libpebble.a(tmpziGGmipebble.o)
 .text.app_message_outbox_begin
                0x0000000000000000        0xc /home/gretchen/pebble-dev/PebbleSDK-2.0.1/Pebble/lib/libpebble.a(tmpziGGmipebble.o)
 .text.app_message_outbox_send
                0x0000000000000000        0xc /home/gretchen/pebble-dev/PebbleSDK-2.0.1/Pebble/lib/libpebble.a(tmpziGGmipebble.o)
 .text.app_message_outbox_size_maximum
                0x0000000000000000        0xc /home/gretchen/pebble-dev/PebbleSDK-2.0.1/Pebble/lib/libpebble.a(tmpziGGmipebble.o)
 .text.app_message_register_inbox_dropped
                0x0000000000000000        0xc /home/gretchen/pebble-dev/PebbleSDK-2.0.1/Pebble/lib/libpebble.a(tmpziGGmipebble.o)
 .text.app_message_register_inbox_received
                0x0000000000000000        0xc /home/gretchen/pebble-dev/PebbleSDK-2.0.1/Pebble/lib/libpebble.a(tmpziGGmipebble.o)
 .text.app_message_register_outbox_failed
                0x0000000000000000        0xc /home/gretchen/pebble-dev/PebbleSDK-2.0.1/Pebble/lib/libpebble.a(tmpziGGmipebble.o)
 .text.app_message_register_outbox_sent
                0x0000000000000000        0xc /home/gretchen/pebble-dev/PebbleSDK-2.0.1/Pebble/lib/libpebble.a(tmpziGGmipebble.o)
 .text.app_message_set_context
                0x0000000000000000        0xc /home/gretchen/pebble-dev/PebbleSDK-2.0.1/Pebble/lib/libpebble.a(tmpziGGmipebble.o)
 .text.window_long_click_subscribe
                0x0000000000000000        0xc /home/gretchen/pebble-dev/PebbleSDK-2.0.1/Pebble/lib/libpebble.a(tmpziGGmipebble.o)
 .text.window_multi_click_subscribe
                0x0000000000000000        0xc /home/gretchen/pebble-dev/PebbleSDK-2.0.1/Pebble/lib/libpebble.a(tmpziGGmipebble.o)
 .text.window_raw_click_subscribe
                0x0000000000000000        0xc /home/gretchen/pebble-dev/PebbleSDK-2.0.1/Pebble/lib/libpebble.a(tmpziGGmipebble.o)
 .text.window_set_click_context
                0x0000000000000000        0xc /home/gretchen/pebble-dev/PebbleSDK-2.0.1/Pebble/lib/libpebble.a(tmpziGGmipebble.o)
 .text.window_single_repeating_click_subscribe
                0x0000000000000000        0xc /home/gretchen/pebble-dev/PebbleSDK-2.0.1/Pebble/lib/libpebble.a(tmpziGGmipebble.o)
 .text.graphics_draw_text
                0x0000000000000000        0xc /home/gretchen/pebble-dev/PebbleSDK-2.0.1/Pebble/lib/libpebble.a(tmpziGGmipebble.o)
 .text.dict_serialize_tuplets_to_buffer
                0x0000000000000000        0xc /home/gretchen/pebble-dev/PebbleSDK-2.0.1/Pebble/lib/libpebble.a(tmpziGGmipebble.o)
 .text.persist_read_data
                0x0000000000000000        0xc /home/gretchen/pebble-dev/PebbleSDK-2.0.1/Pebble/lib/libpebble.a(tmpziGGmipebble.o)
 .text.persist_write_data
                0x0000000000000000        0xc /home/gretchen/pebble-dev/PebbleSDK-2.0.1/Pebble/lib/libpebble.a(tmpziGGmipebble.o)
 .text.dict_size
                0x0000000000000000        0xc /home/gretchen/pebble-dev/PebbleSDK-2.0.1/Pebble/lib/libpebble.a(tmpziGGmipebble.o)
 .text.graphics_text_layout_get_content_size
                0x0000000000000000        0xc /home/gretchen/pebble-dev/PebbleSDK-2.0.1/Pebble/lib/libpebble.a(tmpziGGmipebble.o)
 .text.simple_menu_layer_get_menu_layer
                0x0000000000000000        0xc /home/gretchen/pebble-dev/PebbleSDK-2.0.1/Pebble/lib/libpebble.a(tmpziGGmipebble.o)
 .text.accel_data_service_subscribe
                0x0000000000000000        0xc /home/gretchen/pebble-dev/PebbleSDK-2.0.1/Pebble/lib/libpebble.a(tmpziGGmipebble.o)
 .text.bitmap_layer_get_bitmap
                0x0000000000000000        0xc /home/gretchen/pebble-dev/PebbleSDK-2.0.1/Pebble/lib/libpebble.a(tmpziGGmipebble.o)
 .text          0x0000000000000000        0x0 /home/gretchen/pebble-dev/PebbleSDK-2.0.1/arm-cs-tools/bin/../lib/gcc/arm-none-eabi/4.7.2/../../../../arm-none-eabi/lib/thumb2/libc.a(lib_a-errno.o)
 .bss           0x0000000000000000        0x0 /home/gretchen/pebble-dev/PebbleSDK-2.0.1/arm-cs-tools/bin/../lib/gcc/arm-none-eabi/4.7.2/../../../../arm-none-eabi/lib/thumb2/libc.a(lib_a-errno.o)
 .text          0x0000000000000000        0x0 /home/gretchen/pebble-dev/PebbleSDK-2.0.1/arm-cs-tools/bin/../lib/gcc/arm-none-eabi/4.7.2/../../../../arm-none-eabi/lib/thumb2/libc.a(lib_a-impure.o)
 .bss           0x0000000000000000        0x0 /home/gretchen/pebble-dev/PebbleSDK-2.0.1/arm-cs-tools/bin/../lib/gcc/arm-none-eabi/4.7.2/../../../../arm-none-eabi/lib/thumb2/libc.a(lib_a-impure.o)
 .rodata._global_impure_ptr
                0x0000000000000000        0x4 /home/gretchen/pebble-dev/PebbleSDK-2.0.1/arm-cs-tools/bin/../lib/gcc/arm-none-eabi/4.7.2/../../../../arm-none-eabi/lib/thumb2/libc.a(lib_a-impure.o)
 .text          0x0000000000000000        0x0 /home/gretchen/pebble-dev/PebbleSDK-2.0.1/arm-cs-tools/bin/../lib/gcc/arm-none-eabi/4.7.2/thumb2/crtend.o
 .bss           0x0000000000000000        0x0 /home/gretchen/pebble-dev/PebbleSDK-2.0.1/arm-cs-tools/bin/../lib/gcc/arm-none-eabi/4.7.2/thumb2/crtend.o
 .eh_frame      0x0000000000000000        0x4 /home/gretchen/pebble-dev/PebbleSDK-2.0.1/arm-cs-tools/bin/../lib/gcc/arm-none-eabi/4.7.2/thumb2/crtend.o
 .jcr           0x0000000000000000        0x4 /home/gretchen/pebble-dev/PebbleSDK-2.0.1/arm-cs-tools/bin/../lib/gcc/arm-none-eabi/4.7.2/thumb2/crtend.o
 .tm_clone_table
                0x0000000000000000        0x0 /home/gretchen/pebble-dev/PebbleSDK-2.0.1/arm-cs-tools/bin/../lib/gcc/arm-none-eabi/4.7.2/thumb2/crtend.o
 .text          0x0000000000000000        0x0 /home/gretchen/pebble-dev/PebbleSDK-2.0.1/arm-cs-tools/bin/../lib/gcc/arm-none-eabi/4.7.2/thumb2/crtn.o
 .bss           0x0000000000000000        0x0 /home/gretchen/pebble-dev/PebbleSDK-2.0.1/arm-cs-tools/bin/../lib/gcc/arm-none-eabi/4.7.2/thumb2/crtn.o
 .init          0x0000000000000000        0x8 /home/gretchen/pebble-dev/PebbleSDK-2.0.1/arm-cs-tools/bin/../lib/gcc/arm-none-eabi/4.7.2/thumb2/crtn.o
 .fini          0x0000000000000000        0x8 /home/gretchen/pebble-dev/PebbleSDK-2.0.1/arm-cs-tools/bin/../lib/gcc/arm-none-eabi/4.7.2/thumb2/crtn.o

Memory Configuration

Name             Origin             Length             Attributes
APP              0x0000000000000000 0x0000000000006000 xrw
*default*        0x0000000000000000 0xffffffffffffffff

Linker script and memory map

LOAD /home/gretchen/pebble-dev/PebbleSDK-2.0.1/arm-cs-tools/bin/../lib/gcc/arm-none-eabi/4.7.2/thumb2/crti.o
LOAD /home/gretchen/pebble-dev/PebbleSDK-2.0.1/arm-cs-tools/bin/../lib/gcc/arm-none-eabi/4.7.2/thumb2/crtbegin.o
LOAD src/PebbleQRShare.c.9.o
LOAD src/bitstream.c.9.o
LOAD src/mask.c.9.o
LOAD src/mmask.c.9.o
LOAD src/mqrspec.c.9.o
LOAD src/qrencode.c.9.o
LOAD src/qrinput.c.9.o
LOAD src/qrspec.c.9.o
LOAD src/rscode.c.9.o
LOAD src/split.c.9.o
LOAD appinfo.auto.c.9.o
LOAD /home/gretchen/pebble-dev/PebbleSDK-2.0.1/Pebble/lib/libpebble.a
START GROUP
LOAD /home/gretchen/pebble-dev/PebbleSDK-2.0.1/arm-cs-tools/bin/../lib/gcc/arm-none-eabi/4.7.2/thumb2/libgcc.a
LOAD /home/gretchen/pebble-dev/PebbleSDK-2.0.1/arm-cs-tools/bin/../lib/gcc/arm-none-eabi/4.7.2/../../../../arm-none-eabi/lib/thumb2/libc.a
END GROUP
LOAD /home/gretchen/pebble-dev/PebbleSDK-2.0.1/arm-cs-tools/bin/../lib/gcc/arm-none-eabi/4.7.2/thumb2/crtend.o
LOAD /home/gretchen/pebble-dev/PebbleSDK-2.0.1/arm-cs-tools/bin/../lib/gcc/arm-none-eabi/4.7.2/thumb2/crtn.o

.header         0x0000000000000000       0x82
 *(.pbl_header)
 .pbl_header    0x0000000000000000       0x82 appinfo.auto.c.9.o
                0x0000000000000000                __pbl_app_info

.text           0x0000000000000084     0x3a92
 *(.text)
 .text          0x0000000000000084       0x14 /home/gretchen/pebble-dev/PebbleSDK-2.0.1/Pebble/lib/libpebble.a(tmpziGGmipebble.o)
 *(.text.*)
 .text.sync_error_callback
                0x0000000000000098        0x2 src/PebbleQRShare.c.9.o
 *fill*         0x000000000000009a        0x2 
 .text.window_unload
                0x000000000000009c       0x10 src/PebbleQRShare.c.9.o
 .text.click_config_provider
                0x00000000000000ac       0x24 src/PebbleQRShare.c.9.o
 .text.getDesc  0x00000000000000d0       0x38 src/PebbleQRShare.c.9.o
                0x00000000000000d0                getDesc
 .text.getContent
                0x0000000000000108       0x38 src/PebbleQRShare.c.9.o
                0x0000000000000108                getContent
 .text.drawQR   0x0000000000000140      0x108 src/PebbleQRShare.c.9.o
                0x0000000000000140                drawQR
 .text.getStr   0x0000000000000248        0xe src/PebbleQRShare.c.9.o
                0x0000000000000248                getStr
 *fill*         0x0000000000000256        0x2 
 .text.drawWindow
                0x0000000000000258       0x10 src/PebbleQRShare.c.9.o
                0x0000000000000258                drawWindow
 .text.window_load
                0x0000000000000268       0xa8 src/PebbleQRShare.c.9.o
 .text.down_click_handler
                0x0000000000000310       0x3c src/PebbleQRShare.c.9.o
 .text.up_click_handler
                0x000000000000034c       0x38 src/PebbleQRShare.c.9.o
 .text.sync_tuple_changed_callback
                0x0000000000000384       0x50 src/PebbleQRShare.c.9.o
 .text.startup.main
                0x00000000000003d4      0x22c src/PebbleQRShare.c.9.o
                0x00000000000003d4                main
 .text.BitStream_allocate
                0x0000000000000600       0x2a src/bitstream.c.9.o
 .text.BitStream_new
                0x000000000000062a       0x12 src/bitstream.c.9.o
                0x000000000000062a                BitStream_new
 .text.BitStream_append
                0x000000000000063c       0x60 src/bitstream.c.9.o
                0x000000000000063c                BitStream_append
 .text.BitStream_toByte
                0x000000000000069c       0x6e src/bitstream.c.9.o
                0x000000000000069c                BitStream_toByte
 .text.BitStream_free
                0x000000000000070a       0x18 src/bitstream.c.9.o
                0x000000000000070a                BitStream_free
 .text.BitStream_appendBytes
                0x0000000000000722       0x6c src/bitstream.c.9.o
                0x0000000000000722                BitStream_appendBytes
 .text.BitStream_appendNum
                0x000000000000078e       0x62 src/bitstream.c.9.o
                0x000000000000078e                BitStream_appendNum
 .text.Mask_mask0
                0x00000000000007f0       0x52 src/mask.c.9.o
 .text.Mask_mask1
                0x0000000000000842       0x50 src/mask.c.9.o
 .text.Mask_mask2
                0x0000000000000892       0x5e src/mask.c.9.o
 .text.Mask_mask3
                0x00000000000008f0       0x62 src/mask.c.9.o
 .text.Mask_mask4
                0x0000000000000952       0x64 src/mask.c.9.o
 .text.Mask_mask5
                0x00000000000009b6       0x68 src/mask.c.9.o
 .text.Mask_mask6
                0x0000000000000a1e       0x66 src/mask.c.9.o
 .text.Mask_mask7
                0x0000000000000a84       0x6a src/mask.c.9.o
 .text.Mask_writeFormatInformation
                0x0000000000000aee       0x86 src/mask.c.9.o
                0x0000000000000aee                Mask_writeFormatInformation
 .text.Mask_makeMask
                0x0000000000000b74       0x4c src/mask.c.9.o
                0x0000000000000b74                Mask_makeMask
 .text.Mask_calcN1N3
                0x0000000000000bc0       0x78 src/mask.c.9.o
                0x0000000000000bc0                Mask_calcN1N3
 .text.Mask_calcN2
                0x0000000000000c38       0x70 src/mask.c.9.o
                0x0000000000000c38                Mask_calcN2
 .text.Mask_calcRunLength
                0x0000000000000ca8       0x5e src/mask.c.9.o
                0x0000000000000ca8                Mask_calcRunLength
 .text.Mask_evaluateSymbol
                0x0000000000000d06       0x5e src/mask.c.9.o
                0x0000000000000d06                Mask_evaluateSymbol
 .text.Mask_mask
                0x0000000000000d64       0xb8 src/mask.c.9.o
                0x0000000000000d64                Mask_mask
 .text.Mask_mask0
                0x0000000000000e1c       0x3a src/mmask.c.9.o
 .text.Mask_mask1
                0x0000000000000e56       0x50 src/mmask.c.9.o
 .text.Mask_mask2
                0x0000000000000ea6       0x58 src/mmask.c.9.o
 .text.Mask_mask3
                0x0000000000000efe       0x5c src/mmask.c.9.o
 .text.MMask_writeFormatInformation
                0x0000000000000f5a       0x42 src/mmask.c.9.o
                0x0000000000000f5a                MMask_writeFormatInformation
 .text.MMask_makeMask
                0x0000000000000f9c       0x58 src/mmask.c.9.o
                0x0000000000000f9c                MMask_makeMask
 .text.MMask_evaluateSymbol
                0x0000000000000ff4       0x48 src/mmask.c.9.o
                0x0000000000000ff4                MMask_evaluateSymbol
 .text.MMask_mask
                0x000000000000103c       0x94 src/mmask.c.9.o
                0x000000000000103c                MMask_mask
 .text.MQRspec_getDataLengthBit
                0x00000000000010d0       0x2c src/mqrspec.c.9.o
                0x00000000000010d0                MQRspec_getDataLengthBit
 .text.MQRspec_getDataLength
                0x00000000000010fc       0x10 src/mqrspec.c.9.o
                0x00000000000010fc                MQRspec_getDataLength
 .text.MQRspec_getECCLength
                0x000000000000110c       0x18 src/mqrspec.c.9.o
                0x000000000000110c                MQRspec_getECCLength
 .text.MQRspec_getWidth
                0x0000000000001124       0x10 src/mqrspec.c.9.o
                0x0000000000001124                MQRspec_getWidth
 .text.MQRspec_lengthIndicator
                0x0000000000001134       0x14 src/mqrspec.c.9.o
                0x0000000000001134                MQRspec_lengthIndicator
 .text.MQRspec_getFormatInfo
                0x0000000000001148       0x3c src/mqrspec.c.9.o
                0x0000000000001148                MQRspec_getFormatInfo
 .text.MQRspec_newFrame
                0x0000000000001184      0x118 src/mqrspec.c.9.o
                0x0000000000001184                MQRspec_newFrame
 .text.FrameFiller_next
                0x000000000000129c       0x9e src/qrencode.c.9.o
 .text.QRraw_getCode
                0x000000000000133a       0x52 src/qrencode.c.9.o
                0x000000000000133a                QRraw_getCode
 .text.QRraw_free
                0x000000000000138c       0x24 src/qrencode.c.9.o
                0x000000000000138c                QRraw_free
 .text.QRraw_new
                0x00000000000013b0      0x15e src/qrencode.c.9.o
                0x00000000000013b0                QRraw_new
 .text.MQRraw_getCode
                0x000000000000150e       0x28 src/qrencode.c.9.o
                0x000000000000150e                MQRraw_getCode
 .text.MQRraw_free
                0x0000000000001536       0x24 src/qrencode.c.9.o
                0x0000000000001536                MQRraw_free
 .text.MQRraw_new
                0x000000000000155a       0xbe src/qrencode.c.9.o
                0x000000000000155a                MQRraw_new
 .text.QRcode_new
                0x0000000000001618       0x16 src/qrencode.c.9.o
                0x0000000000001618                QRcode_new
 .text.QRcode_free
                0x000000000000162e       0x18 src/qrencode.c.9.o
                0x000000000000162e                QRcode_free
 .text.QRcode_encodeMask
                0x0000000000001646      0x168 src/qrencode.c.9.o
                0x0000000000001646                QRcode_encodeMask
 .text.QRcode_encodeMaskMQR
                0x00000000000017ae      0x184 src/qrencode.c.9.o
                0x00000000000017ae                QRcode_encodeMaskMQR
 .text.QRcode_encodeInput
                0x0000000000001932       0x10 src/qrencode.c.9.o
                0x0000000000001932                QRcode_encodeInput
 .text.QRcode_encodeDataReal
                0x0000000000001942       0x56 src/qrencode.c.9.o
 .text.QRcode_encodeData
                0x0000000000001998       0x12 src/qrencode.c.9.o
                0x0000000000001998                QRcode_encodeData
 .text.QRinput_List_freeEntry
                0x00000000000019aa       0x1e src/qrinput.c.9.o
 .text.QRinput_isSplittableMode
                0x00000000000019c8        0xc src/qrinput.c.9.o
                0x00000000000019c8                QRinput_isSplittableMode
 .text.QRinput_new2
                0x00000000000019d4       0x32 src/qrinput.c.9.o
                0x00000000000019d4                QRinput_new2
 .text.QRinput_newMQR
                0x0000000000001a06       0x2e src/qrinput.c.9.o
                0x0000000000001a06                QRinput_newMQR
 .text.QRinput_setVersion
                0x0000000000001a34       0x22 src/qrinput.c.9.o
                0x0000000000001a34                QRinput_setVersion
 .text.QRinput_free
                0x0000000000001a56       0x22 src/qrinput.c.9.o
                0x0000000000001a56                QRinput_free
 .text.QRinput_estimateBitsModeNum
                0x0000000000001a78       0x26 src/qrinput.c.9.o
                0x0000000000001a78                QRinput_estimateBitsModeNum
 .text.QRinput_estimateBitsModeAn
                0x0000000000001a9e       0x14 src/qrinput.c.9.o
                0x0000000000001a9e                QRinput_estimateBitsModeAn
 .text.QRinput_estimateBitsModeECI
                0x0000000000001ab2       0x24 src/qrinput.c.9.o
                0x0000000000001ab2                QRinput_estimateBitsModeECI
 .text.QRinput_estimateBitStreamSizeOfEntry
                0x0000000000001ad6       0xa0 src/qrinput.c.9.o
 *fill*         0x0000000000001b76        0x2 
 .text.QRinput_check
                0x0000000000001b78       0x9c src/qrinput.c.9.o
                0x0000000000001b78                QRinput_check
 .text.QRinput_List_newEntry
                0x0000000000001c14       0x52 src/qrinput.c.9.o
 *fill*         0x0000000000001c66        0x2 
 .text.QRinput_encodeBitStream
                0x0000000000001c68      0x47c src/qrinput.c.9.o
 .text.QRinput_createBitStream
                0x00000000000020e4       0x2a src/qrinput.c.9.o
 .text.QRinput_append
                0x000000000000210e       0x2a src/qrinput.c.9.o
                0x000000000000210e                QRinput_append
 .text.QRinput_estimateBitStreamSize
                0x0000000000002138       0x22 src/qrinput.c.9.o
                0x0000000000002138                QRinput_estimateBitStreamSize
 .text.QRinput_mergeBitStream
                0x000000000000215a       0xc8 src/qrinput.c.9.o
                0x000000000000215a                QRinput_mergeBitStream
 .text.QRinput_getBitStream
                0x0000000000002222      0x1aa src/qrinput.c.9.o
                0x0000000000002222                QRinput_getBitStream
 .text.QRinput_getByteStream
                0x00000000000023cc       0x1e src/qrinput.c.9.o
                0x00000000000023cc                QRinput_getByteStream
 *fill*         0x00000000000023ea        0x2 
 .text.QRspec_putAlignmentMarker
                0x00000000000023ec       0x34 src/qrspec.c.9.o
 .text.putFinderPattern
                0x0000000000002420       0x30 src/qrspec.c.9.o
 .text.QRspec_getDataLength
                0x0000000000002450       0x24 src/qrspec.c.9.o
                0x0000000000002450                QRspec_getDataLength
 .text.QRspec_getMinimumVersion
                0x0000000000002474       0x2c src/qrspec.c.9.o
                0x0000000000002474                QRspec_getMinimumVersion
 .text.QRspec_getWidth
                0x00000000000024a0       0x10 src/qrspec.c.9.o
                0x00000000000024a0                QRspec_getWidth
 .text.QRspec_getRemainder
                0x00000000000024b0       0x14 src/qrspec.c.9.o
                0x00000000000024b0                QRspec_getRemainder
 .text.QRspec_lengthIndicator
                0x00000000000024c4       0x30 src/qrspec.c.9.o
                0x00000000000024c4                QRspec_lengthIndicator
 .text.QRspec_maximumWords
                0x00000000000024f4       0x40 src/qrspec.c.9.o
                0x00000000000024f4                QRspec_maximumWords
 .text.QRspec_getEccSpec
                0x0000000000002534       0x64 src/qrspec.c.9.o
                0x0000000000002534                QRspec_getEccSpec
 .text.QRspec_getVersionPattern
                0x0000000000002598       0x18 src/qrspec.c.9.o
                0x0000000000002598                QRspec_getVersionPattern
 .text.QRspec_getFormatInfo
                0x00000000000025b0       0x1c src/qrspec.c.9.o
                0x00000000000025b0                QRspec_getFormatInfo
 .text.QRspec_newFrame
                0x00000000000025cc      0x294 src/qrspec.c.9.o
                0x00000000000025cc                QRspec_newFrame
 .text.modnn    0x0000000000002860       0x18 src/rscode.c.9.o
 .text.init_rs  0x0000000000002878      0x1fc src/rscode.c.9.o
                0x0000000000002878                init_rs
 .text.encode_rs_char
                0x0000000000002a74       0xa0 src/rscode.c.9.o
                0x0000000000002a74                encode_rs_char
 .text.app_event_loop
                0x0000000000002b14        0xc /home/gretchen/pebble-dev/PebbleSDK-2.0.1/Pebble/lib/libpebble.a(tmpziGGmipebble.o)
                0x0000000000002b14                app_event_loop
 .text.app_message_open
                0x0000000000002b20        0xc /home/gretchen/pebble-dev/PebbleSDK-2.0.1/Pebble/lib/libpebble.a(tmpziGGmipebble.o)
                0x0000000000002b20                app_message_open
 .text.app_sync_init
                0x0000000000002b2c        0xc /home/gretchen/pebble-dev/PebbleSDK-2.0.1/Pebble/lib/libpebble.a(tmpziGGmipebble.o)
                0x0000000000002b2c                app_sync_init
 .text.free     0x0000000000002b38        0xc /home/gretchen/pebble-dev/PebbleSDK-2.0.1/Pebble/lib/libpebble.a(tmpziGGmipebble.o)
                0x0000000000002b38                free
 .text.graphics_context_set_fill_color
                0x0000000000002b44        0xc /home/gretchen/pebble-dev/PebbleSDK-2.0.1/Pebble/lib/libpebble.a(tmpziGGmipebble.o)
                0x0000000000002b44                graphics_context_set_fill_color
 .text.graphics_fill_rect
                0x0000000000002b50        0xc /home/gretchen/pebble-dev/PebbleSDK-2.0.1/Pebble/lib/libpebble.a(tmpziGGmipebble.o)
                0x0000000000002b50                graphics_fill_rect
 .text.layer_add_child
                0x0000000000002b5c        0xc /home/gretchen/pebble-dev/PebbleSDK-2.0.1/Pebble/lib/libpebble.a(tmpziGGmipebble.o)
                0x0000000000002b5c                layer_add_child
 .text.layer_destroy
                0x0000000000002b68        0xc /home/gretchen/pebble-dev/PebbleSDK-2.0.1/Pebble/lib/libpebble.a(tmpziGGmipebble.o)
                0x0000000000002b68                layer_destroy
 .text.layer_get_bounds
                0x0000000000002b74        0xc /home/gretchen/pebble-dev/PebbleSDK-2.0.1/Pebble/lib/libpebble.a(tmpziGGmipebble.o)
                0x0000000000002b74                layer_get_bounds
 .text.layer_set_update_proc
                0x0000000000002b80        0xc /home/gretchen/pebble-dev/PebbleSDK-2.0.1/Pebble/lib/libpebble.a(tmpziGGmipebble.o)
                0x0000000000002b80                layer_set_update_proc
 .text.malloc   0x0000000000002b8c        0xc /home/gretchen/pebble-dev/PebbleSDK-2.0.1/Pebble/lib/libpebble.a(tmpziGGmipebble.o)
                0x0000000000002b8c                malloc
 .text.memcpy   0x0000000000002b98        0xc /home/gretchen/pebble-dev/PebbleSDK-2.0.1/Pebble/lib/libpebble.a(tmpziGGmipebble.o)
                0x0000000000002b98                memcpy
 .text.memmove  0x0000000000002ba4        0xc /home/gretchen/pebble-dev/PebbleSDK-2.0.1/Pebble/lib/libpebble.a(tmpziGGmipebble.o)
                0x0000000000002ba4                memmove
 .text.memset   0x0000000000002bb0        0xc /home/gretchen/pebble-dev/PebbleSDK-2.0.1/Pebble/lib/libpebble.a(tmpziGGmipebble.o)
                0x0000000000002bb0                memset
 .text.persist_write_string
                0x0000000000002bbc        0xc /home/gretchen/pebble-dev/PebbleSDK-2.0.1/Pebble/lib/libpebble.a(tmpziGGmipebble.o)
                0x0000000000002bbc                persist_write_string
 .text.snprintf
                0x0000000000002bc8        0xc /home/gretchen/pebble-dev/PebbleSDK-2.0.1/Pebble/lib/libpebble.a(tmpziGGmipebble.o)
                0x0000000000002bc8                snprintf
 .text.strlen   0x0000000000002bd4        0xc /home/gretchen/pebble-dev/PebbleSDK-2.0.1/Pebble/lib/libpebble.a(tmpziGGmipebble.o)
                0x0000000000002bd4                strlen
 .text.text_layer_create
                0x0000000000002be0        0xc /home/gretchen/pebble-dev/PebbleSDK-2.0.1/Pebble/lib/libpebble.a(tmpziGGmipebble.o)
                0x0000000000002be0                text_layer_create
 .text.text_layer_destroy
                0x0000000000002bec        0xc /home/gretchen/pebble-dev/PebbleSDK-2.0.1/Pebble/lib/libpebble.a(tmpziGGmipebble.o)
                0x0000000000002bec                text_layer_destroy
 .text.text_layer_get_layer
                0x0000000000002bf8        0xc /home/gretchen/pebble-dev/PebbleSDK-2.0.1/Pebble/lib/libpebble.a(tmpziGGmipebble.o)
                0x0000000000002bf8                text_layer_get_layer
 .text.text_layer_set_text
                0x0000000000002c04        0xc /home/gretchen/pebble-dev/PebbleSDK-2.0.1/Pebble/lib/libpebble.a(tmpziGGmipebble.o)
                0x0000000000002c04                text_layer_set_text
 .text.text_layer_set_text_alignment
                0x0000000000002c10        0xc /home/gretchen/pebble-dev/PebbleSDK-2.0.1/Pebble/lib/libpebble.a(tmpziGGmipebble.o)
                0x0000000000002c10                text_layer_set_text_alignment
 .text.window_create
                0x0000000000002c1c        0xc /home/gretchen/pebble-dev/PebbleSDK-2.0.1/Pebble/lib/libpebble.a(tmpziGGmipebble.o)
                0x0000000000002c1c                window_create
 .text.window_destroy
                0x0000000000002c28        0xc /home/gretchen/pebble-dev/PebbleSDK-2.0.1/Pebble/lib/libpebble.a(tmpziGGmipebble.o)
                0x0000000000002c28                window_destroy
 .text.window_get_root_layer
                0x0000000000002c34        0xc /home/gretchen/pebble-dev/PebbleSDK-2.0.1/Pebble/lib/libpebble.a(tmpziGGmipebble.o)
                0x0000000000002c34                window_get_root_layer
 .text.window_set_click_config_provider
                0x0000000000002c40        0xc /home/gretchen/pebble-dev/PebbleSDK-2.0.1/Pebble/lib/libpebble.a(tmpziGGmipebble.o)
                0x0000000000002c40                window_set_click_config_provider
 .text.window_set_window_handlers
                0x0000000000002c4c        0xc /home/gretchen/pebble-dev/PebbleSDK-2.0.1/Pebble/lib/libpebble.a(tmpziGGmipebble.o)
                0x0000000000002c4c                window_set_window_handlers
 .text.window_stack_push
                0x0000000000002c58        0xc /home/gretchen/pebble-dev/PebbleSDK-2.0.1/Pebble/lib/libpebble.a(tmpziGGmipebble.o)
                0x0000000000002c58                window_stack_push
 .text.window_single_click_subscribe
                0x0000000000002c64        0xc /home/gretchen/pebble-dev/PebbleSDK-2.0.1/Pebble/lib/libpebble.a(tmpziGGmipebble.o)
                0x0000000000002c64                window_single_click_subscribe
 .text.persist_read_string
                0x0000000000002c70        0xc /home/gretchen/pebble-dev/PebbleSDK-2.0.1/Pebble/lib/libpebble.a(tmpziGGmipebble.o)
                0x0000000000002c70                persist_read_string
 .text.calloc   0x0000000000002c7c        0xc /home/gretchen/pebble-dev/PebbleSDK-2.0.1/Pebble/lib/libpebble.a(tmpziGGmipebble.o)
                0x0000000000002c7c                calloc
 .text.__errno  0x0000000000002c88        0xc /home/gretchen/pebble-dev/PebbleSDK-2.0.1/arm-cs-tools/bin/../lib/gcc/arm-none-eabi/4.7.2/../../../../arm-none-eabi/lib/thumb2/libc.a(lib_a-errno.o)
                0x0000000000002c88                __errno
 *(.rodata)
 *(.rodata*)
 .rodata.str1.1
                0x0000000000002c94        0x3 src/PebbleQRShare.c.9.o
 *fill*         0x0000000000002c97        0x1 
 .rodata.formatInfo
                0x0000000000002c98       0x80 src/mqrspec.c.9.o
 .rodata.typeTable
                0x0000000000002d18       0x3c src/mqrspec.c.9.o
 .rodata.lengthTableBits
                0x0000000000002d54       0x40 src/mqrspec.c.9.o
 .rodata.finder.5212
                0x0000000000002d94       0x31 src/mqrspec.c.9.o
 *fill*         0x0000000000002dc5        0x3 
 .rodata.mqrspecCapacity
                0x0000000000002dc8       0x64 src/mqrspec.c.9.o
 .rodata.QRinput_anTable
                0x0000000000002e2c       0x80 src/qrinput.c.9.o
                0x0000000000002e2c                QRinput_anTable
 .rodata.formatInfo
                0x0000000000002eac       0x80 src/qrspec.c.9.o
 .rodata.eccTable
                0x0000000000002f2c      0x520 src/qrspec.c.9.o
 .rodata.qrspecCapacity
                0x000000000000344c      0x47c src/qrspec.c.9.o
 .rodata.versionPattern
                0x00000000000038c8       0x88 src/qrspec.c.9.o
 .rodata.lengthTableBits
                0x0000000000003950       0x30 src/qrspec.c.9.o
 .rodata.finder.5282
                0x0000000000003980       0x19 src/qrspec.c.9.o
 .rodata.finder.5328
                0x0000000000003999       0x31 src/qrspec.c.9.o
 *fill*         0x00000000000039ca        0x2 
 .rodata.alignmentPattern
                0x00000000000039cc      0x148 src/qrspec.c.9.o
 .rodata.str1.1
                0x0000000000003b14        0x2 /home/gretchen/pebble-dev/PebbleSDK-2.0.1/arm-cs-tools/bin/../lib/gcc/arm-none-eabi/4.7.2/../../../../arm-none-eabi/lib/thumb2/libc.a(lib_a-impure.o)

.glue_7         0x0000000000003b18        0x0
 .glue_7        0x0000000000000000        0x0 linker stubs

.glue_7t        0x0000000000003b18        0x0
 .glue_7t       0x0000000000000000        0x0 linker stubs

.vfp11_veneer   0x0000000000003b18        0x0
 .vfp11_veneer  0x0000000000000000        0x0 linker stubs

.v4_bx          0x0000000000003b18        0x0
 .v4_bx         0x0000000000000000        0x0 linker stubs

.iplt           0x0000000000003b18        0x0
 .iplt          0x0000000000000000        0x0 /home/gretchen/pebble-dev/PebbleSDK-2.0.1/arm-cs-tools/bin/../lib/gcc/arm-none-eabi/4.7.2/thumb2/crtbegin.o

.rel.dyn        0x0000000000003b18        0x0
 .rel.iplt      0x0000000000000000        0x0 /home/gretchen/pebble-dev/PebbleSDK-2.0.1/arm-cs-tools/bin/../lib/gcc/arm-none-eabi/4.7.2/thumb2/crtbegin.o
 .rel.got       0x0000000000000000        0x0 /home/gretchen/pebble-dev/PebbleSDK-2.0.1/arm-cs-tools/bin/../lib/gcc/arm-none-eabi/4.7.2/thumb2/crtbegin.o

.data           0x0000000000003b18      0x2a4
 *(.data)
 .data          0x0000000000003b18        0x0 /home/gretchen/pebble-dev/PebbleSDK-2.0.1/arm-cs-tools/bin/../lib/gcc/arm-none-eabi/4.7.2/thumb2/crti.o
 .data          0x0000000000003b18        0x4 /home/gretchen/pebble-dev/PebbleSDK-2.0.1/arm-cs-tools/bin/../lib/gcc/arm-none-eabi/4.7.2/thumb2/crtbegin.o
                0x0000000000003b18                __dso_handle
 .data          0x0000000000003b1c        0x0 src/PebbleQRShare.c.9.o
 .data          0x0000000000003b1c        0x0 src/bitstream.c.9.o
 .data          0x0000000000003b1c        0x0 src/mask.c.9.o
 .data          0x0000000000003b1c        0x0 src/mmask.c.9.o
 .data          0x0000000000003b1c        0x0 src/mqrspec.c.9.o
 .data          0x0000000000003b1c        0x0 src/qrencode.c.9.o
 .data          0x0000000000003b1c        0x0 src/qrinput.c.9.o
 .data          0x0000000000003b1c        0x0 src/qrspec.c.9.o
 .data          0x0000000000003b1c        0x0 src/rscode.c.9.o
 .data          0x0000000000003b1c        0x0 src/split.c.9.o
 .data          0x0000000000003b1c        0x0 appinfo.auto.c.9.o
 .data          0x0000000000003b1c        0x0 /home/gretchen/pebble-dev/PebbleSDK-2.0.1/Pebble/lib/libpebble.a(tmpziGGmipebble.o)
 .data          0x0000000000003b1c        0x0 /home/gretchen/pebble-dev/PebbleSDK-2.0.1/arm-cs-tools/bin/../lib/gcc/arm-none-eabi/4.7.2/../../../../arm-none-eabi/lib/thumb2/libc.a(lib_a-errno.o)
 .data          0x0000000000003b1c        0x0 /home/gretchen/pebble-dev/PebbleSDK-2.0.1/arm-cs-tools/bin/../lib/gcc/arm-none-eabi/4.7.2/../../../../arm-none-eabi/lib/thumb2/libc.a(lib_a-impure.o)
 .data          0x0000000000003b1c        0x0 /home/gretchen/pebble-dev/PebbleSDK-2.0.1/arm-cs-tools/bin/../lib/gcc/arm-none-eabi/4.7.2/thumb2/crtend.o
 .data          0x0000000000003b1c        0x0 /home/gretchen/pebble-dev/PebbleSDK-2.0.1/arm-cs-tools/bin/../lib/gcc/arm-none-eabi/4.7.2/thumb2/crtn.o
 *(.data.*)
 .data.QRDesc1  0x0000000000003b1c       0x10 src/PebbleQRShare.c.9.o
                0x0000000000003b1c                QRDesc1
 .data.QRDesc3  0x0000000000003b2c       0x10 src/PebbleQRShare.c.9.o
                0x0000000000003b2c                QRDesc3
 .data.QRDesc4  0x0000000000003b3c       0x10 src/PebbleQRShare.c.9.o
                0x0000000000003b3c                QRDesc4
 .data.QRContent1
                0x0000000000003b4c       0x4f src/PebbleQRShare.c.9.o
                0x0000000000003b4c                QRContent1
 .data.QRContent2
                0x0000000000003b9b       0x4f src/PebbleQRShare.c.9.o
                0x0000000000003b9b                QRContent2
 .data.QRContent3
                0x0000000000003bea       0x4f src/PebbleQRShare.c.9.o
                0x0000000000003bea                QRContent3
 .data.QRContent4
                0x0000000000003c39       0x4f src/PebbleQRShare.c.9.o
                0x0000000000003c39                QRContent4
 .data.QRDesc2  0x0000000000003c88       0x10 src/PebbleQRShare.c.9.o
                0x0000000000003c88                QRDesc2
 .data.rel.ro.local.maskMakers
                0x0000000000003c98       0x20 src/mask.c.9.o
 .data.rel.ro.local.maskMakers
                0x0000000000003cb8       0x10 src/mmask.c.9.o
 .data.impure_data
                0x0000000000003cc8       0xf0 /home/gretchen/pebble-dev/PebbleSDK-2.0.1/arm-cs-tools/bin/../lib/gcc/arm-none-eabi/4.7.2/../../../../arm-none-eabi/lib/thumb2/libc.a(lib_a-impure.o)
 .data._impure_ptr
                0x0000000000003db8        0x4 /home/gretchen/pebble-dev/PebbleSDK-2.0.1/arm-cs-tools/bin/../lib/gcc/arm-none-eabi/4.7.2/../../../../arm-none-eabi/lib/thumb2/libc.a(lib_a-impure.o)
                0x0000000000003db8                _impure_ptr

.igot.plt       0x0000000000003dbc        0x0
 .igot.plt      0x0000000000000000        0x0 /home/gretchen/pebble-dev/PebbleSDK-2.0.1/arm-cs-tools/bin/../lib/gcc/arm-none-eabi/4.7.2/thumb2/crtbegin.o

.got            0x0000000000003dbc        0x8
 .got           0x0000000000003dbc        0x8 /home/gretchen/pebble-dev/PebbleSDK-2.0.1/arm-cs-tools/bin/../lib/gcc/arm-none-eabi/4.7.2/thumb2/crtbegin.o

.got.plt        0x0000000000003dc4        0xc
 .got.plt       0x0000000000003dc4        0xc /home/gretchen/pebble-dev/PebbleSDK-2.0.1/arm-cs-tools/bin/../lib/gcc/arm-none-eabi/4.7.2/thumb2/crtbegin.o
                0x0000000000003dc4                _GLOBAL_OFFSET_TABLE_

.bss            0x0000000000003dd0      0x2b0
 *(.bss)
 *(.bss.*)
 .bss.window_layer
                0x0000000000003dd0        0x4 src/PebbleQRShare.c.9.o
                0x0000000000003dd0                window_layer
 .bss.index     0x0000000000003dd4        0x4 src/PebbleQRShare.c.9.o
                0x0000000000003dd4                index
 .bss.text_layer
                0x0000000000003dd8        0x4 src/PebbleQRShare.c.9.o
 .bss.sync      0x0000000000003ddc       0x20 src/PebbleQRShare.c.9.o
 .bss.sync_buffer
                0x0000000000003dfc      0x1b6 src/PebbleQRShare.c.9.o
 *fill*         0x0000000000003fb2        0x2 
 .bss.window    0x0000000000003fb4        0x4 src/PebbleQRShare.c.9.o
 .bss.frames    0x0000000000003fb8       0x14 src/mqrspec.c.9.o
 .bss.frames    0x0000000000003fcc       0xa4 src/qrspec.c.9.o
 .bss.rslist    0x0000000000004070        0x4 src/rscode.c.9.o
 COMMON         0x0000000000004074        0xc src/PebbleQRShare.c.9.o
                0x0000000000004074                bounds
                0x000000000000407c                code

DISCARD
 libc.a(*)
 libm.a(*)
 libgcc.a(*)
 *(.eh_frame)
OUTPUT(/home/gretchen/Dropbox/Projects/QRShare/build/pebble-app.elf elf32-littlearm)

.ARM.attributes
                0x0000000000000000       0x27
 .ARM.attributes
                0x0000000000000000       0x19 /home/gretchen/pebble-dev/PebbleSDK-2.0.1/arm-cs-tools/bin/../lib/gcc/arm-none-eabi/4.7.2/thumb2/crti.o
 .ARM.attributes
                0x0000000000000019       0x29 /home/gretchen/pebble-dev/PebbleSDK-2.0.1/arm-cs-tools/bin/../lib/gcc/arm-none-eabi/4.7.2/thumb2/crtbegin.o
 .ARM.attributes
                0x0000000000000042       0x33 src/PebbleQRShare.c.9.o
 .ARM.attributes
                0x0000000000000075       0x33 src/bitstream.c.9.o
 .ARM.attributes
                0x00000000000000a8       0x33 src/mask.c.9.o
 .ARM.attributes
                0x00000000000000db       0x33 src/mmask.c.9.o
 .ARM.attributes
                0x000000000000010e       0x33 src/mqrspec.c.9.o
 .ARM.attributes
                0x0000000000000141       0x33 src/qrencode.c.9.o
 .ARM.attributes
                0x0000000000000174       0x33 src/qrinput.c.9.o
 .ARM.attributes
                0x00000000000001a7       0x33 src/qrspec.c.9.o
 .ARM.attributes
                0x00000000000001da       0x33 src/rscode.c.9.o
 .ARM.attributes
                0x000000000000020d       0x33 src/split.c.9.o
 .ARM.attributes
                0x0000000000000240       0x33 appinfo.auto.c.9.o
 .ARM.attributes
                0x0000000000000273       0x21 /home/gretchen/pebble-dev/PebbleSDK-2.0.1/Pebble/lib/libpebble.a(tmpziGGmipebble.o)
 .ARM.attributes
                0x0000000000000294       0x29 /home/gretchen/pebble-dev/PebbleSDK-2.0.1/arm-cs-tools/bin/../lib/gcc/arm-none-eabi/4.7.2/../../../../arm-none-eabi/lib/thumb2/libc.a(lib_a-errno.o)
 .ARM.attributes
                0x00000000000002bd       0x29 /home/gretchen/pebble-dev/PebbleSDK-2.0.1/arm-cs-tools/bin/../lib/gcc/arm-none-eabi/4.7.2/../../../../arm-none-eabi/lib/thumb2/libc.a(lib_a-impure.o)
 .ARM.attributes
                0x00000000000002e6       0x29 /home/gretchen/pebble-dev/PebbleSDK-2.0.1/arm-cs-tools/bin/../lib/gcc/arm-none-eabi/4.7.2/thumb2/crtend.o
 .ARM.attributes
                0x000000000000030f       0x19 /home/gretchen/pebble-dev/PebbleSDK-2.0.1/arm-cs-tools/bin/../lib/gcc/arm-none-eabi/4.7.2/thumb2/crtn.o

.comment        0x0000000000000000       0x4e
 .comment       0x0000000000000000       0x4e /home/gretchen/pebble-dev/PebbleSDK-2.0.1/arm-cs-tools/bin/../lib/gcc/arm-none-eabi/4.7.2/thumb2/crtbegin.o
                                         0x4f (size before relaxing)
 .comment       0x0000000000000000       0x4f src/PebbleQRShare.c.9.o
 .comment       0x0000000000000000       0x4f src/bitstream.c.9.o
 .comment       0x0000000000000000       0x4f src/mask.c.9.o
 .comment       0x0000000000000000       0x4f src/mmask.c.9.o
 .comment       0x0000000000000000       0x4f src/mqrspec.c.9.o
 .comment       0x0000000000000000       0x4f src/qrencode.c.9.o
 .comment       0x0000000000000000       0x4f src/qrinput.c.9.o
 .comment       0x0000000000000000       0x4f src/qrspec.c.9.o
 .comment       0x0000000000000000       0x4f src/rscode.c.9.o
 .comment       0x0000000000000000       0x4f src/split.c.9.o
 .comment       0x0000000000000000       0x4f appinfo.auto.c.9.o
 .comment       0x0000000000000000       0x4f /home/gretchen/pebble-dev/PebbleSDK-2.0.1/arm-cs-tools/bin/../lib/gcc/arm-none-eabi/4.7.2/../../../../arm-none-eabi/lib/thumb2/libc.a(lib_a-errno.o)
 .comment       0x0000000000000000       0x4f /home/gretchen/pebble-dev/PebbleSDK-2.0.1/arm-cs-tools/bin/../lib/gcc/arm-none-eabi/4.7.2/../../../../arm-none-eabi/lib/thumb2/libc.a(lib_a-impure.o)
 .comment       0x0000000000000000       0x4f /home/gretchen/pebble-dev/PebbleSDK-2.0.1/arm-cs-tools/bin/../lib/gcc/arm-none-eabi/4.7.2/thumb2/crtend.o

.debug_info     0x0000000000000000     0xb780
 .debug_info    0x0000000000000000     0x1629 src/PebbleQRShare.c.9.o
 .debug_info    0x0000000000001629      0x620 src/bitstream.c.9.o
 .debug_info    0x0000000000001c49      0xa77 src/mask.c.9.o
 .debug_info    0x00000000000026c0      0x685 src/mmask.c.9.o
 .debug_info    0x0000000000002d45      0x78e src/mqrspec.c.9.o
 .debug_info    0x00000000000034d3     0x2332 src/qrencode.c.9.o
 .debug_info    0x0000000000005805     0x2ba0 src/qrinput.c.9.o
 .debug_info    0x00000000000083a5      0xc21 src/qrspec.c.9.o
 .debug_info    0x0000000000008fc6      0x602 src/rscode.c.9.o
 .debug_info    0x00000000000095c8      0xc44 src/split.c.9.o
 .debug_info    0x000000000000a20c      0x32e appinfo.auto.c.9.o
 .debug_info    0x000000000000a53a      0x8cd /home/gretchen/pebble-dev/PebbleSDK-2.0.1/arm-cs-tools/bin/../lib/gcc/arm-none-eabi/4.7.2/../../../../arm-none-eabi/lib/thumb2/libc.a(lib_a-errno.o)
 .debug_info    0x000000000000ae07      0x979 /home/gretchen/pebble-dev/PebbleSDK-2.0.1/arm-cs-tools/bin/../lib/gcc/arm-none-eabi/4.7.2/../../../../arm-none-eabi/lib/thumb2/libc.a(lib_a-impure.o)

.debug_abbrev   0x0000000000000000     0x2238
 .debug_abbrev  0x0000000000000000      0x3e8 src/PebbleQRShare.c.9.o
 .debug_abbrev  0x00000000000003e8      0x206 src/bitstream.c.9.o
 .debug_abbrev  0x00000000000005ee      0x220 src/mask.c.9.o
 .debug_abbrev  0x000000000000080e      0x1a6 src/mmask.c.9.o
 .debug_abbrev  0x00000000000009b4      0x24e src/mqrspec.c.9.o
 .debug_abbrev  0x0000000000000c02      0x4fa src/qrencode.c.9.o
 .debug_abbrev  0x00000000000010fc      0x4ba src/qrinput.c.9.o
 .debug_abbrev  0x00000000000015b6      0x365 src/qrspec.c.9.o
 .debug_abbrev  0x000000000000191b      0x2ad src/rscode.c.9.o
 .debug_abbrev  0x0000000000001bc8      0x32d src/split.c.9.o
 .debug_abbrev  0x0000000000001ef5       0xab appinfo.auto.c.9.o
 .debug_abbrev  0x0000000000001fa0      0x14c /home/gretchen/pebble-dev/PebbleSDK-2.0.1/arm-cs-tools/bin/../lib/gcc/arm-none-eabi/4.7.2/../../../../arm-none-eabi/lib/thumb2/libc.a(lib_a-errno.o)
 .debug_abbrev  0x00000000000020ec      0x14c /home/gretchen/pebble-dev/PebbleSDK-2.0.1/arm-cs-tools/bin/../lib/gcc/arm-none-eabi/4.7.2/../../../../arm-none-eabi/lib/thumb2/libc.a(lib_a-impure.o)

.debug_loc      0x0000000000000000     0x8827
 .debug_loc     0x0000000000000000      0x565 src/PebbleQRShare.c.9.o
 .debug_loc     0x0000000000000565      0x615 src/bitstream.c.9.o
 .debug_loc     0x0000000000000b7a     0x106d src/mask.c.9.o
 .debug_loc     0x0000000000001be7      0x779 src/mmask.c.9.o
 .debug_loc     0x0000000000002360      0x558 src/mqrspec.c.9.o
 .debug_loc     0x00000000000028b8     0x1dc2 src/qrencode.c.9.o
 .debug_loc     0x000000000000467a     0x29a5 src/qrinput.c.9.o
 .debug_loc     0x000000000000701f      0x9c8 src/qrspec.c.9.o
 .debug_loc     0x00000000000079e7      0x4ca src/rscode.c.9.o
 .debug_loc     0x0000000000007eb1      0x976 src/split.c.9.o

.debug_aranges  0x0000000000000000      0x5e0
 .debug_aranges
                0x0000000000000000       0x88 src/PebbleQRShare.c.9.o
 .debug_aranges
                0x0000000000000088       0x50 src/bitstream.c.9.o
 .debug_aranges
                0x00000000000000d8       0x90 src/mask.c.9.o
 .debug_aranges
                0x0000000000000168       0x58 src/mmask.c.9.o
 .debug_aranges
                0x00000000000001c0       0x60 src/mqrspec.c.9.o
 .debug_aranges
                0x0000000000000220      0x108 src/qrencode.c.9.o
 .debug_aranges
                0x0000000000000328      0x158 src/qrinput.c.9.o
 .debug_aranges
                0x0000000000000480       0x88 src/qrspec.c.9.o
 .debug_aranges
                0x0000000000000508       0x40 src/rscode.c.9.o
 .debug_aranges
                0x0000000000000548       0x48 src/split.c.9.o
 .debug_aranges
                0x0000000000000590       0x18 appinfo.auto.c.9.o
 .debug_aranges
                0x00000000000005a8       0x20 /home/gretchen/pebble-dev/PebbleSDK-2.0.1/arm-cs-tools/bin/../lib/gcc/arm-none-eabi/4.7.2/../../../../arm-none-eabi/lib/thumb2/libc.a(lib_a-errno.o)
 .debug_aranges
                0x00000000000005c8       0x18 /home/gretchen/pebble-dev/PebbleSDK-2.0.1/arm-cs-tools/bin/../lib/gcc/arm-none-eabi/4.7.2/../../../../arm-none-eabi/lib/thumb2/libc.a(lib_a-impure.o)

.debug_ranges   0x0000000000000000      0xa08
 .debug_ranges  0x0000000000000000      0x110 src/PebbleQRShare.c.9.o
 .debug_ranges  0x0000000000000110       0x40 src/bitstream.c.9.o
 .debug_ranges  0x0000000000000150       0x80 src/mask.c.9.o
 .debug_ranges  0x00000000000001d0       0x48 src/mmask.c.9.o
 .debug_ranges  0x0000000000000218       0xd8 src/mqrspec.c.9.o
 .debug_ranges  0x00000000000002f0      0x1b8 src/qrencode.c.9.o
 .debug_ranges  0x00000000000004a8      0x360 src/qrinput.c.9.o
 .debug_ranges  0x0000000000000808      0x118 src/qrspec.c.9.o
 .debug_ranges  0x0000000000000920       0x30 src/rscode.c.9.o
 .debug_ranges  0x0000000000000950       0xa8 src/split.c.9.o
 .debug_ranges  0x00000000000009f8       0x10 /home/gretchen/pebble-dev/PebbleSDK-2.0.1/arm-cs-tools/bin/../lib/gcc/arm-none-eabi/4.7.2/../../../../arm-none-eabi/lib/thumb2/libc.a(lib_a-errno.o)

.debug_line     0x0000000000000000     0x2e05
 .debug_line    0x0000000000000000      0x3c3 src/PebbleQRShare.c.9.o
 .debug_line    0x00000000000003c3      0x279 src/bitstream.c.9.o
 .debug_line    0x000000000000063c      0x56a src/mask.c.9.o
 .debug_line    0x0000000000000ba6      0x384 src/mmask.c.9.o
 .debug_line    0x0000000000000f2a      0x25b src/mqrspec.c.9.o
 .debug_line    0x0000000000001185      0x6e8 src/qrencode.c.9.o
 .debug_line    0x000000000000186d      0x8de src/qrinput.c.9.o
 .debug_line    0x000000000000214b      0x371 src/qrspec.c.9.o
 .debug_line    0x00000000000024bc      0x24f src/rscode.c.9.o
 .debug_line    0x000000000000270b      0x39a src/split.c.9.o
 .debug_line    0x0000000000002aa5      0x120 appinfo.auto.c.9.o
 .debug_line    0x0000000000002bc5      0x12d /home/gretchen/pebble-dev/PebbleSDK-2.0.1/arm-cs-tools/bin/../lib/gcc/arm-none-eabi/4.7.2/../../../../arm-none-eabi/lib/thumb2/libc.a(lib_a-errno.o)
 .debug_line    0x0000000000002cf2      0x113 /home/gretchen/pebble-dev/PebbleSDK-2.0.1/arm-cs-tools/bin/../lib/gcc/arm-none-eabi/4.7.2/../../../../arm-none-eabi/lib/thumb2/libc.a(lib_a-impure.o)

.debug_str      0x0000000000000000     0x2195
 .debug_str     0x0000000000000000      0xa53 src/PebbleQRShare.c.9.o
                                        0xb4d (size before relaxing)
 .debug_str     0x0000000000000a53       0xd1 src/bitstream.c.9.o
                                        0x1d4 (size before relaxing)
 .debug_str     0x0000000000000b24      0x108 src/mask.c.9.o
                                        0x29a (size before relaxing)
 .debug_str     0x0000000000000c2c       0x9b src/mmask.c.9.o
                                        0x237 (size before relaxing)
 .debug_str     0x0000000000000cc7      0x1af src/mqrspec.c.9.o
                                        0x330 (size before relaxing)
 .debug_str     0x0000000000000e76      0x4bc src/qrencode.c.9.o
                                        0x866 (size before relaxing)
 .debug_str     0x0000000000001332      0x61d src/qrinput.c.9.o
                                        0xa3c (size before relaxing)
 .debug_str     0x000000000000194f       0x99 src/qrspec.c.9.o
                                        0x3ec (size before relaxing)
 .debug_str     0x00000000000019e8       0x8f src/rscode.c.9.o
                                        0x1bc (size before relaxing)
 .debug_str     0x0000000000001a77       0x8f src/split.c.9.o
                                        0x38b (size before relaxing)
 .debug_str     0x0000000000001b06      0x194 appinfo.auto.c.9.o
                                        0x2af (size before relaxing)
 .debug_str     0x0000000000001c9a      0x406 /home/gretchen/pebble-dev/PebbleSDK-2.0.1/arm-cs-tools/bin/../lib/gcc/arm-none-eabi/4.7.2/../../../../arm-none-eabi/lib/thumb2/libc.a(lib_a-errno.o)
                                        0x4ef (size before relaxing)
 .debug_str     0x00000000000020a0       0xf5 /home/gretchen/pebble-dev/PebbleSDK-2.0.1/arm-cs-tools/bin/../lib/gcc/arm-none-eabi/4.7.2/../../../../arm-none-eabi/lib/thumb2/libc.a(lib_a-impure.o)
                                        0x546 (size before relaxing)

.debug_frame    0x0000000000000000     0x10ac
 .debug_frame   0x0000000000000000      0x164 src/PebbleQRShare.c.9.o
 .debug_frame   0x0000000000000164       0xe0 src/bitstream.c.9.o
 .debug_frame   0x0000000000000244      0x21c src/mask.c.9.o
 .debug_frame   0x0000000000000460      0x120 src/mmask.c.9.o
 .debug_frame   0x0000000000000580       0xcc src/mqrspec.c.9.o
 .debug_frame   0x000000000000064c      0x354 src/qrencode.c.9.o
 .debug_frame   0x00000000000009a0      0x408 src/qrinput.c.9.o
 .debug_frame   0x0000000000000da8      0x164 src/qrspec.c.9.o
 .debug_frame   0x0000000000000f0c       0xa4 src/rscode.c.9.o
 .debug_frame   0x0000000000000fb0       0xdc src/split.c.9.o
 .debug_frame   0x000000000000108c       0x20 /home/gretchen/pebble-dev/PebbleSDK-2.0.1/arm-cs-tools/bin/../lib/gcc/arm-none-eabi/4.7.2/../../../../arm-none-eabi/lib/thumb2/libc.a(lib_a-errno.o)
